Archive member included because of file (symbol)

C:/CodeWarrior/CW MCU v10.6/MCU/ARM_GCC_Support/ewl/lib/armv6-m\libc.a(sprintf.o)
                              ./Sources/user_interface.o (sprintf)
C:/CodeWarrior/CW MCU v10.6/MCU/ARM_GCC_Support/ewl/lib/armv6-m\libc.a(vsnprintf.o)
                              C:/CodeWarrior/CW MCU v10.6/MCU/ARM_GCC_Support/ewl/lib/armv6-m\libc.a(sprintf.o) (vsnprintf)
C:/CodeWarrior/CW MCU v10.6/MCU/ARM_GCC_Support/ewl/lib/armv6-m\libc.a(atoi.o)
                              ./Sources/uart_functions.o (atoi)
C:/CodeWarrior/CW MCU v10.6/MCU/ARM_GCC_Support/ewl/lib/armv6-m\libc.a(exit.o)
                              ./Project_Settings/Startup_Code/__arm_start.o (exit)
C:/CodeWarrior/CW MCU v10.6/MCU/ARM_GCC_Support/ewl/lib/armv6-m\libc.a(memcpy.o)
                              ./Sources/uart_functions.o (memcpy)
C:/CodeWarrior/CW MCU v10.6/MCU/ARM_GCC_Support/ewl/lib/armv6-m\libc.a(memset.o)
                              ./Project_Settings/Startup_Code/__arm_start.o (memset)
C:/CodeWarrior/CW MCU v10.6/MCU/ARM_GCC_Support/ewl/lib/armv6-m\libc.a(strcat.o)
                              ./Sources/user_interface.o (strcat)
C:/CodeWarrior/CW MCU v10.6/MCU/ARM_GCC_Support/ewl/lib/armv6-m\libc.a(strcpy.o)
                              ./Sources/uart_functions.o (strcpy)
C:/CodeWarrior/CW MCU v10.6/MCU/ARM_GCC_Support/ewl/lib/armv6-m\libc.a(strlen.o)
                              ./Sources/user_interface.o (strlen)
C:/CodeWarrior/CW MCU v10.6/MCU/ARM_GCC_Support/ewl/lib/armv6-m\libc.a(printformat_.o)
                              (__pformatter_)
C:/CodeWarrior/CW MCU v10.6/MCU/ARM_GCC_Support/ewl/lib/armv6-m\libc.a(scanformat_.o)
                              (__sformatter)
C:/CodeWarrior/CW MCU v10.6/MCU/ARM_GCC_Support/ewl/lib/armv6-m\libc.a(ctype_aeabi.o)
                              C:/CodeWarrior/CW MCU v10.6/MCU/ARM_GCC_Support/ewl/lib/armv6-m\libc.a(scanformat_.o) (isspace)
C:/CodeWarrior/CW MCU v10.6/MCU/ARM_GCC_Support/ewl/lib/armv6-m\libc.a(errno.o)
                              C:/CodeWarrior/CW MCU v10.6/MCU/ARM_GCC_Support/ewl/lib/armv6-m\libc.a(atoi.o) (errno)
C:/CodeWarrior/CW MCU v10.6/MCU/ARM_GCC_Support/ewl/lib/armv6-m\libc.a(vsscanf.o)
                              C:/CodeWarrior/CW MCU v10.6/MCU/ARM_GCC_Support/ewl/lib/armv6-m\libc.a(atoi.o) (__StringRead)
C:/CodeWarrior/CW MCU v10.6/MCU/ARM_GCC_Support/ewl/lib/armv6-m\libc.a(__strtoul.o)
                              C:/CodeWarrior/CW MCU v10.6/MCU/ARM_GCC_Support/ewl/lib/armv6-m\libc.a(atoi.o) (__strtoul)
C:/CodeWarrior/CW MCU v10.6/MCU/ARM_GCC_Support/ewl/lib/armv6-m\libc.a(__filll_mem.o)
                              C:/CodeWarrior/CW MCU v10.6/MCU/ARM_GCC_Support/ewl/lib/armv6-m\libc.a(memset.o) (__fill_mem)
C:/CodeWarrior/CW MCU v10.6/MCU/ARM_GCC_Support/ewl/lib/armv6-m\libc.a(memchr.o)
                              C:/CodeWarrior/CW MCU v10.6/MCU/ARM_GCC_Support/ewl/lib/armv6-m\libc.a(printformat_.o) (memchr)
C:/CodeWarrior/CW MCU v10.6/MCU/ARM_GCC_Support/ewl/lib/armv6-m\libc.a(strchr.o)
                              C:/CodeWarrior/CW MCU v10.6/MCU/ARM_GCC_Support/ewl/lib/armv6-m\libc.a(printformat_.o) (strchr)
C:/CodeWarrior/CW MCU v10.6/MCU/ARM_GCC_Support/ewl/lib/armv6-m\libm.a(w_pow.o)
                              ./Sources/convertToAscii.o (pow)
C:/CodeWarrior/CW MCU v10.6/MCU/ARM_GCC_Support/ewl/lib/armv6-m\libm.a(e_pow.o)
                              C:/CodeWarrior/CW MCU v10.6/MCU/ARM_GCC_Support/ewl/lib/armv6-m\libm.a(w_pow.o) (__ieee754_pow)
C:/CodeWarrior/CW MCU v10.6/MCU/ARM_GCC_Support/ewl/lib/armv6-m\libm.a(float.o)
                              C:/CodeWarrior/CW MCU v10.6/MCU/ARM_GCC_Support/ewl/lib/armv6-m\libm.a(e_pow.o) (__double_nan)
C:/CodeWarrior/CW MCU v10.6/MCU/ARM_GCC_Support/ewl/lib/armv6-m\libm.a(math_api.o)
                              C:/CodeWarrior/CW MCU v10.6/MCU/ARM_GCC_Support/ewl/lib/armv6-m\libm.a(e_pow.o) (__fpclassifyd)
C:/CodeWarrior/CW MCU v10.6/MCU/ARM_GCC_Support/ewl/lib/armv6-m\libm.a(scalbn.o)
                              C:/CodeWarrior/CW MCU v10.6/MCU/ARM_GCC_Support/ewl/lib/armv6-m\libm.a(e_pow.o) (scalbn)
C:/CodeWarrior/CW MCU v10.6/MCU/ARM_GCC_Support/ewl/lib/armv6-m\libm.a(w_sqrt.o)
                              C:/CodeWarrior/CW MCU v10.6/MCU/ARM_GCC_Support/ewl/lib/armv6-m\libm.a(e_pow.o) (sqrt)
C:/CodeWarrior/CW MCU v10.6/MCU/ARM_GCC_Support/ewl/lib/armv6-m\libm.a(e_sqrt.o)
                              C:/CodeWarrior/CW MCU v10.6/MCU/ARM_GCC_Support/ewl/lib/armv6-m\libm.a(w_sqrt.o) (__ieee754_sqrt)
C:/CodeWarrior/CW MCU v10.6/MCU/ARM_GCC_Support/ewl/lib/armv6-m\libm.a(s_frexp.o)
                              C:/CodeWarrior/CW MCU v10.6/MCU/ARM_GCC_Support/ewl/lib/armv6-m\libm.a(scalbn.o) (frexp)
C:/CodeWarrior/CW MCU v10.6/MCU/ARM_GCC_Support/ewl/lib/armv6-m\libm.a(s_ldexp.o)
                              C:/CodeWarrior/CW MCU v10.6/MCU/ARM_GCC_Support/ewl/lib/armv6-m\libm.a(scalbn.o) (ldexp)
[...]
Memory Configuration

Name             Origin             Length             Attributes
m_interrupts     0x00000000         0x000000c0         xr
m_cfmprotrom     0x00000400         0x00000010         xr
m_text           0x00000800         0x0001f800         xr
m_data           0x1ffff000         0x00004000         xrw
*default*        0x00000000         0xffffffff

Linker script and memory map

LOAD ./Project_Settings/Startup_Code/kinetis_sysinit.o
LOAD ./Project_Settings/Startup_Code/__arm_start.o
LOAD ./Project_Settings/Startup_Code/__arm_end.o
LOAD ./Sources/user_interface.o
LOAD ./Sources/uart_functions.o
LOAD ./Sources/sa_mtb.o
LOAD ./Sources/mcg.o
LOAD ./Sources/main.o
LOAD ./Sources/halLCD.o
LOAD ./Sources/halGPIO.o
LOAD ./Sources/file_system.o
LOAD ./Sources/convertToAscii.o
LOAD ./Sources/arm_cm0.o
LOAD ./Sources/UART.o
LOAD ./Sources/Fsm.o
LOAD ./Sources/BoardSupport.o
LOAD ./Sources/ADCandDAC.o
                0x00005878                __pformatter = __pformatter_
                [0x00005ca0]                __sformatter = __sformatter
START GROUP
LOAD C:/CodeWarrior/CW MCU v10.6/MCU/ARM_GCC_Support/ewl/lib/armv6-m\libc.a
LOAD C:/CodeWarrior/CW MCU v10.6/MCU/ARM_GCC_Support/ewl/lib/armv6-m\libm.a
LOAD c:/codewarrior/cw mcu v10.6/cross_tools/arm-none-eabi-gcc-4_7_3/bin/../lib/gcc/arm-none-eabi/4.7.3/armv6-m\libgcc.a
LOAD C:/CodeWarrior/CW MCU v10.6/MCU/ARM_GCC_Support/ewl/lib/armv6-m\librt.a
LOAD C:/CodeWarrior/CW MCU v10.6/MCU/ARM_GCC_Support/ewl/lib/armv6-m\libuart.a
END GROUP
                0x20003000                _estack = 0x20003000
                0x20003000                __SP_INIT = _estack
                0x00000400                __heap_size = 0x400
                0x00000400                __stack_size = 0x400

.interrupts     0x00000000       0xc0
                0x00000000                __vector_table = .
                0x00000000                . = ALIGN (0x4)
 *(.vectortable)
 .vectortable   0x00000000       0xc0 ./Project_Settings/Startup_Code/kinetis_sysinit.o
                0x00000000                InterruptVector
                0x000000c0                . = ALIGN (0x4)

.cfmprotect     0x00000400        0x0
                0x00000400                . = ALIGN (0x4)
 *(.cfmconfig)
                0x00000400                . = ALIGN (0x4)

.text           0x00000800     0x7158
                0x00000800                . = ALIGN (0x4)
 *(.text)
 .text          0x00000800       0x14 c:/codewarrior/cw mcu v10.6/cross_tools/arm-none-eabi-gcc-4_7_3/bin/../lib/gcc/arm-none-eabi/4.7.3/armv6-m\libgcc.a(_thumb1_case_sqi.o)
                0x00000800                __gnu_thumb1_case_sqi
 .text          0x00000814       0x14 c:/codewarrior/cw mcu v10.6/cross_tools/arm-none-eabi-gcc-4_7_3/bin/../lib/gcc/arm-none-eabi/4.7.3/armv6-m\libgcc.a(_thumb1_case_uqi.o)
                0x00000814                __gnu_thumb1_case_uqi
 .text          0x00000828       0x9c c:/codewarrior/cw mcu v10.6/cross_tools/arm-none-eabi-gcc-4_7_3/bin/../lib/gcc/arm-none-eabi/4.7.3/armv6-m\libgcc.a(_udivsi3.o)
                0x00000828                __aeabi_uidiv
                0x00000828                __udivsi3
                0x000008b0                __aeabi_uidivmod
 .text          0x000008c4       0xc0 c:/codewarrior/cw mcu v10.6/cross_tools/arm-none-eabi-gcc-4_7_3/bin/../lib/gcc/arm-none-eabi/4.7.3/armv6-m\libgcc.a(_divsi3.o)
                0x000008c4                __divsi3
                0x000008c4                __aeabi_idiv
                0x00000970                __aeabi_idivmod
 .text          0x00000984        0x4 c:/codewarrior/cw mcu v10.6/cross_tools/arm-none-eabi-gcc-4_7_3/bin/../lib/gcc/arm-none-eabi/4.7.3/armv6-m\libgcc.a(_dvmd_tls.o)
                0x00000984                __aeabi_idiv0
                0x00000984                __aeabi_ldiv0
 .text          0x00000988       0x7c c:/codewarrior/cw mcu v10.6/cross_tools/arm-none-eabi-gcc-4_7_3/bin/../lib/gcc/arm-none-eabi/4.7.3/armv6-m\libgcc.a(_arm_cmpdf2.o)
                0x00000988                __aeabi_cdrcmple
                0x00000998                __aeabi_cdcmple
                0x00000998                __aeabi_cdcmpeq
                0x000009a8                __aeabi_dcmpeq
                0x000009b4                __aeabi_dcmplt
                0x000009c8                __aeabi_dcmple
                0x000009dc                __aeabi_dcmpgt
                0x000009f0                __aeabi_dcmpge
 .text          0x00000a04      0x3ac c:/codewarrior/cw mcu v10.6/cross_tools/arm-none-eabi-gcc-4_7_3/bin/../lib/gcc/arm-none-eabi/4.7.3/armv6-m\libgcc.a(subsf3.o)
                0x00000a04                __aeabi_fsub
 .text          0x00000db0       0x40 c:/codewarrior/cw mcu v10.6/cross_tools/arm-none-eabi-gcc-4_7_3/bin/../lib/gcc/arm-none-eabi/4.7.3/armv6-m\libgcc.a(fixsfsi.o)
                0x00000db0                __aeabi_f2iz
 .text          0x00000df0       0xa8 c:/codewarrior/cw mcu v10.6/cross_tools/arm-none-eabi-gcc-4_7_3/bin/../lib/gcc/arm-none-eabi/4.7.3/armv6-m\libgcc.a(floatsisf.o)
                0x00000df0                __aeabi_i2f
 .text          0x00000e98      0x758 c:/codewarrior/cw mcu v10.6/cross_tools/arm-none-eabi-gcc-4_7_3/bin/../lib/gcc/arm-none-eabi/4.7.3/armv6-m\libgcc.a(adddf3.o)
                0x00000e98                __aeabi_dadd
 .text          0x000015f0      0x5b8 c:/codewarrior/cw mcu v10.6/cross_tools/arm-none-eabi-gcc-4_7_3/bin/../lib/gcc/arm-none-eabi/4.7.3/armv6-m\libgcc.a(divdf3.o)
                0x000015f0                __aeabi_ddiv
 .text          0x00001ba8       0x7c c:/codewarrior/cw mcu v10.6/cross_tools/arm-none-eabi-gcc-4_7_3/bin/../lib/gcc/arm-none-eabi/4.7.3/armv6-m\libgcc.a(eqdf2.o)
                0x00001ba8                __nedf2
                0x00001ba8                __eqdf2
 .text          0x00001c24       0xe8 c:/codewarrior/cw mcu v10.6/cross_tools/arm-none-eabi-gcc-4_7_3/bin/../lib/gcc/arm-none-eabi/4.7.3/armv6-m\libgcc.a(gedf2.o)
                0x00001c24                __gedf2
                0x00001c24                __gtdf2
 .text          0x00001d0c       0xd8 c:/codewarrior/cw mcu v10.6/cross_tools/arm-none-eabi-gcc-4_7_3/bin/../lib/gcc/arm-none-eabi/4.7.3/armv6-m\libgcc.a(ledf2.o)
                0x00001d0c                __ledf2
                0x00001d0c                __ltdf2
 .text          0x00001de4      0x4e4 c:/codewarrior/cw mcu v10.6/cross_tools/arm-none-eabi-gcc-4_7_3/bin/../lib/gcc/arm-none-eabi/4.7.3/armv6-m\libgcc.a(muldf3.o)
                0x00001de4                __aeabi_dmul
 .text          0x000022c8      0x6f8 c:/codewarrior/cw mcu v10.6/cross_tools/arm-none-eabi-gcc-4_7_3/bin/../lib/gcc/arm-none-eabi/4.7.3/armv6-m\libgcc.a(subdf3.o)
                0x000022c8                __aeabi_dsub
 .text          0x000029c0       0x74 c:/codewarrior/cw mcu v10.6/cross_tools/arm-none-eabi-gcc-4_7_3/bin/../lib/gcc/arm-none-eabi/4.7.3/armv6-m\libgcc.a(floatsidf.o)
                0x000029c0                __aeabi_i2d
 .text          0x00002a34       0xa8 c:/codewarrior/cw mcu v10.6/cross_tools/arm-none-eabi-gcc-4_7_3/bin/../lib/gcc/arm-none-eabi/4.7.3/armv6-m\libgcc.a(extendsfdf2.o)
                0x00002a34                __aeabi_f2d
 .text          0x00002adc      0x134 c:/codewarrior/cw mcu v10.6/cross_tools/arm-none-eabi-gcc-4_7_3/bin/../lib/gcc/arm-none-eabi/4.7.3/armv6-m\libgcc.a(truncdfsf2.o)
                0x00002adc                __aeabi_d2f
 .text          0x00002c10       0x3c c:/codewarrior/cw mcu v10.6/cross_tools/arm-none-eabi-gcc-4_7_3/bin/../lib/gcc/arm-none-eabi/4.7.3/armv6-m\libgcc.a(_clzsi2.o)
                0x00002c10                __clzsi2
 *(.text*)
 .text.Default_Handler
                0x00002c4c        0xc ./Project_Settings/Startup_Code/kinetis_sysinit.o
                0x00002c4c                RTC_Alarm_IRQHandler
                0x00002c4c                I2C0_IRQHandler
                0x00002c4c                HardFault_Handler
                0x00002c4c                SysTick_Handler
                0x00002c4c                PendSV_Handler
                0x00002c4c                NMI_Handler
                0x00002c4c                I2C1_IRQHandler
                0x00002c4c                UART1_IRQHandler
                0x00002c4c                DMA2_IRQHandler
                0x00002c4c                TSI0_IRQHandler
                0x00002c4c                SPI1_IRQHandler
                0x00002c4c                LPTimer_IRQHandler
                0x00002c4c                FTM1_IRQHandler
                0x00002c4c                RTC_Seconds_IRQHandler
                0x00002c4c                MCG_IRQHandler
                0x00002c4c                UART2_IRQHandler
                0x00002c4c                Default_Handler
                0x00002c4c                LLW_IRQHandler
                0x00002c4c                SVC_Handler
                0x00002c4c                USBOTG_IRQHandler
                0x00002c4c                DMA3_IRQHandler
                0x00002c4c                DMA0_IRQHandler
                0x00002c4c                DAC0_IRQHandler
                0x00002c4c                PMC_IRQHandler
                0x00002c4c                SPI0_IRQHandler
                0x00002c4c                FTM0_IRQHandler
                0x00002c4c                PORTA_IRQHandler
                0x00002c4c                MCM_IRQHandler
                0x00002c4c                FTFL_IRQHandler
                0x00002c4c                FTM2_IRQHandler
                0x00002c4c                CMP0_IRQHandler
                0x00002c4c                DMA1_IRQHandler
 .text.__init_hardware
                0x00002c58       0x2c ./Project_Settings/Startup_Code/kinetis_sysinit.o
                0x00002c58                __init_hardware
 .text.zero_fill_bss
                0x00002c84       0x24 ./Project_Settings/Startup_Code/__arm_start.o
 .text.__thumb_startup
                0x00002ca8       0x30 ./Project_Settings/Startup_Code/__arm_start.o
                0x00002ca8                __thumb_startup
 .text._ExitProcess
                0x00002cd8        0xc ./Project_Settings/Startup_Code/__arm_end.o
                0x00002cd8                _ExitProcess
 .text.copy_16chars
                0x00002ce4       0x38 ./Sources/user_interface.o
                0x00002ce4                copy_16chars
 .text.getChatLine
                0x00002d1c       0x24 ./Sources/user_interface.o
                0x00002d1c                getChatLine
 .text.initialize_ui
                0x00002d40       0x28 ./Sources/user_interface.o
                0x00002d40                initialize_ui
 .text.print_ui
                0x00002d68       0xfc ./Sources/user_interface.o
                0x00002d68                print_ui
 .text.scroll_down
                0x00002e64       0x94 ./Sources/user_interface.o
                0x00002e64                scroll_down
 .text.enter    0x00002ef8      0x278 ./Sources/user_interface.o
                0x00002ef8                enter
 .text.get_next_line
                0x00003170       0x28 ./Sources/user_interface.o
                0x00003170                get_next_line
 .text.clear_string_buffer
                0x00003198       0x4c ./Sources/uart_functions.o
                0x00003198                clear_string_buffer
 .text.is_chat_command
                0x000031e4       0x48 ./Sources/uart_functions.o
                0x000031e4                is_chat_command
 .text.is_write_file_transfer_command
                0x0000322c       0x48 ./Sources/uart_functions.o
                0x0000322c                is_write_file_transfer_command
 .text.is_br_command
                0x00003274       0x48 ./Sources/uart_functions.o
                0x00003274                is_br_command
 .text.is_size_command
                0x000032bc       0x48 ./Sources/uart_functions.o
                0x000032bc                is_size_command
 .text.is_name_command
                0x00003304       0x48 ./Sources/uart_functions.o
                0x00003304                is_name_command
 .text.strip_command
                0x0000334c       0x14 ./Sources/uart_functions.o
                0x0000334c                strip_command
 .text.change_Baud_config
                0x00003360       0x38 ./Sources/uart_functions.o
                0x00003360                change_Baud_config
 .text.validate_checksum
                0x00003398       0x70 ./Sources/uart_functions.o
                0x00003398                validate_checksum
 .text.calc_checksum
                0x00003408       0x5c ./Sources/uart_functions.o
                0x00003408                calc_checksum
 .text.send2pc  0x00003464      0x1ec ./Sources/uart_functions.o
                0x00003464                send2pc
 .text.pll_init
                0x00003650      0x548 ./Sources/mcg.o
                0x00003650                pll_init
 .text.main     0x00003b98       0x40 ./Sources/main.o
                0x00003b98                main
 .text.lcd_cmd  0x00003bd8       0x68 ./Sources/halLCD.o
                0x00003bd8                lcd_cmd
 .text.lcd_data
                0x00003c40       0x90 ./Sources/halLCD.o
                0x00003c40                lcd_data
 .text.lcd_puts
                0x00003cd0       0x28 ./Sources/halLCD.o
                0x00003cd0                lcd_puts
 .text.lcd_init
                0x00003cf8      0x11c ./Sources/halLCD.o
                0x00003cf8                lcd_init
 .text.lcd_strobe
                0x00003e14       0x28 ./Sources/halLCD.o
                0x00003e14                lcd_strobe
 .text.PORTD_IRQHandler
                0x00003e3c       0xd0 ./Sources/halGPIO.o
                0x00003e3c                PORTD_IRQHandler
 .text.PIT_IRQHandler
                0x00003f0c       0x44 ./Sources/halGPIO.o
                0x00003f0c                PIT_IRQHandler
 .text.UART0_IRQHandler
                0x00003f50      0x278 ./Sources/halGPIO.o
                0x00003f50                UART0_IRQHandler
 .text.ADC0_IRQHandler
                0x000041c8       0x80 ./Sources/halGPIO.o
                0x000041c8                ADC0_IRQHandler
 .text.change_color
                0x00004248       0x9c ./Sources/halGPIO.o
                0x00004248                change_color
 .text.Print    0x000042e4       0x30 ./Sources/halGPIO.o
                0x000042e4                Print
 .text.Print_two_lines
                0x00004314       0x38 ./Sources/halGPIO.o
                0x00004314                Print_two_lines
 .text.PrintVolt
                0x0000434c       0x48 ./Sources/halGPIO.o
                0x0000434c                PrintVolt
 .text.DelayUs  0x00004394       0x34 ./Sources/halGPIO.o
                0x00004394                DelayUs
 .text.DelayMs  0x000043c8       0x3c ./Sources/halGPIO.o
                0x000043c8                DelayMs
 .text.initialize_file_system
                0x00004404       0xb8 ./Sources/file_system.o
                0x00004404                initialize_file_system
 .text.initialize_file_desc
                0x000044bc       0x40 ./Sources/file_system.o
                0x000044bc                initialize_file_desc
 .text.file_info
                0x000044fc       0x20 ./Sources/file_system.o
                0x000044fc                file_info
 .text.read_file_init
                0x0000451c       0x40 ./Sources/file_system.o
                0x0000451c                read_file_init
 .text.read_line
                0x0000455c       0xb0 ./Sources/file_system.o
                0x0000455c                read_line
 .text.write_file_init_message
                0x0000460c      0x200 ./Sources/file_system.o
                0x0000460c                write_file_init_message
 .text.write_file_chunck
                0x0000480c       0x80 ./Sources/file_system.o
                0x0000480c                write_file_chunck
 .text.address_cyclic_add
                0x0000488c       0x3c ./Sources/file_system.o
                0x0000488c                address_cyclic_add
 .text.file_index_plusplus_with_menu
                0x000048c8       0x3c ./Sources/file_system.o
                0x000048c8                file_index_plusplus_with_menu
 .text.index_cyclic_plusplus
                0x00004904       0x20 ./Sources/file_system.o
                0x00004904                index_cyclic_plusplus
 .text.reverse  0x00004924       0x58 ./Sources/convertToAscii.o
                0x00004924                reverse
 .text.intToStr
                0x0000497c       0x90 ./Sources/convertToAscii.o
                0x0000497c                intToStr
 *fill*         0x00004a0c        0x4 00
 .text.ftoa     0x00004a10       0xc0 ./Sources/convertToAscii.o
                0x00004a10                ftoa
 .text.wait     0x00004ad0       0x28 ./Sources/arm_cm0.o
                0x00004ad0                wait
 .text.enable_irq
                0x00004af8       0x70 ./Sources/arm_cm0.o
                0x00004af8                enable_irq
 .text.disable_irq
                0x00004b68       0x44 ./Sources/arm_cm0.o
                0x00004b68                disable_irq
 .text.set_irq_priority
                0x00004bac       0x74 ./Sources/arm_cm0.o
                0x00004bac                set_irq_priority
 .text.InitUARTs
                0x00004c20       0xfc ./Sources/UART.o
                0x00004c20                InitUARTs
 .text.Uart0_Br_Sbr
                0x00004d1c      0x230 ./Sources/UART.o
                0x00004d1c                Uart0_Br_Sbr
 .text.UARTprintf
                0x00004f4c       0x60 ./Sources/UART.o
                0x00004f4c                UARTprintf
 .text.Fsm      0x00004fac       0x40 ./Sources/Fsm.o
                0x00004fac                Fsm
 .text.InitGPIO
                0x00004fec      0x12c ./Sources/BoardSupport.o
                0x00004fec                InitGPIO
 .text.ClockSetup
                0x00005118       0x7c ./Sources/BoardSupport.o
                0x00005118                ClockSetup
 .text.InitPIT  0x00005194       0x5c ./Sources/BoardSupport.o
                0x00005194                InitPIT
 .text.enablePIT
                0x000051f0       0x18 ./Sources/BoardSupport.o
                0x000051f0                enablePIT
 .text.disablePITx
                0x00005208       0x50 ./Sources/BoardSupport.o
                0x00005208                disablePITx
 .text.enableADC0
                0x00005258       0x14 ./Sources/BoardSupport.o
                0x00005258                enableADC0
 .text.ADC_Cal  0x0000526c      0x1b4 ./Sources/ADCandDAC.o
                0x0000526c                ADC_Cal
 .text.ADC_Config_Alt
                0x00005420       0x60 ./Sources/ADCandDAC.o
                0x00005420                ADC_Config_Alt
 .text.InitADC0
                0x00005480       0x90 ./Sources/ADCandDAC.o
                0x00005480                InitADC0
 .text.InitADCs
                0x00005510       0x44 ./Sources/ADCandDAC.o
                0x00005510                InitADCs
 .text.sprintf  0x00005554       0x1a C:/CodeWarrior/CW MCU v10.6/MCU/ARM_GCC_Support/ewl/lib/armv6-m\libc.a(sprintf.o)
                0x00005554                sprintf
 .text.__StringWrite
                0x0000556e       0x26 C:/CodeWarrior/CW MCU v10.6/MCU/ARM_GCC_Support/ewl/lib/armv6-m\libc.a(vsnprintf.o)
                0x0000556e                __StringWrite
 .text.vsnprintf
                0x00005594       0x38 C:/CodeWarrior/CW MCU v10.6/MCU/ARM_GCC_Support/ewl/lib/armv6-m\libc.a(vsnprintf.o)
                0x00005594                vsnprintf
 .text.strtol   0x000055cc       0x70 C:/CodeWarrior/CW MCU v10.6/MCU/ARM_GCC_Support/ewl/lib/armv6-m\libc.a(atoi.o)
                0x000055cc                strtol
 .text.atoi     0x0000563c        0xc C:/CodeWarrior/CW MCU v10.6/MCU/ARM_GCC_Support/ewl/lib/armv6-m\libc.a(atoi.o)
                0x0000563c                atoi
 .text.exit     0x00005648       0x38 C:/CodeWarrior/CW MCU v10.6/MCU/ARM_GCC_Support/ewl/lib/armv6-m\libc.a(exit.o)
                0x00005648                exit
 .text.memcpy   0x00005680       0x12 C:/CodeWarrior/CW MCU v10.6/MCU/ARM_GCC_Support/ewl/lib/armv6-m\libc.a(memcpy.o)
                0x00005680                memcpy
 .text.memset   0x00005692        0xc C:/CodeWarrior/CW MCU v10.6/MCU/ARM_GCC_Support/ewl/lib/armv6-m\libc.a(memset.o)
                0x00005692                memset
 .text.strcat   0x0000569e       0x1e C:/CodeWarrior/CW MCU v10.6/MCU/ARM_GCC_Support/ewl/lib/armv6-m\libc.a(strcat.o)
                0x0000569e                strcat
 .text.strcpy   0x000056bc       0x10 C:/CodeWarrior/CW MCU v10.6/MCU/ARM_GCC_Support/ewl/lib/armv6-m\libc.a(strcpy.o)
                0x000056bc                strcpy
 .text.strlen   0x000056cc       0x10 C:/CodeWarrior/CW MCU v10.6/MCU/ARM_GCC_Support/ewl/lib/armv6-m\libc.a(strlen.o)
                0x000056cc                strlen
 .text.long2str.isra.0
                0x000056dc      0x19c C:/CodeWarrior/CW MCU v10.6/MCU/ARM_GCC_Support/ewl/lib/armv6-m\libc.a(printformat_.o)
 .text.__pformatter_
                0x00005878      0x428 C:/CodeWarrior/CW MCU v10.6/MCU/ARM_GCC_Support/ewl/lib/armv6-m\libc.a(printformat_.o)
                0x00005878                __pformatter_
 .text.__sformatter
                0x00005ca0      0x698 C:/CodeWarrior/CW MCU v10.6/MCU/ARM_GCC_Support/ewl/lib/armv6-m\libc.a(scanformat_.o)
                0x00005ca0                __sformatter
 .text.isalpha  0x00006338       0x20 C:/CodeWarrior/CW MCU v10.6/MCU/ARM_GCC_Support/ewl/lib/armv6-m\libc.a(ctype_aeabi.o)
                0x00006338                isalpha
 .text.isspace  0x00006358       0x20 C:/CodeWarrior/CW MCU v10.6/MCU/ARM_GCC_Support/ewl/lib/armv6-m\libc.a(ctype_aeabi.o)
                0x00006358                isspace
 .text.toupper  0x00006378        0xe C:/CodeWarrior/CW MCU v10.6/MCU/ARM_GCC_Support/ewl/lib/armv6-m\libc.a(ctype_aeabi.o)
                0x00006378                toupper
 .text.__StringRead
                0x00006386       0x3c C:/CodeWarrior/CW MCU v10.6/MCU/ARM_GCC_Support/ewl/lib/armv6-m\libc.a(vsscanf.o)
                0x00006386                __StringRead
 .text.__strtoul
                0x000063c2      0x1ce C:/CodeWarrior/CW MCU v10.6/MCU/ARM_GCC_Support/ewl/lib/armv6-m\libc.a(__strtoul.o)
                0x000063c2                __strtoul
 .text.__fill_mem
                0x00006590       0x7e C:/CodeWarrior/CW MCU v10.6/MCU/ARM_GCC_Support/ewl/lib/armv6-m\libc.a(__filll_mem.o)
                0x00006590                __fill_mem
 .text.memchr   0x0000660e       0x1a C:/CodeWarrior/CW MCU v10.6/MCU/ARM_GCC_Support/ewl/lib/armv6-m\libc.a(memchr.o)
                0x0000660e                memchr
 .text.strchr   0x00006628       0x1e C:/CodeWarrior/CW MCU v10.6/MCU/ARM_GCC_Support/ewl/lib/armv6-m\libc.a(strchr.o)
                0x00006628                strchr
 .text.pow      0x00006646        0x8 C:/CodeWarrior/CW MCU v10.6/MCU/ARM_GCC_Support/ewl/lib/armv6-m\libm.a(w_pow.o)
                0x00006646                pow
 *fill*         0x0000664e        0x2 00
 .text.__ieee754_pow
                0x00006650      0xb70 C:/CodeWarrior/CW MCU v10.6/MCU/ARM_GCC_Support/ewl/lib/armv6-m\libm.a(e_pow.o)
                0x00006650                __ieee754_pow
 .text.__fpclassifyd
                0x000071c0       0x38 C:/CodeWarrior/CW MCU v10.6/MCU/ARM_GCC_Support/ewl/lib/armv6-m\libm.a(math_api.o)
                0x000071c0                __fpclassifyd
 .text.scalbn   0x000071f8       0x14 C:/CodeWarrior/CW MCU v10.6/MCU/ARM_GCC_Support/ewl/lib/armv6-m\libm.a(scalbn.o)
                0x000071f8                scalbn
 .text.sqrt     0x0000720c        0x8 C:/CodeWarrior/CW MCU v10.6/MCU/ARM_GCC_Support/ewl/lib/armv6-m\libm.a(w_sqrt.o)
                0x0000720c                sqrt
 .text.__ieee754_sqrt
                0x00007214      0x17c C:/CodeWarrior/CW MCU v10.6/MCU/ARM_GCC_Support/ewl/lib/armv6-m\libm.a(e_sqrt.o)
                0x00007214                __ieee754_sqrt
 .text.frexp    0x00007390       0x80 C:/CodeWarrior/CW MCU v10.6/MCU/ARM_GCC_Support/ewl/lib/armv6-m\libm.a(s_frexp.o)
                0x00007390                frexp
 .text.ldexp    0x00007410      0x148 C:/CodeWarrior/CW MCU v10.6/MCU/ARM_GCC_Support/ewl/lib/armv6-m\libm.a(s_ldexp.o)
                0x00007410                ldexp
 .text.__init_cpp
                0x00007558       0x48 C:/CodeWarrior/CW MCU v10.6/MCU/ARM_GCC_Support/ewl/lib/armv6-m\librt.a(gcc_ctor_dtor.o)
                0x00007558                __init_cpp
 .text.__fini_cpp
                0x000075a0       0x34 C:/CodeWarrior/CW MCU v10.6/MCU/ARM_GCC_Support/ewl/lib/armv6-m\librt.a(gcc_ctor_dtor.o)
                0x000075a0                __fini_cpp
 .text.__copy_rom_section
                0x000075d4       0x48 C:/CodeWarrior/CW MCU v10.6/MCU/ARM_GCC_Support/ewl/lib/armv6-m\librt.a(ROMCopy.o)
                0x000075d4                __copy_rom_section
 .text.__copy_rom_sections_to_ram
                0x0000761c       0x34 C:/CodeWarrior/CW MCU v10.6/MCU/ARM_GCC_Support/ewl/lib/armv6-m\librt.a(ROMCopy.o)
                0x0000761c                __copy_rom_sections_to_ram
 .text.__destroy_global_chain
                0x00007650       0x1c C:/CodeWarrior/CW MCU v10.6/MCU/ARM_GCC_Support/ewl/lib/armv6-m\librt.a(__arm_eabi_init.o)
                0x00007650                __destroy_global_chain
 .text.__init_registers
                0x0000766c       0x1c C:/CodeWarrior/CW MCU v10.6/MCU/ARM_GCC_Support/ewl/lib/armv6-m\librt.a(__arm_eabi_init.o)
                0x0000766c                __init_registers
 .text.__init_user
                0x00007688        0x4 C:/CodeWarrior/CW MCU v10.6/MCU/ARM_GCC_Support/ewl/lib/armv6-m\librt.a(__arm_eabi_init.o)
                0x00007688                __init_user
 *(.rodata)
 .rodata        0x0000768c        0xc ./Sources/user_interface.o
 .rodata        0x00007698        0xc ./Sources/uart_functions.o
 .rodata        0x000076a4       0x60 ./Sources/halGPIO.o
 .rodata        0x00007704       0x40 c:/codewarrior/cw mcu v10.6/cross_tools/arm-none-eabi-gcc-4_7_3/bin/../lib/gcc/arm-none-eabi/4.7.3/armv6-m\libgcc.a(divdf3.o)
 .rodata        0x00007744       0x40 c:/codewarrior/cw mcu v10.6/cross_tools/arm-none-eabi-gcc-4_7_3/bin/../lib/gcc/arm-none-eabi/4.7.3/armv6-m\libgcc.a(muldf3.o)
 *(.rodata*)
 .rodata.back   0x00007784       0x10 ./Sources/user_interface.o
                0x00007784                back
 .rodata.chat_lines
                0x00007794       0x64 ./Sources/user_interface.o
                0x00007794                chat_lines
 .rodata.enter  0x000077f8       0x24 ./Sources/user_interface.o
 .rodata.str1.1
                0x0000781c        0x1 C:/CodeWarrior/CW MCU v10.6/MCU/ARM_GCC_Support/ewl/lib/armv6-m\libc.a(printformat_.o)
 .rodata.CSWTCH.20
                0x0000781d        0x5 C:/CodeWarrior/CW MCU v10.6/MCU/ARM_GCC_Support/ewl/lib/armv6-m\libc.a(printformat_.o)
 .rodata.CSWTCH.21
                0x00007822        0x5 C:/CodeWarrior/CW MCU v10.6/MCU/ARM_GCC_Support/ewl/lib/armv6-m\libc.a(printformat_.o)
 .rodata.__aeabi_ctype_table_C
                0x00007827      0x101 C:/CodeWarrior/CW MCU v10.6/MCU/ARM_GCC_Support/ewl/lib/armv6-m\libc.a(ctype_aeabi.o)
                0x00007827                __aeabi_ctype_table_C
 .rodata.dp_h   0x00007928       0x10 C:/CodeWarrior/CW MCU v10.6/MCU/ARM_GCC_Support/ewl/lib/armv6-m\libm.a(e_pow.o)
 .rodata.dp_l   0x00007938       0x10 C:/CodeWarrior/CW MCU v10.6/MCU/ARM_GCC_Support/ewl/lib/armv6-m\libm.a(e_pow.o)
 .rodata.bp     0x00007948       0x10 C:/CodeWarrior/CW MCU v10.6/MCU/ARM_GCC_Support/ewl/lib/armv6-m\libm.a(e_pow.o)
 *(.glue_7)
 .glue_7        0x00000000        0x0 linker stubs
 *(.glue_7t)
 .glue_7t       0x00000000        0x0 linker stubs
 *(.eh_frame)
 *(.init)
 *(.fini)
                0x00007958                . = ALIGN (0x4)
                0x00007958                _etext = .

.vfp11_veneer   0x00007958        0x0
 .vfp11_veneer  0x00000000        0x0 linker stubs

.v4_bx          0x00007958        0x0
 .v4_bx         0x00000000        0x0 linker stubs

.iplt           0x00007958        0x0
 .iplt          0x00000000        0x0 ./Project_Settings/Startup_Code/kinetis_sysinit.o

.rel.dyn        0x00007958        0x0
 .rel.iplt      0x00000000        0x0 ./Project_Settings/Startup_Code/kinetis_sysinit.o

.ARM.extab
 *(.ARM.extab* .gnu.linkonce.armextab.*)

.ARM            0x00007958        0x0
                0x00007958                __exidx_start = .
 *(.ARM.exidx*)
                0x00007958                __exidx_end = .

.ctors          0x00007958        0x0
                0x00007958                __CTOR_LIST__ = .
 *crtbegin.o(.ctors)
 *(EXCLUDE_FILE(*crtend.o) .ctors)
 *(SORT(.ctors.*))
 *(.ctors)
                0x00007958                __CTOR_END__ = .

.dtors          0x00007958        0x0
                0x00007958                __DTOR_LIST__ = .
 *crtbegin.o(.dtors)
 *(EXCLUDE_FILE(*crtend.o) .dtors)
 *(SORT(.dtors.*))
 *(.dtors)
                0x00007958                __DTOR_END__ = .

.preinit_array  0x00007958        0x0
                0x00007958                PROVIDE (__preinit_array_start, .)
 *(.preinit_array*)
                0x00007958                PROVIDE (__preinit_array_end, .)

.init_array     0x00007958        0x0
                0x00007958                PROVIDE (__init_array_start, .)
 *(SORT(.init_array.*))
 *(.init_array*)
                0x00007958                PROVIDE (__init_array_end, .)

.fini_array     0x00007958        0x0
                0x00007958                PROVIDE (__fini_array_start, .)
 *(SORT(.fini_array.*))
 *(.fini_array*)
                0x00007958                PROVIDE (__fini_array_end, .)
                0x00007958                ___ROM_AT = .

.mtb            0x1ffff000        0x0
                0x1ffff000                . = ALIGN (0x8)
                0x1ffff000                _mtb_start = .
 *(.mtb_buf)
                0x1ffff000                . = ALIGN (0x8)
                0x1ffff000                _mtb_end = .

.data           0x1ffff000      0x1e8 load address 0x00007958
                0x1ffff000                . = ALIGN (0x4)
                0x1ffff000                _sdata = .
 *(.data)
 *(.data*)
 .data.main_menu
                0x1ffff000      0x1e0 ./Sources/user_interface.o
                0x1ffff000                main_menu
 .data.__double_nan
                0x1ffff1e0        0x8 C:/CodeWarrior/CW MCU v10.6/MCU/ARM_GCC_Support/ewl/lib/armv6-m\libm.a(float.o)
                0x1ffff1e0                __double_nan
                0x1ffff1e8                . = ALIGN (0x4)
                0x1ffff1e8                _edata = .
                0x000001e8                ___data_size = (_edata - _sdata)

.igot.plt       0x1ffff1e8        0x0 load address 0x00007b40
 .igot.plt      0x00000000        0x0 ./Project_Settings/Startup_Code/kinetis_sysinit.o
                0x1ffff1e8                . = ALIGN (0x4)

.bss            0x1ffff1e8      0x950 load address 0x00007b40
                0x1ffff1e8                __START_BSS = .
                0x1ffff1e8                PROVIDE (__bss_start__, __START_BSS)
 *(.bss)
 *(.bss*)
 .bss.argv      0x1ffff1e8        0x4 ./Project_Settings/Startup_Code/__arm_start.o
 .bss.counter.5278
                0x1ffff1ec        0x1 ./Sources/halGPIO.o
 *fill*         0x1ffff1ed        0x3 00
 .bss.__stdio_exit
                0x1ffff1f0        0x4 C:/CodeWarrior/CW MCU v10.6/MCU/ARM_GCC_Support/ewl/lib/armv6-m\libc.a(exit.o)
                0x1ffff1f0                __stdio_exit
 .bss.__console_exit
                0x1ffff1f4        0x4 C:/CodeWarrior/CW MCU v10.6/MCU/ARM_GCC_Support/ewl/lib/armv6-m\libc.a(exit.o)
                0x1ffff1f4                __console_exit
 .bss.__S_romp  0x1ffff1f8        0xc C:/CodeWarrior/CW MCU v10.6/MCU/ARM_GCC_Support/ewl/lib/armv6-m\librt.a(ROMCopy.o)
 .bss.__global_destructor_chain
                0x1ffff204        0x4 C:/CodeWarrior/CW MCU v10.6/MCU/ARM_GCC_Support/ewl/lib/armv6-m\librt.a(__arm_eabi_init.o)
                0x1ffff204                __global_destructor_chain
 *(COMMON)
 COMMON         0x1ffff208      0x51c ./Sources/user_interface.o
                0x1ffff208                line_select
                0x1ffff20c                string_index
                0x1ffff210                input_string_length
                0x1ffff214                last_file_descriptor
                0x1ffff218                lastState
                0x1ffff219                state
                0x1ffff21c                current_read_line
                0x1ffff22c                last_read_line
                0x1ffff23c                menu_select
                0x1ffff240                file_system
                0x1ffff514                interval
                0x1ffff518                menu_size
                0x1ffff51c                baud_config
                0x1ffff520                string_buffer
                0x1ffff720                current_file_desc
 COMMON         0x1ffff724      0x410 ./Sources/file_system.o
                0x1ffff724                reading_Line
                0x1ffff734                fs_memory
 COMMON         0x1ffffb34        0x4 C:/CodeWarrior/CW MCU v10.6/MCU/ARM_GCC_Support/ewl/lib/armv6-m\libc.a(errno.o)
                0x1ffffb34                errno
                0x1ffffb38                . = ALIGN (0x4)
                0x1ffffb38                __END_BSS = .
                0x1ffffb38                PROVIDE (__bss_end__, __END_BSS)
                0x00007b40                _romp_at = (___ROM_AT + SIZEOF (.data))

.romp           0x1ffffb38       0x18 load address 0x00007b40
                0x00007b40                __S_romp = _romp_at
                0x1ffffb38        0x4 LONG 0x7958 ___ROM_AT
                0x1ffffb3c        0x4 LONG 0x1ffff000 _sdata
                0x1ffffb40        0x4 LONG 0x1e8 ___data_size
                0x1ffffb44        0x4 LONG 0x0
                0x1ffffb48        0x4 LONG 0x0
                0x1ffffb4c        0x4 LONG 0x0

._user_heap_stack
                0x1ffffb50      0x800 load address 0x00007b58
                0x1ffffb50                . = ALIGN (0x4)
                0x1ffffb50                PROVIDE (end, .)
                0x1ffffb50                PROVIDE (_end, .)
                0x1ffffb50                __heap_addr = .
                0x1fffff50                . = (. + __heap_size)
 *fill*         0x1ffffb50      0x400 00
                0x20000350                . = (. + __stack_size)
 *fill*         0x1fffff50      0x400 00
                0x20000350                . = ALIGN (0x4)

.ARM.attributes
                0x00000000       0x31
 *(.ARM.attributes)
 .ARM.attributes
                0x00000000       0x31 ./Project_Settings/Startup_Code/kinetis_sysinit.o
 .ARM.attributes
                0x00000031       0x31 ./Project_Settings/Startup_Code/__arm_start.o
 .ARM.attributes
                0x00000062       0x31 ./Project_Settings/Startup_Code/__arm_end.o
 .ARM.attributes
                0x00000093       0x31 ./Sources/user_interface.o
 .ARM.attributes
                0x000000c4       0x31 ./Sources/uart_functions.o
 .ARM.attributes
                0x000000f5       0x31 ./Sources/mcg.o
 .ARM.attributes
                0x00000126       0x31 ./Sources/main.o
 .ARM.attributes
                0x00000157       0x31 ./Sources/halLCD.o
 .ARM.attributes
                0x00000188       0x31 ./Sources/halGPIO.o
 .ARM.attributes
                0x000001b9       0x31 ./Sources/file_system.o
 .ARM.attributes
                0x000001ea       0x31 ./Sources/convertToAscii.o
 .ARM.attributes
                0x0000021b       0x31 ./Sources/arm_cm0.o
 .ARM.attributes
                0x0000024c       0x31 ./Sources/UART.o
 .ARM.attributes
                0x0000027d       0x31 ./Sources/Fsm.o
 .ARM.attributes
                0x000002ae       0x31 ./Sources/BoardSupport.o
 .ARM.attributes
                0x000002df       0x31 ./Sources/ADCandDAC.o
 .ARM.attributes
                0x00000310       0x31 C:/CodeWarrior/CW MCU v10.6/MCU/ARM_GCC_Support/ewl/lib/armv6-m\libc.a(sprintf.o)
 .ARM.attributes
                0x00000341       0x31 C:/CodeWarrior/CW MCU v10.6/MCU/ARM_GCC_Support/ewl/lib/armv6-m\libc.a(vsnprintf.o)
 .ARM.attributes
                0x00000372       0x31 C:/CodeWarrior/CW MCU v10.6/MCU/ARM_GCC_Support/ewl/lib/armv6-m\libc.a(atoi.o)
 .ARM.attributes
                0x000003a3       0x31 C:/CodeWarrior/CW MCU v10.6/MCU/ARM_GCC_Support/ewl/lib/armv6-m\libc.a(exit.o)
 .ARM.attributes
                0x000003d4       0x31 C:/CodeWarrior/CW MCU v10.6/MCU/ARM_GCC_Support/ewl/lib/armv6-m\libc.a(memcpy.o)
 .ARM.attributes
                0x00000405       0x31 C:/CodeWarrior/CW MCU v10.6/MCU/ARM_GCC_Support/ewl/lib/armv6-m\libc.a(memset.o)
 .ARM.attributes
                0x00000436       0x31 C:/CodeWarrior/CW MCU v10.6/MCU/ARM_GCC_Support/ewl/lib/armv6-m\libc.a(strcat.o)
 .ARM.attributes
                0x00000467       0x31 C:/CodeWarrior/CW MCU v10.6/MCU/ARM_GCC_Support/ewl/lib/armv6-m\libc.a(strcpy.o)
 .ARM.attributes
                0x00000498       0x31 C:/CodeWarrior/CW MCU v10.6/MCU/ARM_GCC_Support/ewl/lib/armv6-m\libc.a(strlen.o)
 .ARM.attributes
                0x000004c9       0x31 C:/CodeWarrior/CW MCU v10.6/MCU/ARM_GCC_Support/ewl/lib/armv6-m\libc.a(printformat_.o)
 .ARM.attributes
                0x000004fa       0x31 C:/CodeWarrior/CW MCU v10.6/MCU/ARM_GCC_Support/ewl/lib/armv6-m\libc.a(scanformat_.o)
 .ARM.attributes
                0x0000052b       0x31 C:/CodeWarrior/CW MCU v10.6/MCU/ARM_GCC_Support/ewl/lib/armv6-m\libc.a(ctype_aeabi.o)
 .ARM.attributes
                0x0000055c       0x31 C:/CodeWarrior/CW MCU v10.6/MCU/ARM_GCC_Support/ewl/lib/armv6-m\libc.a(errno.o)
 .ARM.attributes
                0x0000058d       0x31 C:/CodeWarrior/CW MCU v10.6/MCU/ARM_GCC_Support/ewl/lib/armv6-m\libc.a(vsscanf.o)
 .ARM.attributes
                0x000005be       0x31 C:/CodeWarrior/CW MCU v10.6/MCU/ARM_GCC_Support/ewl/lib/armv6-m\libc.a(__strtoul.o)
 .ARM.attributes
                0x000005ef       0x31 C:/CodeWarrior/CW MCU v10.6/MCU/ARM_GCC_Support/ewl/lib/armv6-m\libc.a(__filll_mem.o)
 .ARM.attributes
                0x00000620       0x31 C:/CodeWarrior/CW MCU v10.6/MCU/ARM_GCC_Support/ewl/lib/armv6-m\libc.a(memchr.o)
 .ARM.attributes
                0x00000651       0x31 C:/CodeWarrior/CW MCU v10.6/MCU/ARM_GCC_Support/ewl/lib/armv6-m\libc.a(strchr.o)
 .ARM.attributes
                0x00000682       0x31 C:/CodeWarrior/CW MCU v10.6/MCU/ARM_GCC_Support/ewl/lib/armv6-m\libm.a(w_pow.o)
 .ARM.attributes
                0x000006b3       0x31 C:/CodeWarrior/CW MCU v10.6/MCU/ARM_GCC_Support/ewl/lib/armv6-m\libm.a(e_pow.o)
 .ARM.attributes
                0x000006e4       0x31 C:/CodeWarrior/CW MCU v10.6/MCU/ARM_GCC_Support/ewl/lib/armv6-m\libm.a(float.o)
 .ARM.attributes
                0x00000715       0x31 C:/CodeWarrior/CW MCU v10.6/MCU/ARM_GCC_Support/ewl/lib/armv6-m\libm.a(math_api.o)
 .ARM.attributes
                0x00000746       0x31 C:/CodeWarrior/CW MCU v10.6/MCU/ARM_GCC_Support/ewl/lib/armv6-m\libm.a(scalbn.o)
 .ARM.attributes
                0x00000777       0x31 C:/CodeWarrior/CW MCU v10.6/MCU/ARM_GCC_Support/ewl/lib/armv6-m\libm.a(w_sqrt.o)
 .ARM.attributes
                0x000007a8       0x31 C:/CodeWarrior/CW MCU v10.6/MCU/ARM_GCC_Support/ewl/lib/armv6-m\libm.a(e_sqrt.o)
 .ARM.attributes
                0x000007d9       0x31 C:/CodeWarrior/CW MCU v10.6/MCU/ARM_GCC_Support/ewl/lib/armv6-m\libm.a(s_frexp.o)
 .ARM.attributes
                0x0000080a       0x31 C:/CodeWarrior/CW MCU v10.6/MCU/ARM_GCC_Support/ewl/lib/armv6-m\libm.a(s_ldexp.o)
 .ARM.attributes
                0x0000083b       0x1e c:/codewarrior/cw mcu v10.6/cross_tools/arm-none-eabi-gcc-4_7_3/bin/../lib/gcc/arm-none-eabi/4.7.3/armv6-m\libgcc.a(_thumb1_case_sqi.o)
 .ARM.attributes
                0x00000859       0x1e c:/codewarrior/cw mcu v10.6/cross_tools/arm-none-eabi-gcc-4_7_3/bin/../lib/gcc/arm-none-eabi/4.7.3/armv6-m\libgcc.a(_thumb1_case_uqi.o)
 .ARM.attributes
                0x00000877       0x1e c:/codewarrior/cw mcu v10.6/cross_tools/arm-none-eabi-gcc-4_7_3/bin/../lib/gcc/arm-none-eabi/4.7.3/armv6-m\libgcc.a(_udivsi3.o)
 .ARM.attributes
                0x00000895       0x1e c:/codewarrior/cw mcu v10.6/cross_tools/arm-none-eabi-gcc-4_7_3/bin/../lib/gcc/arm-none-eabi/4.7.3/armv6-m\libgcc.a(_divsi3.o)
 .ARM.attributes
                0x000008b3       0x1e c:/codewarrior/cw mcu v10.6/cross_tools/arm-none-eabi-gcc-4_7_3/bin/../lib/gcc/arm-none-eabi/4.7.3/armv6-m\libgcc.a(_dvmd_tls.o)
 .ARM.attributes
                0x000008d1       0x1e c:/codewarrior/cw mcu v10.6/cross_tools/arm-none-eabi-gcc-4_7_3/bin/../lib/gcc/arm-none-eabi/4.7.3/armv6-m\libgcc.a(_arm_cmpdf2.o)
 .ARM.attributes
                0x000008ef       0x2c c:/codewarrior/cw mcu v10.6/cross_tools/arm-none-eabi-gcc-4_7_3/bin/../lib/gcc/arm-none-eabi/4.7.3/armv6-m\libgcc.a(subsf3.o)
 .ARM.attributes
                0x0000091b       0x2c c:/codewarrior/cw mcu v10.6/cross_tools/arm-none-eabi-gcc-4_7_3/bin/../lib/gcc/arm-none-eabi/4.7.3/armv6-m\libgcc.a(fixsfsi.o)
 .ARM.attributes
                0x00000947       0x2c c:/codewarrior/cw mcu v10.6/cross_tools/arm-none-eabi-gcc-4_7_3/bin/../lib/gcc/arm-none-eabi/4.7.3/armv6-m\libgcc.a(floatsisf.o)
 .ARM.attributes
                0x00000973       0x2c c:/codewarrior/cw mcu v10.6/cross_tools/arm-none-eabi-gcc-4_7_3/bin/../lib/gcc/arm-none-eabi/4.7.3/armv6-m\libgcc.a(adddf3.o)
 .ARM.attributes
                0x0000099f       0x2c c:/codewarrior/cw mcu v10.6/cross_tools/arm-none-eabi-gcc-4_7_3/bin/../lib/gcc/arm-none-eabi/4.7.3/armv6-m\libgcc.a(divdf3.o)
 .ARM.attributes
                0x000009cb       0x2c c:/codewarrior/cw mcu v10.6/cross_tools/arm-none-eabi-gcc-4_7_3/bin/../lib/gcc/arm-none-eabi/4.7.3/armv6-m\libgcc.a(eqdf2.o)
 .ARM.attributes
                0x000009f7       0x2c c:/codewarrior/cw mcu v10.6/cross_tools/arm-none-eabi-gcc-4_7_3/bin/../lib/gcc/arm-none-eabi/4.7.3/armv6-m\libgcc.a(gedf2.o)
 .ARM.attributes
                0x00000a23       0x2c c:/codewarrior/cw mcu v10.6/cross_tools/arm-none-eabi-gcc-4_7_3/bin/../lib/gcc/arm-none-eabi/4.7.3/armv6-m\libgcc.a(ledf2.o)
 .ARM.attributes
                0x00000a4f       0x2c c:/codewarrior/cw mcu v10.6/cross_tools/arm-none-eabi-gcc-4_7_3/bin/../lib/gcc/arm-none-eabi/4.7.3/armv6-m\libgcc.a(muldf3.o)
 .ARM.attributes
                0x00000a7b       0x2c c:/codewarrior/cw mcu v10.6/cross_tools/arm-none-eabi-gcc-4_7_3/bin/../lib/gcc/arm-none-eabi/4.7.3/armv6-m\libgcc.a(subdf3.o)
 .ARM.attributes
                0x00000aa7       0x2c c:/codewarrior/cw mcu v10.6/cross_tools/arm-none-eabi-gcc-4_7_3/bin/../lib/gcc/arm-none-eabi/4.7.3/armv6-m\libgcc.a(floatsidf.o)
 .ARM.attributes
                0x00000ad3       0x2c c:/codewarrior/cw mcu v10.6/cross_tools/arm-none-eabi-gcc-4_7_3/bin/../lib/gcc/arm-none-eabi/4.7.3/armv6-m\libgcc.a(extendsfdf2.o)
 .ARM.attributes
                0x00000aff       0x2c c:/codewarrior/cw mcu v10.6/cross_tools/arm-none-eabi-gcc-4_7_3/bin/../lib/gcc/arm-none-eabi/4.7.3/armv6-m\libgcc.a(truncdfsf2.o)
 .ARM.attributes
                0x00000b2b       0x1e c:/codewarrior/cw mcu v10.6/cross_tools/arm-none-eabi-gcc-4_7_3/bin/../lib/gcc/arm-none-eabi/4.7.3/armv6-m\libgcc.a(_clzsi2.o)
 .ARM.attributes
                0x00000b49       0x31 C:/CodeWarrior/CW MCU v10.6/MCU/ARM_GCC_Support/ewl/lib/armv6-m\librt.a(gcc_ctor_dtor.o)
 .ARM.attributes
                0x00000b7a       0x31 C:/CodeWarrior/CW MCU v10.6/MCU/ARM_GCC_Support/ewl/lib/armv6-m\librt.a(ROMCopy.o)
 .ARM.attributes
                0x00000bab       0x31 C:/CodeWarrior/CW MCU v10.6/MCU/ARM_GCC_Support/ewl/lib/armv6-m\librt.a(__arm_eabi_init.o)
OUTPUT(board_code.elf elf32-littlearm)

.debug_info     0x00000000     0xa258
 .debug_info    0x00000000      0x447 ./Project_Settings/Startup_Code/kinetis_sysinit.o
 .debug_info    0x00000447      0x12a ./Project_Settings/Startup_Code/__arm_start.o
 .debug_info    0x00000571       0x54 ./Project_Settings/Startup_Code/__arm_end.o
 .debug_info    0x000005c5      0x5ba ./Sources/user_interface.o
 .debug_info    0x00000b7f      0x74e ./Sources/uart_functions.o
 .debug_info    0x000012cd      0xf8e ./Sources/mcg.o
 .debug_info    0x0000225b      0x407 ./Sources/main.o
 .debug_info    0x00002662      0x4e4 ./Sources/halLCD.o
 .debug_info    0x00002b46      0xaca ./Sources/halGPIO.o
 .debug_info    0x00003610      0x6e0 ./Sources/file_system.o
 .debug_info    0x00003cf0      0x1a3 ./Sources/convertToAscii.o
 .debug_info    0x00003e93      0x3cb ./Sources/arm_cm0.o
 .debug_info    0x0000425e      0xace ./Sources/UART.o
 .debug_info    0x00004d2c      0x412 ./Sources/Fsm.o
 .debug_info    0x0000513e      0xb9d ./Sources/BoardSupport.o
 .debug_info    0x00005cdb      0xc2c ./Sources/ADCandDAC.o
 .debug_info    0x00006907      0x11e C:/CodeWarrior/CW MCU v10.6/MCU/ARM_GCC_Support/ewl/lib/armv6-m\libc.a(sprintf.o)
 .debug_info    0x00006a25      0x205 C:/CodeWarrior/CW MCU v10.6/MCU/ARM_GCC_Support/ewl/lib/armv6-m\libc.a(vsnprintf.o)
 .debug_info    0x00006c2a      0x228 C:/CodeWarrior/CW MCU v10.6/MCU/ARM_GCC_Support/ewl/lib/armv6-m\libc.a(atoi.o)
 .debug_info    0x00006e52       0xe8 C:/CodeWarrior/CW MCU v10.6/MCU/ARM_GCC_Support/ewl/lib/armv6-m\libc.a(exit.o)
 .debug_info    0x00006f3a      0x10f C:/CodeWarrior/CW MCU v10.6/MCU/ARM_GCC_Support/ewl/lib/armv6-m\libc.a(memcpy.o)
 .debug_info    0x00007049       0xec C:/CodeWarrior/CW MCU v10.6/MCU/ARM_GCC_Support/ewl/lib/armv6-m\libc.a(memset.o)
 .debug_info    0x00007135       0xf0 C:/CodeWarrior/CW MCU v10.6/MCU/ARM_GCC_Support/ewl/lib/armv6-m\libc.a(strcat.o)
 .debug_info    0x00007225      0x109 C:/CodeWarrior/CW MCU v10.6/MCU/ARM_GCC_Support/ewl/lib/armv6-m\libc.a(strcpy.o)
 .debug_info    0x0000732e       0xea C:/CodeWarrior/CW MCU v10.6/MCU/ARM_GCC_Support/ewl/lib/armv6-m\libc.a(strlen.o)
 .debug_info    0x00007418      0x50d C:/CodeWarrior/CW MCU v10.6/MCU/ARM_GCC_Support/ewl/lib/armv6-m\libc.a(printformat_.o)
 .debug_info    0x00007925      0x568 C:/CodeWarrior/CW MCU v10.6/MCU/ARM_GCC_Support/ewl/lib/armv6-m\libc.a(scanformat_.o)
 .debug_info    0x00007e8d      0x313 C:/CodeWarrior/CW MCU v10.6/MCU/ARM_GCC_Support/ewl/lib/armv6-m\libc.a(ctype_aeabi.o)
 .debug_info    0x000081a0       0x9d C:/CodeWarrior/CW MCU v10.6/MCU/ARM_GCC_Support/ewl/lib/armv6-m\libc.a(errno.o)
 .debug_info    0x0000823d      0x253 C:/CodeWarrior/CW MCU v10.6/MCU/ARM_GCC_Support/ewl/lib/armv6-m\libc.a(vsscanf.o)
 .debug_info    0x00008490      0x1d6 C:/CodeWarrior/CW MCU v10.6/MCU/ARM_GCC_Support/ewl/lib/armv6-m\libc.a(__strtoul.o)
 .debug_info    0x00008666      0x137 C:/CodeWarrior/CW MCU v10.6/MCU/ARM_GCC_Support/ewl/lib/armv6-m\libc.a(__filll_mem.o)
 .debug_info    0x0000879d      0x121 C:/CodeWarrior/CW MCU v10.6/MCU/ARM_GCC_Support/ewl/lib/armv6-m\libc.a(memchr.o)
 .debug_info    0x000088be      0x10b C:/CodeWarrior/CW MCU v10.6/MCU/ARM_GCC_Support/ewl/lib/armv6-m\libc.a(strchr.o)
 .debug_info    0x000089c9       0xc0 C:/CodeWarrior/CW MCU v10.6/MCU/ARM_GCC_Support/ewl/lib/armv6-m\libm.a(w_pow.o)
 .debug_info    0x00008a89      0x5c7 C:/CodeWarrior/CW MCU v10.6/MCU/ARM_GCC_Support/ewl/lib/armv6-m\libm.a(e_pow.o)
 .debug_info    0x00009050      0x1e4 C:/CodeWarrior/CW MCU v10.6/MCU/ARM_GCC_Support/ewl/lib/armv6-m\libm.a(float.o)
 .debug_info    0x00009234      0x305 C:/CodeWarrior/CW MCU v10.6/MCU/ARM_GCC_Support/ewl/lib/armv6-m\libm.a(math_api.o)
 .debug_info    0x00009539       0xf9 C:/CodeWarrior/CW MCU v10.6/MCU/ARM_GCC_Support/ewl/lib/armv6-m\libm.a(scalbn.o)
 .debug_info    0x00009632       0xb3 C:/CodeWarrior/CW MCU v10.6/MCU/ARM_GCC_Support/ewl/lib/armv6-m\libm.a(w_sqrt.o)
 .debug_info    0x000096e5      0x266 C:/CodeWarrior/CW MCU v10.6/MCU/ARM_GCC_Support/ewl/lib/armv6-m\libm.a(e_sqrt.o)
 .debug_info    0x0000994b      0x1a1 C:/CodeWarrior/CW MCU v10.6/MCU/ARM_GCC_Support/ewl/lib/armv6-m\libm.a(s_frexp.o)
 .debug_info    0x00009aec      0x1e2 C:/CodeWarrior/CW MCU v10.6/MCU/ARM_GCC_Support/ewl/lib/armv6-m\libm.a(s_ldexp.o)
 .debug_info    0x00009cce      0x136 C:/CodeWarrior/CW MCU v10.6/MCU/ARM_GCC_Support/ewl/lib/armv6-m\librt.a(gcc_ctor_dtor.o)
 .debug_info    0x00009e04      0x19b C:/CodeWarrior/CW MCU v10.6/MCU/ARM_GCC_Support/ewl/lib/armv6-m\librt.a(ROMCopy.o)
 .debug_info    0x00009f9f      0x2b9 C:/CodeWarrior/CW MCU v10.6/MCU/ARM_GCC_Support/ewl/lib/armv6-m\librt.a(__arm_eabi_init.o)

.debug_abbrev   0x00000000     0x2b20
 .debug_abbrev  0x00000000       0xe7 ./Project_Settings/Startup_Code/kinetis_sysinit.o
 .debug_abbrev  0x000000e7       0x92 ./Project_Settings/Startup_Code/__arm_start.o
 .debug_abbrev  0x00000179       0x4c ./Project_Settings/Startup_Code/__arm_end.o
 .debug_abbrev  0x000001c5      0x198 ./Sources/user_interface.o
 .debug_abbrev  0x0000035d      0x17f ./Sources/uart_functions.o
 .debug_abbrev  0x000004dc      0x18d ./Sources/mcg.o
 .debug_abbrev  0x00000669      0x101 ./Sources/main.o
 .debug_abbrev  0x0000076a      0x145 ./Sources/halLCD.o
 .debug_abbrev  0x000008af      0x1c9 ./Sources/halGPIO.o
 .debug_abbrev  0x00000a78      0x180 ./Sources/file_system.o
 .debug_abbrev  0x00000bf8       0xb2 ./Sources/convertToAscii.o
 .debug_abbrev  0x00000caa      0x102 ./Sources/arm_cm0.o
 .debug_abbrev  0x00000dac      0x18d ./Sources/UART.o
 .debug_abbrev  0x00000f39       0xf1 ./Sources/Fsm.o
 .debug_abbrev  0x0000102a      0x170 ./Sources/BoardSupport.o
 .debug_abbrev  0x0000119a      0x1cb ./Sources/ADCandDAC.o
 .debug_abbrev  0x00001365       0xb1 C:/CodeWarrior/CW MCU v10.6/MCU/ARM_GCC_Support/ewl/lib/armv6-m\libc.a(sprintf.o)
 .debug_abbrev  0x00001416       0xf0 C:/CodeWarrior/CW MCU v10.6/MCU/ARM_GCC_Support/ewl/lib/armv6-m\libc.a(vsnprintf.o)
 .debug_abbrev  0x00001506       0xd4 C:/CodeWarrior/CW MCU v10.6/MCU/ARM_GCC_Support/ewl/lib/armv6-m\libc.a(atoi.o)
 .debug_abbrev  0x000015da       0x7a C:/CodeWarrior/CW MCU v10.6/MCU/ARM_GCC_Support/ewl/lib/armv6-m\libc.a(exit.o)
 .debug_abbrev  0x00001654       0x95 C:/CodeWarrior/CW MCU v10.6/MCU/ARM_GCC_Support/ewl/lib/armv6-m\libc.a(memcpy.o)
 .debug_abbrev  0x000016e9       0x62 C:/CodeWarrior/CW MCU v10.6/MCU/ARM_GCC_Support/ewl/lib/armv6-m\libc.a(memset.o)
 .debug_abbrev  0x0000174b       0x89 C:/CodeWarrior/CW MCU v10.6/MCU/ARM_GCC_Support/ewl/lib/armv6-m\libc.a(strcat.o)
 .debug_abbrev  0x000017d4       0x78 C:/CodeWarrior/CW MCU v10.6/MCU/ARM_GCC_Support/ewl/lib/armv6-m\libc.a(strcpy.o)
 .debug_abbrev  0x0000184c       0x7a C:/CodeWarrior/CW MCU v10.6/MCU/ARM_GCC_Support/ewl/lib/armv6-m\libc.a(strlen.o)
 .debug_abbrev  0x000018c6      0x200 C:/CodeWarrior/CW MCU v10.6/MCU/ARM_GCC_Support/ewl/lib/armv6-m\libc.a(printformat_.o)
 .debug_abbrev  0x00001ac6      0x1f0 C:/CodeWarrior/CW MCU v10.6/MCU/ARM_GCC_Support/ewl/lib/armv6-m\libc.a(scanformat_.o)
 .debug_abbrev  0x00001cb6       0x9e C:/CodeWarrior/CW MCU v10.6/MCU/ARM_GCC_Support/ewl/lib/armv6-m\libc.a(ctype_aeabi.o)
 .debug_abbrev  0x00001d54       0x44 C:/CodeWarrior/CW MCU v10.6/MCU/ARM_GCC_Support/ewl/lib/armv6-m\libc.a(errno.o)
 .debug_abbrev  0x00001d98      0x15f C:/CodeWarrior/CW MCU v10.6/MCU/ARM_GCC_Support/ewl/lib/armv6-m\libc.a(vsscanf.o)
 .debug_abbrev  0x00001ef7       0xc2 C:/CodeWarrior/CW MCU v10.6/MCU/ARM_GCC_Support/ewl/lib/armv6-m\libc.a(__strtoul.o)
 .debug_abbrev  0x00001fb9       0x78 C:/CodeWarrior/CW MCU v10.6/MCU/ARM_GCC_Support/ewl/lib/armv6-m\libc.a(__filll_mem.o)
 .debug_abbrev  0x00002031       0x95 C:/CodeWarrior/CW MCU v10.6/MCU/ARM_GCC_Support/ewl/lib/armv6-m\libc.a(memchr.o)
 .debug_abbrev  0x000020c6       0x7a C:/CodeWarrior/CW MCU v10.6/MCU/ARM_GCC_Support/ewl/lib/armv6-m\libc.a(strchr.o)
 .debug_abbrev  0x00002140       0x59 C:/CodeWarrior/CW MCU v10.6/MCU/ARM_GCC_Support/ewl/lib/armv6-m\libm.a(w_pow.o)
 .debug_abbrev  0x00002199      0x157 C:/CodeWarrior/CW MCU v10.6/MCU/ARM_GCC_Support/ewl/lib/armv6-m\libm.a(e_pow.o)
 .debug_abbrev  0x000022f0       0x56 C:/CodeWarrior/CW MCU v10.6/MCU/ARM_GCC_Support/ewl/lib/armv6-m\libm.a(float.o)
 .debug_abbrev  0x00002346       0xe8 C:/CodeWarrior/CW MCU v10.6/MCU/ARM_GCC_Support/ewl/lib/armv6-m\libm.a(math_api.o)
 .debug_abbrev  0x0000242e       0x86 C:/CodeWarrior/CW MCU v10.6/MCU/ARM_GCC_Support/ewl/lib/armv6-m\libm.a(scalbn.o)
 .debug_abbrev  0x000024b4       0x59 C:/CodeWarrior/CW MCU v10.6/MCU/ARM_GCC_Support/ewl/lib/armv6-m\libm.a(w_sqrt.o)
 .debug_abbrev  0x0000250d      0x10b C:/CodeWarrior/CW MCU v10.6/MCU/ARM_GCC_Support/ewl/lib/armv6-m\libm.a(e_sqrt.o)
 .debug_abbrev  0x00002618       0xce C:/CodeWarrior/CW MCU v10.6/MCU/ARM_GCC_Support/ewl/lib/armv6-m\libm.a(s_frexp.o)
 .debug_abbrev  0x000026e6       0xce C:/CodeWarrior/CW MCU v10.6/MCU/ARM_GCC_Support/ewl/lib/armv6-m\libm.a(s_ldexp.o)
 .debug_abbrev  0x000027b4       0x99 C:/CodeWarrior/CW MCU v10.6/MCU/ARM_GCC_Support/ewl/lib/armv6-m\librt.a(gcc_ctor_dtor.o)
 .debug_abbrev  0x0000284d      0x120 C:/CodeWarrior/CW MCU v10.6/MCU/ARM_GCC_Support/ewl/lib/armv6-m\librt.a(ROMCopy.o)
 .debug_abbrev  0x0000296d      0x1b3 C:/CodeWarrior/CW MCU v10.6/MCU/ARM_GCC_Support/ewl/lib/armv6-m\librt.a(__arm_eabi_init.o)

.debug_loc      0x00000000     0x5574
 .debug_loc     0x00000000       0x58 ./Project_Settings/Startup_Code/kinetis_sysinit.o
 .debug_loc     0x00000058       0x2c ./Project_Settings/Startup_Code/__arm_start.o
 .debug_loc     0x00000084       0x38 ./Project_Settings/Startup_Code/__arm_end.o
 .debug_loc     0x000000bc      0x164 ./Sources/user_interface.o
 .debug_loc     0x00000220      0x26a ./Sources/uart_functions.o
 .debug_loc     0x0000048a      0x64c ./Sources/mcg.o
 .debug_loc     0x00000ad6       0x3a ./Sources/main.o
 .debug_loc     0x00000b10      0x10c ./Sources/halLCD.o
 .debug_loc     0x00000c1c      0x244 ./Sources/halGPIO.o
 .debug_loc     0x00000e60      0x304 ./Sources/file_system.o
 .debug_loc     0x00001164       0xa8 ./Sources/convertToAscii.o
 .debug_loc     0x0000120c      0x138 ./Sources/arm_cm0.o
 .debug_loc     0x00001344      0x150 ./Sources/UART.o
 .debug_loc     0x00001494       0x9c ./Sources/Fsm.o
 .debug_loc     0x00001530      0x1e8 ./Sources/BoardSupport.o
 .debug_loc     0x00001718      0x138 ./Sources/ADCandDAC.o
 .debug_loc     0x00001850       0x3f C:/CodeWarrior/CW MCU v10.6/MCU/ARM_GCC_Support/ewl/lib/armv6-m\libc.a(sprintf.o)
 .debug_loc     0x0000188f      0x105 C:/CodeWarrior/CW MCU v10.6/MCU/ARM_GCC_Support/ewl/lib/armv6-m\libc.a(vsnprintf.o)
 .debug_loc     0x00001994      0x169 C:/CodeWarrior/CW MCU v10.6/MCU/ARM_GCC_Support/ewl/lib/armv6-m\libc.a(atoi.o)
 .debug_loc     0x00001afd       0x3e C:/CodeWarrior/CW MCU v10.6/MCU/ARM_GCC_Support/ewl/lib/armv6-m\libc.a(exit.o)
 .debug_loc     0x00001b3b       0x59 C:/CodeWarrior/CW MCU v10.6/MCU/ARM_GCC_Support/ewl/lib/armv6-m\libc.a(memcpy.o)
 .debug_loc     0x00001b94       0x6f C:/CodeWarrior/CW MCU v10.6/MCU/ARM_GCC_Support/ewl/lib/armv6-m\libc.a(memset.o)
 .debug_loc     0x00001c03       0x85 C:/CodeWarrior/CW MCU v10.6/MCU/ARM_GCC_Support/ewl/lib/armv6-m\libc.a(strcat.o)
 .debug_loc     0x00001c88       0x20 C:/CodeWarrior/CW MCU v10.6/MCU/ARM_GCC_Support/ewl/lib/armv6-m\libc.a(strcpy.o)
 .debug_loc     0x00001ca8       0x33 C:/CodeWarrior/CW MCU v10.6/MCU/ARM_GCC_Support/ewl/lib/armv6-m\libc.a(strlen.o)
 .debug_loc     0x00001cdb     0x104b C:/CodeWarrior/CW MCU v10.6/MCU/ARM_GCC_Support/ewl/lib/armv6-m\libc.a(printformat_.o)
 .debug_loc     0x00002d26      0x9d8 C:/CodeWarrior/CW MCU v10.6/MCU/ARM_GCC_Support/ewl/lib/armv6-m\libc.a(scanformat_.o)
 .debug_loc     0x000036fe      0x30d C:/CodeWarrior/CW MCU v10.6/MCU/ARM_GCC_Support/ewl/lib/armv6-m\libc.a(ctype_aeabi.o)
 .debug_loc     0x00003a0b      0x16c C:/CodeWarrior/CW MCU v10.6/MCU/ARM_GCC_Support/ewl/lib/armv6-m\libc.a(vsscanf.o)
 .debug_loc     0x00003b77      0x305 C:/CodeWarrior/CW MCU v10.6/MCU/ARM_GCC_Support/ewl/lib/armv6-m\libc.a(__strtoul.o)
 .debug_loc     0x00003e7c      0x14a C:/CodeWarrior/CW MCU v10.6/MCU/ARM_GCC_Support/ewl/lib/armv6-m\libc.a(__filll_mem.o)
 .debug_loc     0x00003fc6       0x77 C:/CodeWarrior/CW MCU v10.6/MCU/ARM_GCC_Support/ewl/lib/armv6-m\libc.a(memchr.o)
 .debug_loc     0x0000403d       0xaf C:/CodeWarrior/CW MCU v10.6/MCU/ARM_GCC_Support/ewl/lib/armv6-m\libc.a(strchr.o)
 .debug_loc     0x000040ec       0x50 C:/CodeWarrior/CW MCU v10.6/MCU/ARM_GCC_Support/ewl/lib/armv6-m\libm.a(w_pow.o)
 .debug_loc     0x0000413c      0x962 C:/CodeWarrior/CW MCU v10.6/MCU/ARM_GCC_Support/ewl/lib/armv6-m\libm.a(e_pow.o)
 .debug_loc     0x00004a9e      0x2d7 C:/CodeWarrior/CW MCU v10.6/MCU/ARM_GCC_Support/ewl/lib/armv6-m\libm.a(math_api.o)
 .debug_loc     0x00004d75       0x6e C:/CodeWarrior/CW MCU v10.6/MCU/ARM_GCC_Support/ewl/lib/armv6-m\libm.a(scalbn.o)
 .debug_loc     0x00004de3       0x38 C:/CodeWarrior/CW MCU v10.6/MCU/ARM_GCC_Support/ewl/lib/armv6-m\libm.a(w_sqrt.o)
 .debug_loc     0x00004e1b      0x220 C:/CodeWarrior/CW MCU v10.6/MCU/ARM_GCC_Support/ewl/lib/armv6-m\libm.a(e_sqrt.o)
 .debug_loc     0x0000503b       0xc1 C:/CodeWarrior/CW MCU v10.6/MCU/ARM_GCC_Support/ewl/lib/armv6-m\libm.a(s_frexp.o)
 .debug_loc     0x000050fc      0x16b C:/CodeWarrior/CW MCU v10.6/MCU/ARM_GCC_Support/ewl/lib/armv6-m\libm.a(s_ldexp.o)
 .debug_loc     0x00005267       0x9d C:/CodeWarrior/CW MCU v10.6/MCU/ARM_GCC_Support/ewl/lib/armv6-m\librt.a(gcc_ctor_dtor.o)
 .debug_loc     0x00005304       0xd9 C:/CodeWarrior/CW MCU v10.6/MCU/ARM_GCC_Support/ewl/lib/armv6-m\librt.a(ROMCopy.o)
 .debug_loc     0x000053dd      0x197 C:/CodeWarrior/CW MCU v10.6/MCU/ARM_GCC_Support/ewl/lib/armv6-m\librt.a(__arm_eabi_init.o)

.debug_aranges  0x00000000      0xa00
 .debug_aranges
                0x00000000       0x28 ./Project_Settings/Startup_Code/kinetis_sysinit.o
 .debug_aranges
                0x00000028       0x30 ./Project_Settings/Startup_Code/__arm_start.o
 .debug_aranges
                0x00000058       0x20 ./Project_Settings/Startup_Code/__arm_end.o
 .debug_aranges
                0x00000078       0x50 ./Sources/user_interface.o
 .debug_aranges
                0x000000c8       0x70 ./Sources/uart_functions.o
 .debug_aranges
                0x00000138      0x100 ./Sources/mcg.o
 .debug_aranges
                0x00000238       0x20 ./Sources/main.o
 .debug_aranges
                0x00000258       0x40 ./Sources/halLCD.o
 .debug_aranges
                0x00000298       0x70 ./Sources/halGPIO.o
 .debug_aranges
                0x00000308       0x88 ./Sources/file_system.o
 .debug_aranges
                0x00000390       0x30 ./Sources/convertToAscii.o
 .debug_aranges
                0x000003c0       0x48 ./Sources/arm_cm0.o
 .debug_aranges
                0x00000408       0x48 ./Sources/UART.o
 .debug_aranges
                0x00000450       0x30 ./Sources/Fsm.o
 .debug_aranges
                0x00000480       0x68 ./Sources/BoardSupport.o
 .debug_aranges
                0x000004e8       0x48 ./Sources/ADCandDAC.o
 .debug_aranges
                0x00000530       0x20 C:/CodeWarrior/CW MCU v10.6/MCU/ARM_GCC_Support/ewl/lib/armv6-m\libc.a(sprintf.o)
 .debug_aranges
                0x00000550       0x28 C:/CodeWarrior/CW MCU v10.6/MCU/ARM_GCC_Support/ewl/lib/armv6-m\libc.a(vsnprintf.o)
 .debug_aranges
                0x00000578       0x30 C:/CodeWarrior/CW MCU v10.6/MCU/ARM_GCC_Support/ewl/lib/armv6-m\libc.a(atoi.o)
 .debug_aranges
                0x000005a8       0x20 C:/CodeWarrior/CW MCU v10.6/MCU/ARM_GCC_Support/ewl/lib/armv6-m\libc.a(exit.o)
 .debug_aranges
                0x000005c8       0x20 C:/CodeWarrior/CW MCU v10.6/MCU/ARM_GCC_Support/ewl/lib/armv6-m\libc.a(memcpy.o)
 .debug_aranges
                0x000005e8       0x20 C:/CodeWarrior/CW MCU v10.6/MCU/ARM_GCC_Support/ewl/lib/armv6-m\libc.a(memset.o)
 .debug_aranges
                0x00000608       0x20 C:/CodeWarrior/CW MCU v10.6/MCU/ARM_GCC_Support/ewl/lib/armv6-m\libc.a(strcat.o)
 .debug_aranges
                0x00000628       0x20 C:/CodeWarrior/CW MCU v10.6/MCU/ARM_GCC_Support/ewl/lib/armv6-m\libc.a(strcpy.o)
 .debug_aranges
                0x00000648       0x20 C:/CodeWarrior/CW MCU v10.6/MCU/ARM_GCC_Support/ewl/lib/armv6-m\libc.a(strlen.o)
 .debug_aranges
                0x00000668       0x28 C:/CodeWarrior/CW MCU v10.6/MCU/ARM_GCC_Support/ewl/lib/armv6-m\libc.a(printformat_.o)
 .debug_aranges
                0x00000690       0x20 C:/CodeWarrior/CW MCU v10.6/MCU/ARM_GCC_Support/ewl/lib/armv6-m\libc.a(scanformat_.o)
 .debug_aranges
                0x000006b0       0x88 C:/CodeWarrior/CW MCU v10.6/MCU/ARM_GCC_Support/ewl/lib/armv6-m\libc.a(ctype_aeabi.o)
 .debug_aranges
                0x00000738       0x18 C:/CodeWarrior/CW MCU v10.6/MCU/ARM_GCC_Support/ewl/lib/armv6-m\libc.a(errno.o)
 .debug_aranges
                0x00000750       0x28 C:/CodeWarrior/CW MCU v10.6/MCU/ARM_GCC_Support/ewl/lib/armv6-m\libc.a(vsscanf.o)
 .debug_aranges
                0x00000778       0x20 C:/CodeWarrior/CW MCU v10.6/MCU/ARM_GCC_Support/ewl/lib/armv6-m\libc.a(__strtoul.o)
 .debug_aranges
                0x00000798       0x20 C:/CodeWarrior/CW MCU v10.6/MCU/ARM_GCC_Support/ewl/lib/armv6-m\libc.a(__filll_mem.o)
 .debug_aranges
                0x000007b8       0x20 C:/CodeWarrior/CW MCU v10.6/MCU/ARM_GCC_Support/ewl/lib/armv6-m\libc.a(memchr.o)
 .debug_aranges
                0x000007d8       0x20 C:/CodeWarrior/CW MCU v10.6/MCU/ARM_GCC_Support/ewl/lib/armv6-m\libc.a(strchr.o)
 .debug_aranges
                0x000007f8       0x20 C:/CodeWarrior/CW MCU v10.6/MCU/ARM_GCC_Support/ewl/lib/armv6-m\libm.a(w_pow.o)
 .debug_aranges
                0x00000818       0x20 C:/CodeWarrior/CW MCU v10.6/MCU/ARM_GCC_Support/ewl/lib/armv6-m\libm.a(e_pow.o)
 .debug_aranges
                0x00000838       0x18 C:/CodeWarrior/CW MCU v10.6/MCU/ARM_GCC_Support/ewl/lib/armv6-m\libm.a(float.o)
 .debug_aranges
                0x00000850       0x60 C:/CodeWarrior/CW MCU v10.6/MCU/ARM_GCC_Support/ewl/lib/armv6-m\libm.a(math_api.o)
 .debug_aranges
                0x000008b0       0x20 C:/CodeWarrior/CW MCU v10.6/MCU/ARM_GCC_Support/ewl/lib/armv6-m\libm.a(scalbn.o)
 .debug_aranges
                0x000008d0       0x20 C:/CodeWarrior/CW MCU v10.6/MCU/ARM_GCC_Support/ewl/lib/armv6-m\libm.a(w_sqrt.o)
 .debug_aranges
                0x000008f0       0x20 C:/CodeWarrior/CW MCU v10.6/MCU/ARM_GCC_Support/ewl/lib/armv6-m\libm.a(e_sqrt.o)
 .debug_aranges
                0x00000910       0x20 C:/CodeWarrior/CW MCU v10.6/MCU/ARM_GCC_Support/ewl/lib/armv6-m\libm.a(s_frexp.o)
 .debug_aranges
                0x00000930       0x20 C:/CodeWarrior/CW MCU v10.6/MCU/ARM_GCC_Support/ewl/lib/armv6-m\libm.a(s_ldexp.o)
 .debug_aranges
                0x00000950       0x28 C:/CodeWarrior/CW MCU v10.6/MCU/ARM_GCC_Support/ewl/lib/armv6-m\librt.a(gcc_ctor_dtor.o)
 .debug_aranges
                0x00000978       0x30 C:/CodeWarrior/CW MCU v10.6/MCU/ARM_GCC_Support/ewl/lib/armv6-m\librt.a(ROMCopy.o)
 .debug_aranges
                0x000009a8       0x58 C:/CodeWarrior/CW MCU v10.6/MCU/ARM_GCC_Support/ewl/lib/armv6-m\librt.a(__arm_eabi_init.o)

.debug_macinfo  0x00000000   0x20de37
 .debug_macinfo
                0x00000000    0x264f0 ./Project_Settings/Startup_Code/kinetis_sysinit.o
 .debug_macinfo
                0x000264f0     0x3e6d ./Project_Settings/Startup_Code/__arm_start.o
 .debug_macinfo
                0x0002a35d     0x3456 ./Project_Settings/Startup_Code/__arm_end.o
 .debug_macinfo
                0x0002d7b3    0x27b9c ./Sources/user_interface.o
 .debug_macinfo
                0x0005534f    0x27b9c ./Sources/uart_functions.o
 .debug_macinfo
                0x0007ceeb    0x265cb ./Sources/mcg.o
 .debug_macinfo
                0x000a34b6    0x27bc9 ./Sources/main.o
 .debug_macinfo
                0x000cb07f    0x27b9c ./Sources/halLCD.o
 .debug_macinfo
                0x000f2c1b    0x27b9c ./Sources/halGPIO.o
 .debug_macinfo
                0x0011a7b7    0x27b9c ./Sources/file_system.o
 .debug_macinfo
                0x00142353     0x5e25 ./Sources/convertToAscii.o
 .debug_macinfo
                0x00148178    0x26567 ./Sources/arm_cm0.o
 .debug_macinfo
                0x0016e6df    0x27bb3 ./Sources/UART.o
 .debug_macinfo
                0x00196292    0x27ba0 ./Sources/Fsm.o
 .debug_macinfo
                0x001bde32    0x27cca ./Sources/BoardSupport.o
 .debug_macinfo
                0x001e5afc    0x2833b ./Sources/ADCandDAC.o

.debug_line     0x00000000     0x5980
 .debug_line    0x00000000      0x223 ./Project_Settings/Startup_Code/kinetis_sysinit.o
 .debug_line    0x00000223      0x2a6 ./Project_Settings/Startup_Code/__arm_start.o
 .debug_line    0x000004c9      0x26e ./Project_Settings/Startup_Code/__arm_end.o
 .debug_line    0x00000737      0x427 ./Sources/user_interface.o
 .debug_line    0x00000b5e      0x45a ./Sources/uart_functions.o
 .debug_line    0x00000fb8      0x9af ./Sources/mcg.o
 .debug_line    0x00001967      0x359 ./Sources/main.o
 .debug_line    0x00001cc0      0x3c6 ./Sources/halLCD.o
 .debug_line    0x00002086      0x47c ./Sources/halGPIO.o
 .debug_line    0x00002502      0x4a4 ./Sources/file_system.o
 .debug_line    0x000029a6      0x306 ./Sources/convertToAscii.o
 .debug_line    0x00002cac      0x254 ./Sources/arm_cm0.o
 .debug_line    0x00002f00      0x403 ./Sources/UART.o
 .debug_line    0x00003303      0x372 ./Sources/Fsm.o
 .debug_line    0x00003675      0x425 ./Sources/BoardSupport.o
 .debug_line    0x00003a9a      0x3f7 ./Sources/ADCandDAC.o
 .debug_line    0x00003e91       0x93 C:/CodeWarrior/CW MCU v10.6/MCU/ARM_GCC_Support/ewl/lib/armv6-m\libc.a(sprintf.o)
 .debug_line    0x00003f24       0xd4 C:/CodeWarrior/CW MCU v10.6/MCU/ARM_GCC_Support/ewl/lib/armv6-m\libc.a(vsnprintf.o)
 .debug_line    0x00003ff8       0xd2 C:/CodeWarrior/CW MCU v10.6/MCU/ARM_GCC_Support/ewl/lib/armv6-m\libc.a(atoi.o)
 .debug_line    0x000040ca       0x8d C:/CodeWarrior/CW MCU v10.6/MCU/ARM_GCC_Support/ewl/lib/armv6-m\libc.a(exit.o)
 .debug_line    0x00004157       0x8b C:/CodeWarrior/CW MCU v10.6/MCU/ARM_GCC_Support/ewl/lib/armv6-m\libc.a(memcpy.o)
 .debug_line    0x000041e2       0x90 C:/CodeWarrior/CW MCU v10.6/MCU/ARM_GCC_Support/ewl/lib/armv6-m\libc.a(memset.o)
 .debug_line    0x00004272       0x7e C:/CodeWarrior/CW MCU v10.6/MCU/ARM_GCC_Support/ewl/lib/armv6-m\libc.a(strcat.o)
 .debug_line    0x000042f0       0x7d C:/CodeWarrior/CW MCU v10.6/MCU/ARM_GCC_Support/ewl/lib/armv6-m\libc.a(strcpy.o)
 .debug_line    0x0000436d       0x85 C:/CodeWarrior/CW MCU v10.6/MCU/ARM_GCC_Support/ewl/lib/armv6-m\libc.a(strlen.o)
 .debug_line    0x000043f2      0x2c3 C:/CodeWarrior/CW MCU v10.6/MCU/ARM_GCC_Support/ewl/lib/armv6-m\libc.a(printformat_.o)
 .debug_line    0x000046b5      0x2be C:/CodeWarrior/CW MCU v10.6/MCU/ARM_GCC_Support/ewl/lib/armv6-m\libc.a(scanformat_.o)
 .debug_line    0x00004973      0x1be C:/CodeWarrior/CW MCU v10.6/MCU/ARM_GCC_Support/ewl/lib/armv6-m\libc.a(ctype_aeabi.o)
 .debug_line    0x00004b31       0x4d C:/CodeWarrior/CW MCU v10.6/MCU/ARM_GCC_Support/ewl/lib/armv6-m\libc.a(errno.o)
 .debug_line    0x00004b7e       0xc8 C:/CodeWarrior/CW MCU v10.6/MCU/ARM_GCC_Support/ewl/lib/armv6-m\libc.a(vsscanf.o)
 .debug_line    0x00004c46      0x11e C:/CodeWarrior/CW MCU v10.6/MCU/ARM_GCC_Support/ewl/lib/armv6-m\libc.a(__strtoul.o)
 .debug_line    0x00004d64       0xf6 C:/CodeWarrior/CW MCU v10.6/MCU/ARM_GCC_Support/ewl/lib/armv6-m\libc.a(__filll_mem.o)
 .debug_line    0x00004e5a       0x9f C:/CodeWarrior/CW MCU v10.6/MCU/ARM_GCC_Support/ewl/lib/armv6-m\libc.a(memchr.o)
 .debug_line    0x00004ef9       0x7d C:/CodeWarrior/CW MCU v10.6/MCU/ARM_GCC_Support/ewl/lib/armv6-m\libc.a(strchr.o)
 .debug_line    0x00004f76       0x73 C:/CodeWarrior/CW MCU v10.6/MCU/ARM_GCC_Support/ewl/lib/armv6-m\libm.a(w_pow.o)
 .debug_line    0x00004fe9      0x1f9 C:/CodeWarrior/CW MCU v10.6/MCU/ARM_GCC_Support/ewl/lib/armv6-m\libm.a(e_pow.o)
 .debug_line    0x000051e2       0x60 C:/CodeWarrior/CW MCU v10.6/MCU/ARM_GCC_Support/ewl/lib/armv6-m\libm.a(float.o)
 .debug_line    0x00005242      0x173 C:/CodeWarrior/CW MCU v10.6/MCU/ARM_GCC_Support/ewl/lib/armv6-m\libm.a(math_api.o)
 .debug_line    0x000053b5       0x77 C:/CodeWarrior/CW MCU v10.6/MCU/ARM_GCC_Support/ewl/lib/armv6-m\libm.a(scalbn.o)
 .debug_line    0x0000542c       0x74 C:/CodeWarrior/CW MCU v10.6/MCU/ARM_GCC_Support/ewl/lib/armv6-m\libm.a(w_sqrt.o)
 .debug_line    0x000054a0      0x121 C:/CodeWarrior/CW MCU v10.6/MCU/ARM_GCC_Support/ewl/lib/armv6-m\libm.a(e_sqrt.o)
 .debug_line    0x000055c1       0xb9 C:/CodeWarrior/CW MCU v10.6/MCU/ARM_GCC_Support/ewl/lib/armv6-m\libm.a(s_frexp.o)
 .debug_line    0x0000567a       0xc6 C:/CodeWarrior/CW MCU v10.6/MCU/ARM_GCC_Support/ewl/lib/armv6-m\libm.a(s_ldexp.o)
 .debug_line    0x00005740       0x6c C:/CodeWarrior/CW MCU v10.6/MCU/ARM_GCC_Support/ewl/lib/armv6-m\librt.a(gcc_ctor_dtor.o)
 .debug_line    0x000057ac       0xbd C:/CodeWarrior/CW MCU v10.6/MCU/ARM_GCC_Support/ewl/lib/armv6-m\librt.a(ROMCopy.o)
 .debug_line    0x00005869      0x117 C:/CodeWarrior/CW MCU v10.6/MCU/ARM_GCC_Support/ewl/lib/armv6-m\librt.a(__arm_eabi_init.o)

.debug_str      0x00000000     0x20d1
 .debug_str     0x00000000      0x2a0 ./Project_Settings/Startup_Code/kinetis_sysinit.o
                                0x2c7 (size before relaxing)
 .debug_str     0x000002a0       0x85 ./Project_Settings/Startup_Code/__arm_start.o
                                0x1a1 (size before relaxing)
 .debug_str     0x00000325       0x41 ./Project_Settings/Startup_Code/__arm_end.o
                                 0xd8 (size before relaxing)
 .debug_str     0x00000366      0x2f3 ./Sources/user_interface.o
                                0x463 (size before relaxing)
 .debug_str     0x00000659      0x13a ./Sources/uart_functions.o
                                0x4f3 (size before relaxing)
 .debug_str     0x00000793      0x2a7 ./Sources/mcg.o
                                0x4db (size before relaxing)
 .debug_str     0x00000a3a       0x26 ./Sources/main.o
                                0x3cd (size before relaxing)
 .debug_str     0x00000a60       0x4d ./Sources/halLCD.o
                                0x428 (size before relaxing)
 .debug_str     0x00000aad      0x185 ./Sources/halGPIO.o
                                0x5f1 (size before relaxing)
 .debug_str     0x00000c32      0x1c0 ./Sources/file_system.o
                                0x59d (size before relaxing)
 .debug_str     0x00000df2       0x55 ./Sources/convertToAscii.o
                                0x183 (size before relaxing)
 .debug_str     0x00000e47       0x9c ./Sources/arm_cm0.o
                                0x239 (size before relaxing)
 .debug_str     0x00000ee3      0x30b ./Sources/UART.o
                                0x7fb (size before relaxing)
 .debug_str     0x000011ee       0x2b ./Sources/Fsm.o
                                0x3dd (size before relaxing)
 .debug_str     0x00001219       0x88 ./Sources/BoardSupport.o
                                0x865 (size before relaxing)
 .debug_str     0x000012a1      0x130 ./Sources/ADCandDAC.o
                                0x861 (size before relaxing)
 .debug_str     0x000013d1       0x4a C:/CodeWarrior/CW MCU v10.6/MCU/ARM_GCC_Support/ewl/lib/armv6-m\libc.a(sprintf.o)
                                0x163 (size before relaxing)
 .debug_str     0x0000141b       0x8a C:/CodeWarrior/CW MCU v10.6/MCU/ARM_GCC_Support/ewl/lib/armv6-m\libc.a(vsnprintf.o)
                                0x1cc (size before relaxing)
 .debug_str     0x000014a5       0x75 C:/CodeWarrior/CW MCU v10.6/MCU/ARM_GCC_Support/ewl/lib/armv6-m\libc.a(atoi.o)
                                0x1af (size before relaxing)
 .debug_str     0x0000151a       0x2e C:/CodeWarrior/CW MCU v10.6/MCU/ARM_GCC_Support/ewl/lib/armv6-m\libc.a(exit.o)
                                0x157 (size before relaxing)
 .debug_str     0x00001548       0x1c C:/CodeWarrior/CW MCU v10.6/MCU/ARM_GCC_Support/ewl/lib/armv6-m\libc.a(memcpy.o)
                                0x138 (size before relaxing)
 .debug_str     0x00001564       0x1c C:/CodeWarrior/CW MCU v10.6/MCU/ARM_GCC_Support/ewl/lib/armv6-m\libc.a(memset.o)
                                0x140 (size before relaxing)
 .debug_str     0x00001580       0x1c C:/CodeWarrior/CW MCU v10.6/MCU/ARM_GCC_Support/ewl/lib/armv6-m\libc.a(strcat.o)
                                0x131 (size before relaxing)
 .debug_str     0x0000159c       0x24 C:/CodeWarrior/CW MCU v10.6/MCU/ARM_GCC_Support/ewl/lib/armv6-m\libc.a(strcpy.o)
                                0x142 (size before relaxing)
 .debug_str     0x000015c0       0x1c C:/CodeWarrior/CW MCU v10.6/MCU/ARM_GCC_Support/ewl/lib/armv6-m\libc.a(strlen.o)
                                0x140 (size before relaxing)
 .debug_str     0x000015dc      0x21f C:/CodeWarrior/CW MCU v10.6/MCU/ARM_GCC_Support/ewl/lib/armv6-m\libc.a(printformat_.o)
                                0x3b3 (size before relaxing)
 .debug_str     0x000017fb      0x16d C:/CodeWarrior/CW MCU v10.6/MCU/ARM_GCC_Support/ewl/lib/armv6-m\libc.a(scanformat_.o)
                                0x3f9 (size before relaxing)
 .debug_str     0x00001968       0x9d C:/CodeWarrior/CW MCU v10.6/MCU/ARM_GCC_Support/ewl/lib/armv6-m\libc.a(ctype_aeabi.o)
                                0x1bc (size before relaxing)
 .debug_str     0x00001a05       0x12 C:/CodeWarrior/CW MCU v10.6/MCU/ARM_GCC_Support/ewl/lib/armv6-m\libc.a(errno.o)
                                0x12c (size before relaxing)
 .debug_str     0x00001a17       0x3c C:/CodeWarrior/CW MCU v10.6/MCU/ARM_GCC_Support/ewl/lib/armv6-m\libc.a(vsscanf.o)
                                0x1e5 (size before relaxing)
 .debug_str     0x00001a53       0x55 C:/CodeWarrior/CW MCU v10.6/MCU/ARM_GCC_Support/ewl/lib/armv6-m\libc.a(__strtoul.o)
                                0x1fb (size before relaxing)
 .debug_str     0x00001aa8       0x25 C:/CodeWarrior/CW MCU v10.6/MCU/ARM_GCC_Support/ewl/lib/armv6-m\libc.a(__filll_mem.o)
                                0x152 (size before relaxing)
 .debug_str     0x00001acd       0x1c C:/CodeWarrior/CW MCU v10.6/MCU/ARM_GCC_Support/ewl/lib/armv6-m\libc.a(memchr.o)
                                0x148 (size before relaxing)
 .debug_str     0x00001ae9       0x1c C:/CodeWarrior/CW MCU v10.6/MCU/ARM_GCC_Support/ewl/lib/armv6-m\libc.a(strchr.o)
                                0x137 (size before relaxing)
 .debug_str     0x00001b05       0x17 C:/CodeWarrior/CW MCU v10.6/MCU/ARM_GCC_Support/ewl/lib/armv6-m\libm.a(w_pow.o)
                                0x125 (size before relaxing)
 .debug_str     0x00001b1c       0x87 C:/CodeWarrior/CW MCU v10.6/MCU/ARM_GCC_Support/ewl/lib/armv6-m\libm.a(e_pow.o)
                                0x1cd (size before relaxing)
 .debug_str     0x00001ba3       0xf9 C:/CodeWarrior/CW MCU v10.6/MCU/ARM_GCC_Support/ewl/lib/armv6-m\libm.a(float.o)
                                0x225 (size before relaxing)
 .debug_str     0x00001c9c       0xe0 C:/CodeWarrior/CW MCU v10.6/MCU/ARM_GCC_Support/ewl/lib/armv6-m\libm.a(math_api.o)
                                0x228 (size before relaxing)
 .debug_str     0x00001d7c       0x25 C:/CodeWarrior/CW MCU v10.6/MCU/ARM_GCC_Support/ewl/lib/armv6-m\libm.a(scalbn.o)
                                0x13f (size before relaxing)
 .debug_str     0x00001da1       0x12 C:/CodeWarrior/CW MCU v10.6/MCU/ARM_GCC_Support/ewl/lib/armv6-m\libm.a(w_sqrt.o)
                                0x12b (size before relaxing)
 .debug_str     0x00001db3       0x21 C:/CodeWarrior/CW MCU v10.6/MCU/ARM_GCC_Support/ewl/lib/armv6-m\libm.a(e_sqrt.o)
                                0x17e (size before relaxing)
 .debug_str     0x00001dd4       0x24 C:/CodeWarrior/CW MCU v10.6/MCU/ARM_GCC_Support/ewl/lib/armv6-m\libm.a(s_frexp.o)
                                0x15d (size before relaxing)
 .debug_str     0x00001df8       0x20 C:/CodeWarrior/CW MCU v10.6/MCU/ARM_GCC_Support/ewl/lib/armv6-m\libm.a(s_ldexp.o)
                                0x164 (size before relaxing)
 .debug_str     0x00001e18      0x126 C:/CodeWarrior/CW MCU v10.6/MCU/ARM_GCC_Support/ewl/lib/armv6-m\librt.a(gcc_ctor_dtor.o)
                                0x181 (size before relaxing)
 .debug_str     0x00001f3e       0x9b C:/CodeWarrior/CW MCU v10.6/MCU/ARM_GCC_Support/ewl/lib/armv6-m\librt.a(ROMCopy.o)
                                0x13c (size before relaxing)
 .debug_str     0x00001fd9       0xf8 C:/CodeWarrior/CW MCU v10.6/MCU/ARM_GCC_Support/ewl/lib/armv6-m\librt.a(__arm_eabi_init.o)
                                0x1b5 (size before relaxing)

.comment        0x00000000       0x79
 .comment       0x00000000       0x79 ./Project_Settings/Startup_Code/kinetis_sysinit.o
                                 0x7a (size before relaxing)
 .comment       0x00000000       0x7a ./Project_Settings/Startup_Code/__arm_start.o
 .comment       0x00000000       0x7a ./Project_Settings/Startup_Code/__arm_end.o
 .comment       0x00000000       0x7a ./Sources/user_interface.o
 .comment       0x00000000       0x7a ./Sources/uart_functions.o
 .comment       0x00000000       0x7a ./Sources/mcg.o
 .comment       0x00000000       0x7a ./Sources/main.o
 .comment       0x00000000       0x7a ./Sources/halLCD.o
 .comment       0x00000000       0x7a ./Sources/halGPIO.o
 .comment       0x00000000       0x7a ./Sources/file_system.o
 .comment       0x00000000       0x7a ./Sources/convertToAscii.o
 .comment       0x00000000       0x7a ./Sources/arm_cm0.o
 .comment       0x00000000       0x7a ./Sources/UART.o
 .comment       0x00000000       0x7a ./Sources/Fsm.o
 .comment       0x00000000       0x7a ./Sources/BoardSupport.o
 .comment       0x00000000       0x7a ./Sources/ADCandDAC.o
 .comment       0x00000000       0x7a C:/CodeWarrior/CW MCU v10.6/MCU/ARM_GCC_Support/ewl/lib/armv6-m\libc.a(sprintf.o)
 .comment       0x00000000       0x7a C:/CodeWarrior/CW MCU v10.6/MCU/ARM_GCC_Support/ewl/lib/armv6-m\libc.a(vsnprintf.o)
 .comment       0x00000000       0x7a C:/CodeWarrior/CW MCU v10.6/MCU/ARM_GCC_Support/ewl/lib/armv6-m\libc.a(atoi.o)
 .comment       0x00000000       0x7a C:/CodeWarrior/CW MCU v10.6/MCU/ARM_GCC_Support/ewl/lib/armv6-m\libc.a(exit.o)
 .comment       0x00000000       0x7a C:/CodeWarrior/CW MCU v10.6/MCU/ARM_GCC_Support/ewl/lib/armv6-m\libc.a(memcpy.o)
 .comment       0x00000000       0x7a C:/CodeWarrior/CW MCU v10.6/MCU/ARM_GCC_Support/ewl/lib/armv6-m\libc.a(memset.o)
 .comment       0x00000000       0x7a C:/CodeWarrior/CW MCU v10.6/MCU/ARM_GCC_Support/ewl/lib/armv6-m\libc.a(strcat.o)
 .comment       0x00000000       0x7a C:/CodeWarrior/CW MCU v10.6/MCU/ARM_GCC_Support/ewl/lib/armv6-m\libc.a(strcpy.o)
 .comment       0x00000000       0x7a C:/CodeWarrior/CW MCU v10.6/MCU/ARM_GCC_Support/ewl/lib/armv6-m\libc.a(strlen.o)
 .comment       0x00000000       0x7a C:/CodeWarrior/CW MCU v10.6/MCU/ARM_GCC_Support/ewl/lib/armv6-m\libc.a(printformat_.o)
 .comment       0x00000000       0x7a C:/CodeWarrior/CW MCU v10.6/MCU/ARM_GCC_Support/ewl/lib/armv6-m\libc.a(scanformat_.o)
 .comment       0x00000000       0x7a C:/CodeWarrior/CW MCU v10.6/MCU/ARM_GCC_Support/ewl/lib/armv6-m\libc.a(ctype_aeabi.o)
 .comment       0x00000000       0x7a C:/CodeWarrior/CW MCU v10.6/MCU/ARM_GCC_Support/ewl/lib/armv6-m\libc.a(errno.o)
 .comment       0x00000000       0x7a C:/CodeWarrior/CW MCU v10.6/MCU/ARM_GCC_Support/ewl/lib/armv6-m\libc.a(vsscanf.o)
 .comment       0x00000000       0x7a C:/CodeWarrior/CW MCU v10.6/MCU/ARM_GCC_Support/ewl/lib/armv6-m\libc.a(__strtoul.o)
 .comment       0x00000000       0x7a C:/CodeWarrior/CW MCU v10.6/MCU/ARM_GCC_Support/ewl/lib/armv6-m\libc.a(__filll_mem.o)
 .comment       0x00000000       0x7a C:/CodeWarrior/CW MCU v10.6/MCU/ARM_GCC_Support/ewl/lib/armv6-m\libc.a(memchr.o)
 .comment       0x00000000       0x7a C:/CodeWarrior/CW MCU v10.6/MCU/ARM_GCC_Support/ewl/lib/armv6-m\libc.a(strchr.o)
 .comment       0x00000000       0x7a C:/CodeWarrior/CW MCU v10.6/MCU/ARM_GCC_Support/ewl/lib/armv6-m\libm.a(w_pow.o)
 .comment       0x00000000       0x7a C:/CodeWarrior/CW MCU v10.6/MCU/ARM_GCC_Support/ewl/lib/armv6-m\libm.a(e_pow.o)
 .comment       0x00000000       0x7a C:/CodeWarrior/CW MCU v10.6/MCU/ARM_GCC_Support/ewl/lib/armv6-m\libm.a(float.o)
 .comment       0x00000000       0x7a C:/CodeWarrior/CW MCU v10.6/MCU/ARM_GCC_Support/ewl/lib/armv6-m\libm.a(math_api.o)
 .comment       0x00000000       0x7a C:/CodeWarrior/CW MCU v10.6/MCU/ARM_GCC_Support/ewl/lib/armv6-m\libm.a(scalbn.o)
 .comment       0x00000000       0x7a C:/CodeWarrior/CW MCU v10.6/MCU/ARM_GCC_Support/ewl/lib/armv6-m\libm.a(w_sqrt.o)
 .comment       0x00000000       0x7a C:/CodeWarrior/CW MCU v10.6/MCU/ARM_GCC_Support/ewl/lib/armv6-m\libm.a(e_sqrt.o)
 .comment       0x00000000       0x7a C:/CodeWarrior/CW MCU v10.6/MCU/ARM_GCC_Support/ewl/lib/armv6-m\libm.a(s_frexp.o)
 .comment       0x00000000       0x7a C:/CodeWarrior/CW MCU v10.6/MCU/ARM_GCC_Support/ewl/lib/armv6-m\libm.a(s_ldexp.o)
 .comment       0x00000000       0x7a C:/CodeWarrior/CW MCU v10.6/MCU/ARM_GCC_Support/ewl/lib/armv6-m\librt.a(gcc_ctor_dtor.o)
 .comment       0x00000000       0x7a C:/CodeWarrior/CW MCU v10.6/MCU/ARM_GCC_Support/ewl/lib/armv6-m\librt.a(ROMCopy.o)
 .comment       0x00000000       0x7a C:/CodeWarrior/CW MCU v10.6/MCU/ARM_GCC_Support/ewl/lib/armv6-m\librt.a(__arm_eabi_init.o)

.debug_frame    0x00000000     0x1a34
 .debug_frame   0x00000000       0x48 ./Project_Settings/Startup_Code/kinetis_sysinit.o
 .debug_frame   0x00000048       0x4c ./Project_Settings/Startup_Code/__arm_start.o
 .debug_frame   0x00000094       0x30 ./Project_Settings/Startup_Code/__arm_end.o
 .debug_frame   0x000000c4       0xe8 ./Sources/user_interface.o
 .debug_frame   0x000001ac      0x170 ./Sources/uart_functions.o
 .debug_frame   0x0000031c      0x3ac ./Sources/mcg.o
 .debug_frame   0x000006c8       0x30 ./Sources/main.o
 .debug_frame   0x000006f8       0xac ./Sources/halLCD.o
 .debug_frame   0x000007a4      0x164 ./Sources/halGPIO.o
 .debug_frame   0x00000908      0x1cc ./Sources/file_system.o
 .debug_frame   0x00000ad4       0x74 ./Sources/convertToAscii.o
 .debug_frame   0x00000b48       0xc8 ./Sources/arm_cm0.o
 .debug_frame   0x00000c10       0xd0 ./Sources/UART.o
 .debug_frame   0x00000ce0       0x6c ./Sources/Fsm.o
 .debug_frame   0x00000d4c      0x138 ./Sources/BoardSupport.o
 .debug_frame   0x00000e84       0xc8 ./Sources/ADCandDAC.o
 .debug_frame   0x00000f4c       0x2c C:/CodeWarrior/CW MCU v10.6/MCU/ARM_GCC_Support/ewl/lib/armv6-m\libc.a(sprintf.o)
 .debug_frame   0x00000f78       0x4c C:/CodeWarrior/CW MCU v10.6/MCU/ARM_GCC_Support/ewl/lib/armv6-m\libc.a(vsnprintf.o)
 .debug_frame   0x00000fc4       0x5c C:/CodeWarrior/CW MCU v10.6/MCU/ARM_GCC_Support/ewl/lib/armv6-m\libc.a(atoi.o)
 .debug_frame   0x00001020       0x2c C:/CodeWarrior/CW MCU v10.6/MCU/ARM_GCC_Support/ewl/lib/armv6-m\libc.a(exit.o)
 .debug_frame   0x0000104c       0x28 C:/CodeWarrior/CW MCU v10.6/MCU/ARM_GCC_Support/ewl/lib/armv6-m\libc.a(memcpy.o)
 .debug_frame   0x00001074       0x28 C:/CodeWarrior/CW MCU v10.6/MCU/ARM_GCC_Support/ewl/lib/armv6-m\libc.a(memset.o)
 .debug_frame   0x0000109c       0x28 C:/CodeWarrior/CW MCU v10.6/MCU/ARM_GCC_Support/ewl/lib/armv6-m\libc.a(strcat.o)
 .debug_frame   0x000010c4       0x28 C:/CodeWarrior/CW MCU v10.6/MCU/ARM_GCC_Support/ewl/lib/armv6-m\libc.a(strcpy.o)
 .debug_frame   0x000010ec       0x28 C:/CodeWarrior/CW MCU v10.6/MCU/ARM_GCC_Support/ewl/lib/armv6-m\libc.a(strlen.o)
 .debug_frame   0x00001114       0x54 C:/CodeWarrior/CW MCU v10.6/MCU/ARM_GCC_Support/ewl/lib/armv6-m\libc.a(printformat_.o)
 .debug_frame   0x00001168       0x34 C:/CodeWarrior/CW MCU v10.6/MCU/ARM_GCC_Support/ewl/lib/armv6-m\libc.a(scanformat_.o)
 .debug_frame   0x0000119c      0x158 C:/CodeWarrior/CW MCU v10.6/MCU/ARM_GCC_Support/ewl/lib/armv6-m\libc.a(ctype_aeabi.o)
 .debug_frame   0x000012f4       0x48 C:/CodeWarrior/CW MCU v10.6/MCU/ARM_GCC_Support/ewl/lib/armv6-m\libc.a(vsscanf.o)
 .debug_frame   0x0000133c       0x30 C:/CodeWarrior/CW MCU v10.6/MCU/ARM_GCC_Support/ewl/lib/armv6-m\libc.a(__strtoul.o)
 .debug_frame   0x0000136c       0x2c C:/CodeWarrior/CW MCU v10.6/MCU/ARM_GCC_Support/ewl/lib/armv6-m\libc.a(__filll_mem.o)
 .debug_frame   0x00001398       0x28 C:/CodeWarrior/CW MCU v10.6/MCU/ARM_GCC_Support/ewl/lib/armv6-m\libc.a(memchr.o)
 .debug_frame   0x000013c0       0x28 C:/CodeWarrior/CW MCU v10.6/MCU/ARM_GCC_Support/ewl/lib/armv6-m\libc.a(strchr.o)
 .debug_frame   0x000013e8       0x28 C:/CodeWarrior/CW MCU v10.6/MCU/ARM_GCC_Support/ewl/lib/armv6-m\libm.a(w_pow.o)
 .debug_frame   0x00001410       0x34 C:/CodeWarrior/CW MCU v10.6/MCU/ARM_GCC_Support/ewl/lib/armv6-m\libm.a(e_pow.o)
 .debug_frame   0x00001444       0xe0 C:/CodeWarrior/CW MCU v10.6/MCU/ARM_GCC_Support/ewl/lib/armv6-m\libm.a(math_api.o)
 .debug_frame   0x00001524       0x2c C:/CodeWarrior/CW MCU v10.6/MCU/ARM_GCC_Support/ewl/lib/armv6-m\libm.a(scalbn.o)
 .debug_frame   0x00001550       0x28 C:/CodeWarrior/CW MCU v10.6/MCU/ARM_GCC_Support/ewl/lib/armv6-m\libm.a(w_sqrt.o)
 .debug_frame   0x00001578       0x30 C:/CodeWarrior/CW MCU v10.6/MCU/ARM_GCC_Support/ewl/lib/armv6-m\libm.a(e_sqrt.o)
 .debug_frame   0x000015a8       0x2c C:/CodeWarrior/CW MCU v10.6/MCU/ARM_GCC_Support/ewl/lib/armv6-m\libm.a(s_frexp.o)
 .debug_frame   0x000015d4       0x30 C:/CodeWarrior/CW MCU v10.6/MCU/ARM_GCC_Support/ewl/lib/armv6-m\libm.a(s_ldexp.o)
 .debug_frame   0x00001604       0x20 c:/codewarrior/cw mcu v10.6/cross_tools/arm-none-eabi-gcc-4_7_3/bin/../lib/gcc/arm-none-eabi/4.7.3/armv6-m\libgcc.a(_udivsi3.o)
 .debug_frame   0x00001624       0x20 c:/codewarrior/cw mcu v10.6/cross_tools/arm-none-eabi-gcc-4_7_3/bin/../lib/gcc/arm-none-eabi/4.7.3/armv6-m\libgcc.a(_divsi3.o)
 .debug_frame   0x00001644       0x30 c:/codewarrior/cw mcu v10.6/cross_tools/arm-none-eabi-gcc-4_7_3/bin/../lib/gcc/arm-none-eabi/4.7.3/armv6-m\libgcc.a(subsf3.o)
 .debug_frame   0x00001674       0x28 c:/codewarrior/cw mcu v10.6/cross_tools/arm-none-eabi-gcc-4_7_3/bin/../lib/gcc/arm-none-eabi/4.7.3/armv6-m\libgcc.a(fixsfsi.o)
 .debug_frame   0x0000169c       0x2c c:/codewarrior/cw mcu v10.6/cross_tools/arm-none-eabi-gcc-4_7_3/bin/../lib/gcc/arm-none-eabi/4.7.3/armv6-m\libgcc.a(floatsisf.o)
 .debug_frame   0x000016c8       0x3c c:/codewarrior/cw mcu v10.6/cross_tools/arm-none-eabi-gcc-4_7_3/bin/../lib/gcc/arm-none-eabi/4.7.3/armv6-m\libgcc.a(adddf3.o)
 .debug_frame   0x00001704       0x3c c:/codewarrior/cw mcu v10.6/cross_tools/arm-none-eabi-gcc-4_7_3/bin/../lib/gcc/arm-none-eabi/4.7.3/armv6-m\libgcc.a(divdf3.o)
 .debug_frame   0x00001740       0x34 c:/codewarrior/cw mcu v10.6/cross_tools/arm-none-eabi-gcc-4_7_3/bin/../lib/gcc/arm-none-eabi/4.7.3/armv6-m\libgcc.a(eqdf2.o)
 .debug_frame   0x00001774       0x38 c:/codewarrior/cw mcu v10.6/cross_tools/arm-none-eabi-gcc-4_7_3/bin/../lib/gcc/arm-none-eabi/4.7.3/armv6-m\libgcc.a(gedf2.o)
 .debug_frame   0x000017ac       0x38 c:/codewarrior/cw mcu v10.6/cross_tools/arm-none-eabi-gcc-4_7_3/bin/../lib/gcc/arm-none-eabi/4.7.3/armv6-m\libgcc.a(ledf2.o)
 .debug_frame   0x000017e4       0x3c c:/codewarrior/cw mcu v10.6/cross_tools/arm-none-eabi-gcc-4_7_3/bin/../lib/gcc/arm-none-eabi/4.7.3/armv6-m\libgcc.a(muldf3.o)
 .debug_frame   0x00001820       0x38 c:/codewarrior/cw mcu v10.6/cross_tools/arm-none-eabi-gcc-4_7_3/bin/../lib/gcc/arm-none-eabi/4.7.3/armv6-m\libgcc.a(subdf3.o)
 .debug_frame   0x00001858       0x30 c:/codewarrior/cw mcu v10.6/cross_tools/arm-none-eabi-gcc-4_7_3/bin/../lib/gcc/arm-none-eabi/4.7.3/armv6-m\libgcc.a(floatsidf.o)
 .debug_frame   0x00001888       0x2c c:/codewarrior/cw mcu v10.6/cross_tools/arm-none-eabi-gcc-4_7_3/bin/../lib/gcc/arm-none-eabi/4.7.3/armv6-m\libgcc.a(extendsfdf2.o)
 .debug_frame   0x000018b4       0x30 c:/codewarrior/cw mcu v10.6/cross_tools/arm-none-eabi-gcc-4_7_3/bin/../lib/gcc/arm-none-eabi/4.7.3/armv6-m\libgcc.a(truncdfsf2.o)
 .debug_frame   0x000018e4       0x40 C:/CodeWarrior/CW MCU v10.6/MCU/ARM_GCC_Support/ewl/lib/armv6-m\librt.a(gcc_ctor_dtor.o)
 .debug_frame   0x00001924       0x54 C:/CodeWarrior/CW MCU v10.6/MCU/ARM_GCC_Support/ewl/lib/armv6-m\librt.a(ROMCopy.o)
 .debug_frame   0x00001978       0xbc C:/CodeWarrior/CW MCU v10.6/MCU/ARM_GCC_Support/ewl/lib/armv6-m\librt.a(__arm_eabi_init.o)
