Archive member included because of file (symbol)

C:/CodeWarrior/CW MCU v10.6/MCU/ARM_GCC_Support/ewl/lib/armv6-m\libc.a(exit.o)
                              ./Project_Settings/Startup_Code/__arm_start.o (exit)
C:/CodeWarrior/CW MCU v10.6/MCU/ARM_GCC_Support/ewl/lib/armv6-m\libc.a(memcpy.o)
                              ./Sources/user_interface.o (memcpy)
C:/CodeWarrior/CW MCU v10.6/MCU/ARM_GCC_Support/ewl/lib/armv6-m\libc.a(memset.o)
                              ./Project_Settings/Startup_Code/__arm_start.o (memset)
C:/CodeWarrior/CW MCU v10.6/MCU/ARM_GCC_Support/ewl/lib/armv6-m\libc.a(printformat_.o)
                              (__pformatter_)
C:/CodeWarrior/CW MCU v10.6/MCU/ARM_GCC_Support/ewl/lib/armv6-m\libc.a(scanformat_.o)
                              (__sformatter)
C:/CodeWarrior/CW MCU v10.6/MCU/ARM_GCC_Support/ewl/lib/armv6-m\libc.a(ctype_aeabi.o)
                              C:/CodeWarrior/CW MCU v10.6/MCU/ARM_GCC_Support/ewl/lib/armv6-m\libc.a(scanformat_.o) (isspace)
C:/CodeWarrior/CW MCU v10.6/MCU/ARM_GCC_Support/ewl/lib/armv6-m\libc.a(__strtoul.o)
                              C:/CodeWarrior/CW MCU v10.6/MCU/ARM_GCC_Support/ewl/lib/armv6-m\libc.a(scanformat_.o) (__strtoul)
C:/CodeWarrior/CW MCU v10.6/MCU/ARM_GCC_Support/ewl/lib/armv6-m\libc.a(__filll_mem.o)
                              C:/CodeWarrior/CW MCU v10.6/MCU/ARM_GCC_Support/ewl/lib/armv6-m\libc.a(memset.o) (__fill_mem)
C:/CodeWarrior/CW MCU v10.6/MCU/ARM_GCC_Support/ewl/lib/armv6-m\libc.a(memchr.o)
                              C:/CodeWarrior/CW MCU v10.6/MCU/ARM_GCC_Support/ewl/lib/armv6-m\libc.a(printformat_.o) (memchr)
C:/CodeWarrior/CW MCU v10.6/MCU/ARM_GCC_Support/ewl/lib/armv6-m\libc.a(strchr.o)
                              C:/CodeWarrior/CW MCU v10.6/MCU/ARM_GCC_Support/ewl/lib/armv6-m\libc.a(printformat_.o) (strchr)
C:/CodeWarrior/CW MCU v10.6/MCU/ARM_GCC_Support/ewl/lib/armv6-m\libc.a(strlen.o)
                              C:/CodeWarrior/CW MCU v10.6/MCU/ARM_GCC_Support/ewl/lib/armv6-m\libc.a(printformat_.o) (strlen)
C:/CodeWarrior/CW MCU v10.6/MCU/ARM_GCC_Support/ewl/lib/armv6-m\libm.a(w_pow.o)
                              ./Sources/convertToAscii.o (pow)
C:/CodeWarrior/CW MCU v10.6/MCU/ARM_GCC_Support/ewl/lib/armv6-m\libm.a(e_pow.o)
                              C:/CodeWarrior/CW MCU v10.6/MCU/ARM_GCC_Support/ewl/lib/armv6-m\libm.a(w_pow.o) (__ieee754_pow)
C:/CodeWarrior/CW MCU v10.6/MCU/ARM_GCC_Support/ewl/lib/armv6-m\libm.a(float.o)
                              C:/CodeWarrior/CW MCU v10.6/MCU/ARM_GCC_Support/ewl/lib/armv6-m\libm.a(e_pow.o) (__double_nan)
C:/CodeWarrior/CW MCU v10.6/MCU/ARM_GCC_Support/ewl/lib/armv6-m\libm.a(math_api.o)
                              C:/CodeWarrior/CW MCU v10.6/MCU/ARM_GCC_Support/ewl/lib/armv6-m\libm.a(e_pow.o) (__fpclassifyd)
C:/CodeWarrior/CW MCU v10.6/MCU/ARM_GCC_Support/ewl/lib/armv6-m\libm.a(scalbn.o)
                              C:/CodeWarrior/CW MCU v10.6/MCU/ARM_GCC_Support/ewl/lib/armv6-m\libm.a(e_pow.o) (scalbn)
C:/CodeWarrior/CW MCU v10.6/MCU/ARM_GCC_Support/ewl/lib/armv6-m\libm.a(w_sqrt.o)
                              C:/CodeWarrior/CW MCU v10.6/MCU/ARM_GCC_Support/ewl/lib/armv6-m\libm.a(e_pow.o) (sqrt)
C:/CodeWarrior/CW MCU v10.6/MCU/ARM_GCC_Support/ewl/lib/armv6-m\libm.a(e_sqrt.o)
                              C:/CodeWarrior/CW MCU v10.6/MCU/ARM_GCC_Support/ewl/lib/armv6-m\libm.a(w_sqrt.o) (__ieee754_sqrt)
C:/CodeWarrior/CW MCU v10.6/MCU/ARM_GCC_Support/ewl/lib/armv6-m\libm.a(s_frexp.o)
                              C:/CodeWarrior/CW MCU v10.6/MCU/ARM_GCC_Support/ewl/lib/armv6-m\libm.a(scalbn.o) (frexp)
C:/CodeWarrior/CW MCU v10.6/MCU/ARM_GCC_Support/ewl/lib/armv6-m\libm.a(s_ldexp.o)
                              C:/CodeWarrior/CW MCU v10.6/MCU/ARM_GCC_Support/ewl/lib/armv6-m\libm.a(scalbn.o) (ldexp)
c:/codewarrior/cw mcu v10.6/cross_tools/arm-none-eabi-gcc-4_7_3/bin/../lib/gcc/arm-none-eabi/4.7.3/armv6-m\libgcc.a(_thumb1_case_sqi.o)
                              C:/CodeWarrior/CW MCU v10.6/MCU/ARM_GCC_Support/ewl/lib/armv6-m\libc.a(__strtoul.o) (__gnu_thumb1_case_sqi)
c:/codewarrior/cw mcu v10.6/cross_tools/arm-none-eabi-gcc-4_7_3/bin/../lib/gcc/arm-none-eabi/4.7.3/armv6-m\libgcc.a(_thumb1_case_uqi.o)
                              C:/CodeWarrior/CW MCU v10.6/MCU/ARM_GCC_Support/ewl/lib/armv6-m\libc.a(scanformat_.o) (__gnu_thumb1_case_uqi)
c:/codewarrior/cw mcu v10.6/cross_tools/arm-none-eabi-gcc-4_7_3/bin/../lib/gcc/arm-none-eabi/4.7.3/armv6-m\libgcc.a(_udivsi3.o)
                              ./Sources/mcg.o (__aeabi_uidiv)
c:/codewarrior/cw mcu v10.6/cross_tools/arm-none-eabi-gcc-4_7_3/bin/../lib/gcc/arm-none-eabi/4.7.3/armv6-m\libgcc.a(_divsi3.o)
                              ./Sources/mcg.o (__aeabi_idiv)
c:/codewarrior/cw mcu v10.6/cross_tools/arm-none-eabi-gcc-4_7_3/bin/../lib/gcc/arm-none-eabi/4.7.3/armv6-m\libgcc.a(_dvmd_tls.o)
[...]
Memory Configuration

Name             Origin             Length             Attributes
m_interrupts     0x00000000         0x000000c0         xr
m_cfmprotrom     0x00000400         0x00000010         xr
m_text           0x00000800         0x0001f800         xr
m_data           0x1ffff000         0x00004000         xrw
*default*        0x00000000         0xffffffff

Linker script and memory map

LOAD ./Project_Settings/Startup_Code/kinetis_sysinit.o
LOAD ./Project_Settings/Startup_Code/__arm_start.o
LOAD ./Project_Settings/Startup_Code/__arm_end.o
LOAD ./Sources/user_interface.o
LOAD ./Sources/sa_mtb.o
LOAD ./Sources/mcg.o
LOAD ./Sources/main.o
LOAD ./Sources/halLCD.o
LOAD ./Sources/halGPIO.o
LOAD ./Sources/convertToAscii.o
LOAD ./Sources/arm_cm0.o
LOAD ./Sources/UART.o
LOAD ./Sources/Fsm.o
LOAD ./Sources/BoardSupport.o
LOAD ./Sources/ADCandDAC.o
                0x00004dbc                __pformatter = __pformatter_
                [0x000051e4]                __sformatter = __sformatter
START GROUP
LOAD C:/CodeWarrior/CW MCU v10.6/MCU/ARM_GCC_Support/ewl/lib/armv6-m\libc.a
LOAD C:/CodeWarrior/CW MCU v10.6/MCU/ARM_GCC_Support/ewl/lib/armv6-m\libm.a
LOAD c:/codewarrior/cw mcu v10.6/cross_tools/arm-none-eabi-gcc-4_7_3/bin/../lib/gcc/arm-none-eabi/4.7.3/armv6-m\libgcc.a
LOAD C:/CodeWarrior/CW MCU v10.6/MCU/ARM_GCC_Support/ewl/lib/armv6-m\librt.a
LOAD C:/CodeWarrior/CW MCU v10.6/MCU/ARM_GCC_Support/ewl/lib/armv6-m\libuart.a
END GROUP
                0x20003000                _estack = 0x20003000
                0x20003000                __SP_INIT = _estack
                0x00000400                __heap_size = 0x400
                0x00000400                __stack_size = 0x400

.interrupts     0x00000000       0xc0
                0x00000000                __vector_table = .
                0x00000000                . = ALIGN (0x4)
 *(.vectortable)
 .vectortable   0x00000000       0xc0 ./Project_Settings/Startup_Code/kinetis_sysinit.o
                0x00000000                InterruptVector
                0x000000c0                . = ALIGN (0x4)

.cfmprotect     0x00000400        0x0
                0x00000400                . = ALIGN (0x4)
 *(.cfmconfig)
                0x00000400                . = ALIGN (0x4)

.text           0x00000800     0x6758
                0x00000800                . = ALIGN (0x4)
 *(.text)
 .text          0x00000800       0x14 c:/codewarrior/cw mcu v10.6/cross_tools/arm-none-eabi-gcc-4_7_3/bin/../lib/gcc/arm-none-eabi/4.7.3/armv6-m\libgcc.a(_thumb1_case_sqi.o)
                0x00000800                __gnu_thumb1_case_sqi
 .text          0x00000814       0x14 c:/codewarrior/cw mcu v10.6/cross_tools/arm-none-eabi-gcc-4_7_3/bin/../lib/gcc/arm-none-eabi/4.7.3/armv6-m\libgcc.a(_thumb1_case_uqi.o)
                0x00000814                __gnu_thumb1_case_uqi
 .text          0x00000828       0x9c c:/codewarrior/cw mcu v10.6/cross_tools/arm-none-eabi-gcc-4_7_3/bin/../lib/gcc/arm-none-eabi/4.7.3/armv6-m\libgcc.a(_udivsi3.o)
                0x00000828                __aeabi_uidiv
                0x00000828                __udivsi3
                0x000008b0                __aeabi_uidivmod
 .text          0x000008c4       0xc0 c:/codewarrior/cw mcu v10.6/cross_tools/arm-none-eabi-gcc-4_7_3/bin/../lib/gcc/arm-none-eabi/4.7.3/armv6-m\libgcc.a(_divsi3.o)
                0x000008c4                __divsi3
                0x000008c4                __aeabi_idiv
                0x00000970                __aeabi_idivmod
 .text          0x00000984        0x4 c:/codewarrior/cw mcu v10.6/cross_tools/arm-none-eabi-gcc-4_7_3/bin/../lib/gcc/arm-none-eabi/4.7.3/armv6-m\libgcc.a(_dvmd_tls.o)
                0x00000984                __aeabi_idiv0
                0x00000984                __aeabi_ldiv0
 .text          0x00000988       0x7c c:/codewarrior/cw mcu v10.6/cross_tools/arm-none-eabi-gcc-4_7_3/bin/../lib/gcc/arm-none-eabi/4.7.3/armv6-m\libgcc.a(_arm_cmpdf2.o)
                0x00000988                __aeabi_cdrcmple
                0x00000998                __aeabi_cdcmple
                0x00000998                __aeabi_cdcmpeq
                0x000009a8                __aeabi_dcmpeq
                0x000009b4                __aeabi_dcmplt
                0x000009c8                __aeabi_dcmple
                0x000009dc                __aeabi_dcmpgt
                0x000009f0                __aeabi_dcmpge
 .text          0x00000a04      0x3ac c:/codewarrior/cw mcu v10.6/cross_tools/arm-none-eabi-gcc-4_7_3/bin/../lib/gcc/arm-none-eabi/4.7.3/armv6-m\libgcc.a(subsf3.o)
                0x00000a04                __aeabi_fsub
 .text          0x00000db0       0x40 c:/codewarrior/cw mcu v10.6/cross_tools/arm-none-eabi-gcc-4_7_3/bin/../lib/gcc/arm-none-eabi/4.7.3/armv6-m\libgcc.a(fixsfsi.o)
                0x00000db0                __aeabi_f2iz
 .text          0x00000df0       0xa8 c:/codewarrior/cw mcu v10.6/cross_tools/arm-none-eabi-gcc-4_7_3/bin/../lib/gcc/arm-none-eabi/4.7.3/armv6-m\libgcc.a(floatsisf.o)
                0x00000df0                __aeabi_i2f
 .text          0x00000e98      0x758 c:/codewarrior/cw mcu v10.6/cross_tools/arm-none-eabi-gcc-4_7_3/bin/../lib/gcc/arm-none-eabi/4.7.3/armv6-m\libgcc.a(adddf3.o)
                0x00000e98                __aeabi_dadd
 .text          0x000015f0      0x5b8 c:/codewarrior/cw mcu v10.6/cross_tools/arm-none-eabi-gcc-4_7_3/bin/../lib/gcc/arm-none-eabi/4.7.3/armv6-m\libgcc.a(divdf3.o)
                0x000015f0                __aeabi_ddiv
 .text          0x00001ba8       0x7c c:/codewarrior/cw mcu v10.6/cross_tools/arm-none-eabi-gcc-4_7_3/bin/../lib/gcc/arm-none-eabi/4.7.3/armv6-m\libgcc.a(eqdf2.o)
                0x00001ba8                __nedf2
                0x00001ba8                __eqdf2
 .text          0x00001c24       0xe8 c:/codewarrior/cw mcu v10.6/cross_tools/arm-none-eabi-gcc-4_7_3/bin/../lib/gcc/arm-none-eabi/4.7.3/armv6-m\libgcc.a(gedf2.o)
                0x00001c24                __gedf2
                0x00001c24                __gtdf2
 .text          0x00001d0c       0xd8 c:/codewarrior/cw mcu v10.6/cross_tools/arm-none-eabi-gcc-4_7_3/bin/../lib/gcc/arm-none-eabi/4.7.3/armv6-m\libgcc.a(ledf2.o)
                0x00001d0c                __ledf2
                0x00001d0c                __ltdf2
 .text          0x00001de4      0x4e4 c:/codewarrior/cw mcu v10.6/cross_tools/arm-none-eabi-gcc-4_7_3/bin/../lib/gcc/arm-none-eabi/4.7.3/armv6-m\libgcc.a(muldf3.o)
                0x00001de4                __aeabi_dmul
 .text          0x000022c8      0x6f8 c:/codewarrior/cw mcu v10.6/cross_tools/arm-none-eabi-gcc-4_7_3/bin/../lib/gcc/arm-none-eabi/4.7.3/armv6-m\libgcc.a(subdf3.o)
                0x000022c8                __aeabi_dsub
 .text          0x000029c0       0x74 c:/codewarrior/cw mcu v10.6/cross_tools/arm-none-eabi-gcc-4_7_3/bin/../lib/gcc/arm-none-eabi/4.7.3/armv6-m\libgcc.a(floatsidf.o)
                0x000029c0                __aeabi_i2d
 .text          0x00002a34       0xa8 c:/codewarrior/cw mcu v10.6/cross_tools/arm-none-eabi-gcc-4_7_3/bin/../lib/gcc/arm-none-eabi/4.7.3/armv6-m\libgcc.a(extendsfdf2.o)
                0x00002a34                __aeabi_f2d
 .text          0x00002adc      0x134 c:/codewarrior/cw mcu v10.6/cross_tools/arm-none-eabi-gcc-4_7_3/bin/../lib/gcc/arm-none-eabi/4.7.3/armv6-m\libgcc.a(truncdfsf2.o)
                0x00002adc                __aeabi_d2f
 .text          0x00002c10       0x3c c:/codewarrior/cw mcu v10.6/cross_tools/arm-none-eabi-gcc-4_7_3/bin/../lib/gcc/arm-none-eabi/4.7.3/armv6-m\libgcc.a(_clzsi2.o)
                0x00002c10                __clzsi2
 *(.text*)
 .text.Default_Handler
                0x00002c4c        0xc ./Project_Settings/Startup_Code/kinetis_sysinit.o
                0x00002c4c                RTC_Alarm_IRQHandler
                0x00002c4c                I2C0_IRQHandler
                0x00002c4c                HardFault_Handler
                0x00002c4c                SysTick_Handler
                0x00002c4c                PendSV_Handler
                0x00002c4c                NMI_Handler
                0x00002c4c                I2C1_IRQHandler
                0x00002c4c                UART1_IRQHandler
                0x00002c4c                DMA2_IRQHandler
                0x00002c4c                TSI0_IRQHandler
                0x00002c4c                SPI1_IRQHandler
                0x00002c4c                LPTimer_IRQHandler
                0x00002c4c                FTM1_IRQHandler
                0x00002c4c                RTC_Seconds_IRQHandler
                0x00002c4c                MCG_IRQHandler
                0x00002c4c                UART2_IRQHandler
                0x00002c4c                Default_Handler
                0x00002c4c                LLW_IRQHandler
                0x00002c4c                SVC_Handler
                0x00002c4c                USBOTG_IRQHandler
                0x00002c4c                DMA3_IRQHandler
                0x00002c4c                DMA0_IRQHandler
                0x00002c4c                DAC0_IRQHandler
                0x00002c4c                PMC_IRQHandler
                0x00002c4c                SPI0_IRQHandler
                0x00002c4c                FTM0_IRQHandler
                0x00002c4c                PORTA_IRQHandler
                0x00002c4c                MCM_IRQHandler
                0x00002c4c                FTFL_IRQHandler
                0x00002c4c                FTM2_IRQHandler
                0x00002c4c                CMP0_IRQHandler
                0x00002c4c                DMA1_IRQHandler
 .text.__init_hardware
                0x00002c58       0x2c ./Project_Settings/Startup_Code/kinetis_sysinit.o
                0x00002c58                __init_hardware
 .text.zero_fill_bss
                0x00002c84       0x24 ./Project_Settings/Startup_Code/__arm_start.o
 .text.__thumb_startup
                0x00002ca8       0x30 ./Project_Settings/Startup_Code/__arm_start.o
                0x00002ca8                __thumb_startup
 .text._ExitProcess
                0x00002cd8        0xc ./Project_Settings/Startup_Code/__arm_end.o
                0x00002cd8                _ExitProcess
 .text.getChatLine
                0x00002ce4       0x3c ./Sources/user_interface.o
                0x00002ce4                getChatLine
 .text.initialize_ui
                0x00002d20       0x28 ./Sources/user_interface.o
                0x00002d20                initialize_ui
 .text.print_ui
                0x00002d48      0x49c ./Sources/user_interface.o
                0x00002d48                print_ui
 .text.scroll_down
                0x000031e4       0x1c ./Sources/user_interface.o
                0x000031e4                scroll_down
 .text.enter    0x00003200      0x128 ./Sources/user_interface.o
                0x00003200                enter
 .text.get_next_line
                0x00003328       0x28 ./Sources/user_interface.o
                0x00003328                get_next_line
 .text.pll_init
                0x00003350      0x548 ./Sources/mcg.o
                0x00003350                pll_init
 .text.main     0x00003898       0x3c ./Sources/main.o
                0x00003898                main
 .text.lcd_cmd  0x000038d4       0x68 ./Sources/halLCD.o
                0x000038d4                lcd_cmd
 .text.lcd_data
                0x0000393c       0x90 ./Sources/halLCD.o
                0x0000393c                lcd_data
 .text.lcd_puts
                0x000039cc       0x28 ./Sources/halLCD.o
                0x000039cc                lcd_puts
 .text.lcd_init
                0x000039f4      0x11c ./Sources/halLCD.o
                0x000039f4                lcd_init
 .text.lcd_strobe
                0x00003b10       0x28 ./Sources/halLCD.o
                0x00003b10                lcd_strobe
 .text.PORTD_IRQHandler
                0x00003b38       0xdc ./Sources/halGPIO.o
                0x00003b38                PORTD_IRQHandler
 .text.PIT_IRQHandler
                0x00003c14       0x44 ./Sources/halGPIO.o
                0x00003c14                PIT_IRQHandler
 .text.clear_string_buffer
                0x00003c58       0x3c ./Sources/halGPIO.o
                0x00003c58                clear_string_buffer
 .text.UART0_IRQHandler
                0x00003c94       0x8c ./Sources/halGPIO.o
                0x00003c94                UART0_IRQHandler
 .text.ADC0_IRQHandler
                0x00003d20       0x80 ./Sources/halGPIO.o
                0x00003d20                ADC0_IRQHandler
 .text.change_color
                0x00003da0       0x9c ./Sources/halGPIO.o
                0x00003da0                change_color
 .text.Print    0x00003e3c       0x30 ./Sources/halGPIO.o
                0x00003e3c                Print
 .text.Print_two_lines
                0x00003e6c       0x38 ./Sources/halGPIO.o
                0x00003e6c                Print_two_lines
 .text.PrintVolt
                0x00003ea4       0x48 ./Sources/halGPIO.o
                0x00003ea4                PrintVolt
 .text.DelayUs  0x00003eec       0x34 ./Sources/halGPIO.o
                0x00003eec                DelayUs
 .text.DelayMs  0x00003f20       0x3c ./Sources/halGPIO.o
                0x00003f20                DelayMs
 .text.reverse  0x00003f5c       0x58 ./Sources/convertToAscii.o
                0x00003f5c                reverse
 .text.intToStr
                0x00003fb4       0x90 ./Sources/convertToAscii.o
                0x00003fb4                intToStr
 *fill*         0x00004044        0x4 00
 .text.ftoa     0x00004048       0xc0 ./Sources/convertToAscii.o
                0x00004048                ftoa
 .text.wait     0x00004108       0x28 ./Sources/arm_cm0.o
                0x00004108                wait
 .text.enable_irq
                0x00004130       0x70 ./Sources/arm_cm0.o
                0x00004130                enable_irq
 .text.disable_irq
                0x000041a0       0x44 ./Sources/arm_cm0.o
                0x000041a0                disable_irq
 .text.set_irq_priority
                0x000041e4       0x74 ./Sources/arm_cm0.o
                0x000041e4                set_irq_priority
 .text.InitUARTs
                0x00004258       0xf4 ./Sources/UART.o
                0x00004258                InitUARTs
 .text.Uart0_Br_Sbr
                0x0000434c      0x230 ./Sources/UART.o
                0x0000434c                Uart0_Br_Sbr
 .text.UARTprintf
                0x0000457c       0x60 ./Sources/UART.o
                0x0000457c                UARTprintf
 .text.menu_control
                0x000045dc       0x14 ./Sources/Fsm.o
                0x000045dc                menu_control
 .text.Fsm      0x000045f0       0x70 ./Sources/Fsm.o
                0x000045f0                Fsm
 .text.InitGPIO
                0x00004660      0x12c ./Sources/BoardSupport.o
                0x00004660                InitGPIO
 .text.ClockSetup
                0x0000478c       0x7c ./Sources/BoardSupport.o
                0x0000478c                ClockSetup
 .text.InitPIT  0x00004808       0x5c ./Sources/BoardSupport.o
                0x00004808                InitPIT
 .text.enablePIT
                0x00004864       0x18 ./Sources/BoardSupport.o
                0x00004864                enablePIT
 .text.disablePITx
                0x0000487c       0x50 ./Sources/BoardSupport.o
                0x0000487c                disablePITx
 .text.enableADC0
                0x000048cc       0x14 ./Sources/BoardSupport.o
                0x000048cc                enableADC0
 .text.ADC_Cal  0x000048e0      0x1b4 ./Sources/ADCandDAC.o
                0x000048e0                ADC_Cal
 .text.ADC_Config_Alt
                0x00004a94       0x60 ./Sources/ADCandDAC.o
                0x00004a94                ADC_Config_Alt
 .text.InitADC0
                0x00004af4       0x90 ./Sources/ADCandDAC.o
                0x00004af4                InitADC0
 .text.InitADCs
                0x00004b84       0x44 ./Sources/ADCandDAC.o
                0x00004b84                InitADCs
 .text.exit     0x00004bc8       0x38 C:/CodeWarrior/CW MCU v10.6/MCU/ARM_GCC_Support/ewl/lib/armv6-m\libc.a(exit.o)
                0x00004bc8                exit
 .text.memcpy   0x00004c00       0x12 C:/CodeWarrior/CW MCU v10.6/MCU/ARM_GCC_Support/ewl/lib/armv6-m\libc.a(memcpy.o)
                0x00004c00                memcpy
 .text.memset   0x00004c12        0xc C:/CodeWarrior/CW MCU v10.6/MCU/ARM_GCC_Support/ewl/lib/armv6-m\libc.a(memset.o)
                0x00004c12                memset
 *fill*         0x00004c1e        0x2 00
 .text.long2str.isra.0
                0x00004c20      0x19c C:/CodeWarrior/CW MCU v10.6/MCU/ARM_GCC_Support/ewl/lib/armv6-m\libc.a(printformat_.o)
 .text.__pformatter_
                0x00004dbc      0x428 C:/CodeWarrior/CW MCU v10.6/MCU/ARM_GCC_Support/ewl/lib/armv6-m\libc.a(printformat_.o)
                0x00004dbc                __pformatter_
 .text.__sformatter
                0x000051e4      0x698 C:/CodeWarrior/CW MCU v10.6/MCU/ARM_GCC_Support/ewl/lib/armv6-m\libc.a(scanformat_.o)
                0x000051e4                __sformatter
 .text.isalpha  0x0000587c       0x20 C:/CodeWarrior/CW MCU v10.6/MCU/ARM_GCC_Support/ewl/lib/armv6-m\libc.a(ctype_aeabi.o)
                0x0000587c                isalpha
 .text.isspace  0x0000589c       0x20 C:/CodeWarrior/CW MCU v10.6/MCU/ARM_GCC_Support/ewl/lib/armv6-m\libc.a(ctype_aeabi.o)
                0x0000589c                isspace
 .text.toupper  0x000058bc        0xe C:/CodeWarrior/CW MCU v10.6/MCU/ARM_GCC_Support/ewl/lib/armv6-m\libc.a(ctype_aeabi.o)
                0x000058bc                toupper
 .text.__strtoul
                0x000058ca      0x1ce C:/CodeWarrior/CW MCU v10.6/MCU/ARM_GCC_Support/ewl/lib/armv6-m\libc.a(__strtoul.o)
                0x000058ca                __strtoul
 .text.__fill_mem
                0x00005a98       0x7e C:/CodeWarrior/CW MCU v10.6/MCU/ARM_GCC_Support/ewl/lib/armv6-m\libc.a(__filll_mem.o)
                0x00005a98                __fill_mem
 .text.memchr   0x00005b16       0x1a C:/CodeWarrior/CW MCU v10.6/MCU/ARM_GCC_Support/ewl/lib/armv6-m\libc.a(memchr.o)
                0x00005b16                memchr
 .text.strchr   0x00005b30       0x1e C:/CodeWarrior/CW MCU v10.6/MCU/ARM_GCC_Support/ewl/lib/armv6-m\libc.a(strchr.o)
                0x00005b30                strchr
 .text.strlen   0x00005b4e       0x10 C:/CodeWarrior/CW MCU v10.6/MCU/ARM_GCC_Support/ewl/lib/armv6-m\libc.a(strlen.o)
                0x00005b4e                strlen
 .text.pow      0x00005b5e        0x8 C:/CodeWarrior/CW MCU v10.6/MCU/ARM_GCC_Support/ewl/lib/armv6-m\libm.a(w_pow.o)
                0x00005b5e                pow
 *fill*         0x00005b66        0x2 00
 .text.__ieee754_pow
                0x00005b68      0xb70 C:/CodeWarrior/CW MCU v10.6/MCU/ARM_GCC_Support/ewl/lib/armv6-m\libm.a(e_pow.o)
                0x00005b68                __ieee754_pow
 .text.__fpclassifyd
                0x000066d8       0x38 C:/CodeWarrior/CW MCU v10.6/MCU/ARM_GCC_Support/ewl/lib/armv6-m\libm.a(math_api.o)
                0x000066d8                __fpclassifyd
 .text.scalbn   0x00006710       0x14 C:/CodeWarrior/CW MCU v10.6/MCU/ARM_GCC_Support/ewl/lib/armv6-m\libm.a(scalbn.o)
                0x00006710                scalbn
 .text.sqrt     0x00006724        0x8 C:/CodeWarrior/CW MCU v10.6/MCU/ARM_GCC_Support/ewl/lib/armv6-m\libm.a(w_sqrt.o)
                0x00006724                sqrt
 .text.__ieee754_sqrt
                0x0000672c      0x17c C:/CodeWarrior/CW MCU v10.6/MCU/ARM_GCC_Support/ewl/lib/armv6-m\libm.a(e_sqrt.o)
                0x0000672c                __ieee754_sqrt
 .text.frexp    0x000068a8       0x80 C:/CodeWarrior/CW MCU v10.6/MCU/ARM_GCC_Support/ewl/lib/armv6-m\libm.a(s_frexp.o)
                0x000068a8                frexp
 .text.ldexp    0x00006928      0x148 C:/CodeWarrior/CW MCU v10.6/MCU/ARM_GCC_Support/ewl/lib/armv6-m\libm.a(s_ldexp.o)
                0x00006928                ldexp
 .text.__init_cpp
                0x00006a70       0x48 C:/CodeWarrior/CW MCU v10.6/MCU/ARM_GCC_Support/ewl/lib/armv6-m\librt.a(gcc_ctor_dtor.o)
                0x00006a70                __init_cpp
 .text.__fini_cpp
                0x00006ab8       0x34 C:/CodeWarrior/CW MCU v10.6/MCU/ARM_GCC_Support/ewl/lib/armv6-m\librt.a(gcc_ctor_dtor.o)
                0x00006ab8                __fini_cpp
 .text.__copy_rom_section
                0x00006aec       0x48 C:/CodeWarrior/CW MCU v10.6/MCU/ARM_GCC_Support/ewl/lib/armv6-m\librt.a(ROMCopy.o)
                0x00006aec                __copy_rom_section
 .text.__copy_rom_sections_to_ram
                0x00006b34       0x34 C:/CodeWarrior/CW MCU v10.6/MCU/ARM_GCC_Support/ewl/lib/armv6-m\librt.a(ROMCopy.o)
                0x00006b34                __copy_rom_sections_to_ram
 .text.__destroy_global_chain
                0x00006b68       0x1c C:/CodeWarrior/CW MCU v10.6/MCU/ARM_GCC_Support/ewl/lib/armv6-m\librt.a(__arm_eabi_init.o)
                0x00006b68                __destroy_global_chain
 .text.__init_registers
                0x00006b84       0x1c C:/CodeWarrior/CW MCU v10.6/MCU/ARM_GCC_Support/ewl/lib/armv6-m\librt.a(__arm_eabi_init.o)
                0x00006b84                __init_registers
 .text.__init_user
                0x00006ba0        0x4 C:/CodeWarrior/CW MCU v10.6/MCU/ARM_GCC_Support/ewl/lib/armv6-m\librt.a(__arm_eabi_init.o)
                0x00006ba0                __init_user
 *(.rodata)
 .rodata        0x00006ba4      0x140 ./Sources/user_interface.o
 .rodata        0x00006ce4       0xb4 ./Sources/halGPIO.o
 .rodata        0x00006d98       0x40 c:/codewarrior/cw mcu v10.6/cross_tools/arm-none-eabi-gcc-4_7_3/bin/../lib/gcc/arm-none-eabi/4.7.3/armv6-m\libgcc.a(divdf3.o)
 .rodata        0x00006dd8       0x40 c:/codewarrior/cw mcu v10.6/cross_tools/arm-none-eabi-gcc-4_7_3/bin/../lib/gcc/arm-none-eabi/4.7.3/armv6-m\libgcc.a(muldf3.o)
 *(.rodata*)
 .rodata.str1.1
                0x00006e18        0x1 C:/CodeWarrior/CW MCU v10.6/MCU/ARM_GCC_Support/ewl/lib/armv6-m\libc.a(printformat_.o)
 .rodata.CSWTCH.20
                0x00006e19        0x5 C:/CodeWarrior/CW MCU v10.6/MCU/ARM_GCC_Support/ewl/lib/armv6-m\libc.a(printformat_.o)
 .rodata.CSWTCH.21
                0x00006e1e        0x5 C:/CodeWarrior/CW MCU v10.6/MCU/ARM_GCC_Support/ewl/lib/armv6-m\libc.a(printformat_.o)
 .rodata.__aeabi_ctype_table_C
                0x00006e23      0x101 C:/CodeWarrior/CW MCU v10.6/MCU/ARM_GCC_Support/ewl/lib/armv6-m\libc.a(ctype_aeabi.o)
                0x00006e23                __aeabi_ctype_table_C
 *fill*         0x00006f24        0x4 00
 .rodata.dp_h   0x00006f28       0x10 C:/CodeWarrior/CW MCU v10.6/MCU/ARM_GCC_Support/ewl/lib/armv6-m\libm.a(e_pow.o)
 .rodata.dp_l   0x00006f38       0x10 C:/CodeWarrior/CW MCU v10.6/MCU/ARM_GCC_Support/ewl/lib/armv6-m\libm.a(e_pow.o)
 .rodata.bp     0x00006f48       0x10 C:/CodeWarrior/CW MCU v10.6/MCU/ARM_GCC_Support/ewl/lib/armv6-m\libm.a(e_pow.o)
 *(.glue_7)
 .glue_7        0x00000000        0x0 linker stubs
 *(.glue_7t)
 .glue_7t       0x00000000        0x0 linker stubs
 *(.eh_frame)
 *(.init)
 *(.fini)
                0x00006f58                . = ALIGN (0x4)
                0x00006f58                _etext = .

.vfp11_veneer   0x00006f58        0x0
 .vfp11_veneer  0x00000000        0x0 linker stubs

.v4_bx          0x00006f58        0x0
 .v4_bx         0x00000000        0x0 linker stubs

.iplt           0x00006f58        0x0
 .iplt          0x00000000        0x0 ./Project_Settings/Startup_Code/kinetis_sysinit.o

.rel.dyn        0x00006f58        0x0
 .rel.iplt      0x00000000        0x0 ./Project_Settings/Startup_Code/kinetis_sysinit.o

.ARM.extab
 *(.ARM.extab* .gnu.linkonce.armextab.*)

.ARM            0x00006f58        0x0
                0x00006f58                __exidx_start = .
 *(.ARM.exidx*)
                0x00006f58                __exidx_end = .

.ctors          0x00006f58        0x0
                0x00006f58                __CTOR_LIST__ = .
 *crtbegin.o(.ctors)
 *(EXCLUDE_FILE(*crtend.o) .ctors)
 *(SORT(.ctors.*))
 *(.ctors)
                0x00006f58                __CTOR_END__ = .

.dtors          0x00006f58        0x0
                0x00006f58                __DTOR_LIST__ = .
 *crtbegin.o(.dtors)
 *(EXCLUDE_FILE(*crtend.o) .dtors)
 *(SORT(.dtors.*))
 *(.dtors)
                0x00006f58                __DTOR_END__ = .

.preinit_array  0x00006f58        0x0
                0x00006f58                PROVIDE (__preinit_array_start, .)
 *(.preinit_array*)
                0x00006f58                PROVIDE (__preinit_array_end, .)

.init_array     0x00006f58        0x0
                0x00006f58                PROVIDE (__init_array_start, .)
 *(SORT(.init_array.*))
 *(.init_array*)
                0x00006f58                PROVIDE (__init_array_end, .)

.fini_array     0x00006f58        0x0
                0x00006f58                PROVIDE (__fini_array_start, .)
 *(SORT(.fini_array.*))
 *(.fini_array*)
                0x00006f58                PROVIDE (__fini_array_end, .)
                0x00006f58                ___ROM_AT = .

.mtb            0x1ffff000        0x0
                0x1ffff000                . = ALIGN (0x8)
                0x1ffff000                _mtb_start = .
 *(.mtb_buf)
                0x1ffff000                . = ALIGN (0x8)
                0x1ffff000                _mtb_end = .

.data           0x1ffff000        0x8 load address 0x00006f58
                0x1ffff000                . = ALIGN (0x4)
                0x1ffff000                _sdata = .
 *(.data)
 *(.data*)
 .data.__double_nan
                0x1ffff000        0x8 C:/CodeWarrior/CW MCU v10.6/MCU/ARM_GCC_Support/ewl/lib/armv6-m\libm.a(float.o)
                0x1ffff000                __double_nan
                0x1ffff008                . = ALIGN (0x4)
                0x1ffff008                _edata = .
                0x00000008                ___data_size = (_edata - _sdata)

.igot.plt       0x1ffff008        0x0 load address 0x00006f60
 .igot.plt      0x00000000        0x0 ./Project_Settings/Startup_Code/kinetis_sysinit.o
                0x1ffff008                . = ALIGN (0x4)

.bss            0x1ffff008      0x13c load address 0x00006f60
                0x1ffff008                __START_BSS = .
                0x1ffff008                PROVIDE (__bss_start__, __START_BSS)
 *(.bss)
 *(.bss*)
 .bss.argv      0x1ffff008        0x4 ./Project_Settings/Startup_Code/__arm_start.o
 .bss.counter.5188
                0x1ffff00c        0x1 ./Sources/halGPIO.o
 *fill*         0x1ffff00d        0x3 00
 .bss.__stdio_exit
                0x1ffff010        0x4 C:/CodeWarrior/CW MCU v10.6/MCU/ARM_GCC_Support/ewl/lib/armv6-m\libc.a(exit.o)
                0x1ffff010                __stdio_exit
 .bss.__console_exit
                0x1ffff014        0x4 C:/CodeWarrior/CW MCU v10.6/MCU/ARM_GCC_Support/ewl/lib/armv6-m\libc.a(exit.o)
                0x1ffff014                __console_exit
 .bss.__S_romp  0x1ffff018        0xc C:/CodeWarrior/CW MCU v10.6/MCU/ARM_GCC_Support/ewl/lib/armv6-m\librt.a(ROMCopy.o)
 .bss.__global_destructor_chain
                0x1ffff024        0x4 C:/CodeWarrior/CW MCU v10.6/MCU/ARM_GCC_Support/ewl/lib/armv6-m\librt.a(__arm_eabi_init.o)
                0x1ffff024                __global_destructor_chain
 *(COMMON)
 COMMON         0x1ffff028      0x117 ./Sources/user_interface.o
                0x1ffff028                line_select
                0x1ffff02c                string_index
                0x1ffff030                lastState
                0x1ffff031                state
                0x1ffff034                menu_select
                0x1ffff038                interval
                0x1ffff03c                menu_size
                0x1ffff040                string_buffer
 *fill*         0x1ffff13f        0x1 00
 COMMON         0x1ffff140        0x4 C:/CodeWarrior/CW MCU v10.6/MCU/ARM_GCC_Support/ewl/lib/armv6-m\libc.a(errno.o)
                0x1ffff140                errno
                0x1ffff144                . = ALIGN (0x4)
                0x1ffff144                __END_BSS = .
                0x1ffff144                PROVIDE (__bss_end__, __END_BSS)
                0x00006f60                _romp_at = (___ROM_AT + SIZEOF (.data))

.romp           0x1ffff144       0x18 load address 0x00006f60
                0x00006f60                __S_romp = _romp_at
                0x1ffff144        0x4 LONG 0x6f58 ___ROM_AT
                0x1ffff148        0x4 LONG 0x1ffff000 _sdata
                0x1ffff14c        0x4 LONG 0x8 ___data_size
                0x1ffff150        0x4 LONG 0x0
                0x1ffff154        0x4 LONG 0x0
                0x1ffff158        0x4 LONG 0x0

._user_heap_stack
                0x1ffff15c      0x800 load address 0x00006f78
                0x1ffff15c                . = ALIGN (0x4)
                0x1ffff15c                PROVIDE (end, .)
                0x1ffff15c                PROVIDE (_end, .)
                0x1ffff15c                __heap_addr = .
                0x1ffff55c                . = (. + __heap_size)
 *fill*         0x1ffff15c      0x400 00
                0x1ffff95c                . = (. + __stack_size)
 *fill*         0x1ffff55c      0x400 00
                0x1ffff95c                . = ALIGN (0x4)

.ARM.attributes
                0x00000000       0x31
 *(.ARM.attributes)
 .ARM.attributes
                0x00000000       0x31 ./Project_Settings/Startup_Code/kinetis_sysinit.o
 .ARM.attributes
                0x00000031       0x31 ./Project_Settings/Startup_Code/__arm_start.o
 .ARM.attributes
                0x00000062       0x31 ./Project_Settings/Startup_Code/__arm_end.o
 .ARM.attributes
                0x00000093       0x31 ./Sources/user_interface.o
 .ARM.attributes
                0x000000c4       0x31 ./Sources/mcg.o
 .ARM.attributes
                0x000000f5       0x31 ./Sources/main.o
 .ARM.attributes
                0x00000126       0x31 ./Sources/halLCD.o
 .ARM.attributes
                0x00000157       0x31 ./Sources/halGPIO.o
 .ARM.attributes
                0x00000188       0x31 ./Sources/convertToAscii.o
 .ARM.attributes
                0x000001b9       0x31 ./Sources/arm_cm0.o
 .ARM.attributes
                0x000001ea       0x31 ./Sources/UART.o
 .ARM.attributes
                0x0000021b       0x31 ./Sources/Fsm.o
 .ARM.attributes
                0x0000024c       0x31 ./Sources/BoardSupport.o
 .ARM.attributes
                0x0000027d       0x31 ./Sources/ADCandDAC.o
 .ARM.attributes
                0x000002ae       0x31 C:/CodeWarrior/CW MCU v10.6/MCU/ARM_GCC_Support/ewl/lib/armv6-m\libc.a(exit.o)
 .ARM.attributes
                0x000002df       0x31 C:/CodeWarrior/CW MCU v10.6/MCU/ARM_GCC_Support/ewl/lib/armv6-m\libc.a(memcpy.o)
 .ARM.attributes
                0x00000310       0x31 C:/CodeWarrior/CW MCU v10.6/MCU/ARM_GCC_Support/ewl/lib/armv6-m\libc.a(memset.o)
 .ARM.attributes
                0x00000341       0x31 C:/CodeWarrior/CW MCU v10.6/MCU/ARM_GCC_Support/ewl/lib/armv6-m\libc.a(printformat_.o)
 .ARM.attributes
                0x00000372       0x31 C:/CodeWarrior/CW MCU v10.6/MCU/ARM_GCC_Support/ewl/lib/armv6-m\libc.a(scanformat_.o)
 .ARM.attributes
                0x000003a3       0x31 C:/CodeWarrior/CW MCU v10.6/MCU/ARM_GCC_Support/ewl/lib/armv6-m\libc.a(ctype_aeabi.o)
 .ARM.attributes
                0x000003d4       0x31 C:/CodeWarrior/CW MCU v10.6/MCU/ARM_GCC_Support/ewl/lib/armv6-m\libc.a(__strtoul.o)
 .ARM.attributes
                0x00000405       0x31 C:/CodeWarrior/CW MCU v10.6/MCU/ARM_GCC_Support/ewl/lib/armv6-m\libc.a(__filll_mem.o)
 .ARM.attributes
                0x00000436       0x31 C:/CodeWarrior/CW MCU v10.6/MCU/ARM_GCC_Support/ewl/lib/armv6-m\libc.a(memchr.o)
 .ARM.attributes
                0x00000467       0x31 C:/CodeWarrior/CW MCU v10.6/MCU/ARM_GCC_Support/ewl/lib/armv6-m\libc.a(strchr.o)
 .ARM.attributes
                0x00000498       0x31 C:/CodeWarrior/CW MCU v10.6/MCU/ARM_GCC_Support/ewl/lib/armv6-m\libc.a(strlen.o)
 .ARM.attributes
                0x000004c9       0x31 C:/CodeWarrior/CW MCU v10.6/MCU/ARM_GCC_Support/ewl/lib/armv6-m\libm.a(w_pow.o)
 .ARM.attributes
                0x000004fa       0x31 C:/CodeWarrior/CW MCU v10.6/MCU/ARM_GCC_Support/ewl/lib/armv6-m\libm.a(e_pow.o)
 .ARM.attributes
                0x0000052b       0x31 C:/CodeWarrior/CW MCU v10.6/MCU/ARM_GCC_Support/ewl/lib/armv6-m\libm.a(float.o)
 .ARM.attributes
                0x0000055c       0x31 C:/CodeWarrior/CW MCU v10.6/MCU/ARM_GCC_Support/ewl/lib/armv6-m\libm.a(math_api.o)
 .ARM.attributes
                0x0000058d       0x31 C:/CodeWarrior/CW MCU v10.6/MCU/ARM_GCC_Support/ewl/lib/armv6-m\libm.a(scalbn.o)
 .ARM.attributes
                0x000005be       0x31 C:/CodeWarrior/CW MCU v10.6/MCU/ARM_GCC_Support/ewl/lib/armv6-m\libm.a(w_sqrt.o)
 .ARM.attributes
                0x000005ef       0x31 C:/CodeWarrior/CW MCU v10.6/MCU/ARM_GCC_Support/ewl/lib/armv6-m\libm.a(e_sqrt.o)
 .ARM.attributes
                0x00000620       0x31 C:/CodeWarrior/CW MCU v10.6/MCU/ARM_GCC_Support/ewl/lib/armv6-m\libm.a(s_frexp.o)
 .ARM.attributes
                0x00000651       0x31 C:/CodeWarrior/CW MCU v10.6/MCU/ARM_GCC_Support/ewl/lib/armv6-m\libm.a(s_ldexp.o)
 .ARM.attributes
                0x00000682       0x1e c:/codewarrior/cw mcu v10.6/cross_tools/arm-none-eabi-gcc-4_7_3/bin/../lib/gcc/arm-none-eabi/4.7.3/armv6-m\libgcc.a(_thumb1_case_sqi.o)
 .ARM.attributes
                0x000006a0       0x1e c:/codewarrior/cw mcu v10.6/cross_tools/arm-none-eabi-gcc-4_7_3/bin/../lib/gcc/arm-none-eabi/4.7.3/armv6-m\libgcc.a(_thumb1_case_uqi.o)
 .ARM.attributes
                0x000006be       0x1e c:/codewarrior/cw mcu v10.6/cross_tools/arm-none-eabi-gcc-4_7_3/bin/../lib/gcc/arm-none-eabi/4.7.3/armv6-m\libgcc.a(_udivsi3.o)
 .ARM.attributes
                0x000006dc       0x1e c:/codewarrior/cw mcu v10.6/cross_tools/arm-none-eabi-gcc-4_7_3/bin/../lib/gcc/arm-none-eabi/4.7.3/armv6-m\libgcc.a(_divsi3.o)
 .ARM.attributes
                0x000006fa       0x1e c:/codewarrior/cw mcu v10.6/cross_tools/arm-none-eabi-gcc-4_7_3/bin/../lib/gcc/arm-none-eabi/4.7.3/armv6-m\libgcc.a(_dvmd_tls.o)
 .ARM.attributes
                0x00000718       0x1e c:/codewarrior/cw mcu v10.6/cross_tools/arm-none-eabi-gcc-4_7_3/bin/../lib/gcc/arm-none-eabi/4.7.3/armv6-m\libgcc.a(_arm_cmpdf2.o)
 .ARM.attributes
                0x00000736       0x2c c:/codewarrior/cw mcu v10.6/cross_tools/arm-none-eabi-gcc-4_7_3/bin/../lib/gcc/arm-none-eabi/4.7.3/armv6-m\libgcc.a(subsf3.o)
 .ARM.attributes
                0x00000762       0x2c c:/codewarrior/cw mcu v10.6/cross_tools/arm-none-eabi-gcc-4_7_3/bin/../lib/gcc/arm-none-eabi/4.7.3/armv6-m\libgcc.a(fixsfsi.o)
 .ARM.attributes
                0x0000078e       0x2c c:/codewarrior/cw mcu v10.6/cross_tools/arm-none-eabi-gcc-4_7_3/bin/../lib/gcc/arm-none-eabi/4.7.3/armv6-m\libgcc.a(floatsisf.o)
 .ARM.attributes
                0x000007ba       0x2c c:/codewarrior/cw mcu v10.6/cross_tools/arm-none-eabi-gcc-4_7_3/bin/../lib/gcc/arm-none-eabi/4.7.3/armv6-m\libgcc.a(adddf3.o)
 .ARM.attributes
                0x000007e6       0x2c c:/codewarrior/cw mcu v10.6/cross_tools/arm-none-eabi-gcc-4_7_3/bin/../lib/gcc/arm-none-eabi/4.7.3/armv6-m\libgcc.a(divdf3.o)
 .ARM.attributes
                0x00000812       0x2c c:/codewarrior/cw mcu v10.6/cross_tools/arm-none-eabi-gcc-4_7_3/bin/../lib/gcc/arm-none-eabi/4.7.3/armv6-m\libgcc.a(eqdf2.o)
 .ARM.attributes
                0x0000083e       0x2c c:/codewarrior/cw mcu v10.6/cross_tools/arm-none-eabi-gcc-4_7_3/bin/../lib/gcc/arm-none-eabi/4.7.3/armv6-m\libgcc.a(gedf2.o)
 .ARM.attributes
                0x0000086a       0x2c c:/codewarrior/cw mcu v10.6/cross_tools/arm-none-eabi-gcc-4_7_3/bin/../lib/gcc/arm-none-eabi/4.7.3/armv6-m\libgcc.a(ledf2.o)
 .ARM.attributes
                0x00000896       0x2c c:/codewarrior/cw mcu v10.6/cross_tools/arm-none-eabi-gcc-4_7_3/bin/../lib/gcc/arm-none-eabi/4.7.3/armv6-m\libgcc.a(muldf3.o)
 .ARM.attributes
                0x000008c2       0x2c c:/codewarrior/cw mcu v10.6/cross_tools/arm-none-eabi-gcc-4_7_3/bin/../lib/gcc/arm-none-eabi/4.7.3/armv6-m\libgcc.a(subdf3.o)
 .ARM.attributes
                0x000008ee       0x2c c:/codewarrior/cw mcu v10.6/cross_tools/arm-none-eabi-gcc-4_7_3/bin/../lib/gcc/arm-none-eabi/4.7.3/armv6-m\libgcc.a(floatsidf.o)
 .ARM.attributes
                0x0000091a       0x2c c:/codewarrior/cw mcu v10.6/cross_tools/arm-none-eabi-gcc-4_7_3/bin/../lib/gcc/arm-none-eabi/4.7.3/armv6-m\libgcc.a(extendsfdf2.o)
 .ARM.attributes
                0x00000946       0x2c c:/codewarrior/cw mcu v10.6/cross_tools/arm-none-eabi-gcc-4_7_3/bin/../lib/gcc/arm-none-eabi/4.7.3/armv6-m\libgcc.a(truncdfsf2.o)
 .ARM.attributes
                0x00000972       0x1e c:/codewarrior/cw mcu v10.6/cross_tools/arm-none-eabi-gcc-4_7_3/bin/../lib/gcc/arm-none-eabi/4.7.3/armv6-m\libgcc.a(_clzsi2.o)
 .ARM.attributes
                0x00000990       0x31 C:/CodeWarrior/CW MCU v10.6/MCU/ARM_GCC_Support/ewl/lib/armv6-m\librt.a(gcc_ctor_dtor.o)
 .ARM.attributes
                0x000009c1       0x31 C:/CodeWarrior/CW MCU v10.6/MCU/ARM_GCC_Support/ewl/lib/armv6-m\librt.a(ROMCopy.o)
 .ARM.attributes
                0x000009f2       0x31 C:/CodeWarrior/CW MCU v10.6/MCU/ARM_GCC_Support/ewl/lib/armv6-m\librt.a(__arm_eabi_init.o)
 .ARM.attributes
                0x00000a23       0x31 C:/CodeWarrior/CW MCU v10.6/MCU/ARM_GCC_Support/ewl/lib/armv6-m\libc.a(errno.o)
OUTPUT(board_code.elf elf32-littlearm)

.debug_info     0x00000000     0x7843
 .debug_info    0x00000000      0x447 ./Project_Settings/Startup_Code/kinetis_sysinit.o
 .debug_info    0x00000447      0x12a ./Project_Settings/Startup_Code/__arm_start.o
 .debug_info    0x00000571       0x54 ./Project_Settings/Startup_Code/__arm_end.o
 .debug_info    0x000005c5      0x39a ./Sources/user_interface.o
 .debug_info    0x0000095f      0xf8e ./Sources/mcg.o
 .debug_info    0x000018ed      0x1a7 ./Sources/main.o
 .debug_info    0x00001a94      0x28d ./Sources/halLCD.o
 .debug_info    0x00001d21      0x818 ./Sources/halGPIO.o
 .debug_info    0x00002539      0x1a3 ./Sources/convertToAscii.o
 .debug_info    0x000026dc      0x3cb ./Sources/arm_cm0.o
 .debug_info    0x00002aa7      0x882 ./Sources/UART.o
 .debug_info    0x00003329      0x245 ./Sources/Fsm.o
 .debug_info    0x0000356e      0x946 ./Sources/BoardSupport.o
 .debug_info    0x00003eb4      0x9d5 ./Sources/ADCandDAC.o
 .debug_info    0x00004889       0xe8 C:/CodeWarrior/CW MCU v10.6/MCU/ARM_GCC_Support/ewl/lib/armv6-m\libc.a(exit.o)
 .debug_info    0x00004971      0x10f C:/CodeWarrior/CW MCU v10.6/MCU/ARM_GCC_Support/ewl/lib/armv6-m\libc.a(memcpy.o)
 .debug_info    0x00004a80       0xec C:/CodeWarrior/CW MCU v10.6/MCU/ARM_GCC_Support/ewl/lib/armv6-m\libc.a(memset.o)
 .debug_info    0x00004b6c      0x50d C:/CodeWarrior/CW MCU v10.6/MCU/ARM_GCC_Support/ewl/lib/armv6-m\libc.a(printformat_.o)
 .debug_info    0x00005079      0x568 C:/CodeWarrior/CW MCU v10.6/MCU/ARM_GCC_Support/ewl/lib/armv6-m\libc.a(scanformat_.o)
 .debug_info    0x000055e1      0x313 C:/CodeWarrior/CW MCU v10.6/MCU/ARM_GCC_Support/ewl/lib/armv6-m\libc.a(ctype_aeabi.o)
 .debug_info    0x000058f4      0x1d6 C:/CodeWarrior/CW MCU v10.6/MCU/ARM_GCC_Support/ewl/lib/armv6-m\libc.a(__strtoul.o)
 .debug_info    0x00005aca      0x137 C:/CodeWarrior/CW MCU v10.6/MCU/ARM_GCC_Support/ewl/lib/armv6-m\libc.a(__filll_mem.o)
 .debug_info    0x00005c01      0x121 C:/CodeWarrior/CW MCU v10.6/MCU/ARM_GCC_Support/ewl/lib/armv6-m\libc.a(memchr.o)
 .debug_info    0x00005d22      0x10b C:/CodeWarrior/CW MCU v10.6/MCU/ARM_GCC_Support/ewl/lib/armv6-m\libc.a(strchr.o)
 .debug_info    0x00005e2d       0xea C:/CodeWarrior/CW MCU v10.6/MCU/ARM_GCC_Support/ewl/lib/armv6-m\libc.a(strlen.o)
 .debug_info    0x00005f17       0xc0 C:/CodeWarrior/CW MCU v10.6/MCU/ARM_GCC_Support/ewl/lib/armv6-m\libm.a(w_pow.o)
 .debug_info    0x00005fd7      0x5c7 C:/CodeWarrior/CW MCU v10.6/MCU/ARM_GCC_Support/ewl/lib/armv6-m\libm.a(e_pow.o)
 .debug_info    0x0000659e      0x1e4 C:/CodeWarrior/CW MCU v10.6/MCU/ARM_GCC_Support/ewl/lib/armv6-m\libm.a(float.o)
 .debug_info    0x00006782      0x305 C:/CodeWarrior/CW MCU v10.6/MCU/ARM_GCC_Support/ewl/lib/armv6-m\libm.a(math_api.o)
 .debug_info    0x00006a87       0xf9 C:/CodeWarrior/CW MCU v10.6/MCU/ARM_GCC_Support/ewl/lib/armv6-m\libm.a(scalbn.o)
 .debug_info    0x00006b80       0xb3 C:/CodeWarrior/CW MCU v10.6/MCU/ARM_GCC_Support/ewl/lib/armv6-m\libm.a(w_sqrt.o)
 .debug_info    0x00006c33      0x266 C:/CodeWarrior/CW MCU v10.6/MCU/ARM_GCC_Support/ewl/lib/armv6-m\libm.a(e_sqrt.o)
 .debug_info    0x00006e99      0x1a1 C:/CodeWarrior/CW MCU v10.6/MCU/ARM_GCC_Support/ewl/lib/armv6-m\libm.a(s_frexp.o)
 .debug_info    0x0000703a      0x1e2 C:/CodeWarrior/CW MCU v10.6/MCU/ARM_GCC_Support/ewl/lib/armv6-m\libm.a(s_ldexp.o)
 .debug_info    0x0000721c      0x136 C:/CodeWarrior/CW MCU v10.6/MCU/ARM_GCC_Support/ewl/lib/armv6-m\librt.a(gcc_ctor_dtor.o)
 .debug_info    0x00007352      0x19b C:/CodeWarrior/CW MCU v10.6/MCU/ARM_GCC_Support/ewl/lib/armv6-m\librt.a(ROMCopy.o)
 .debug_info    0x000074ed      0x2b9 C:/CodeWarrior/CW MCU v10.6/MCU/ARM_GCC_Support/ewl/lib/armv6-m\librt.a(__arm_eabi_init.o)
 .debug_info    0x000077a6       0x9d C:/CodeWarrior/CW MCU v10.6/MCU/ARM_GCC_Support/ewl/lib/armv6-m\libc.a(errno.o)

.debug_abbrev   0x00000000     0x21e0
 .debug_abbrev  0x00000000       0xe7 ./Project_Settings/Startup_Code/kinetis_sysinit.o
 .debug_abbrev  0x000000e7       0x92 ./Project_Settings/Startup_Code/__arm_start.o
 .debug_abbrev  0x00000179       0x4c ./Project_Settings/Startup_Code/__arm_end.o
 .debug_abbrev  0x000001c5      0x147 ./Sources/user_interface.o
 .debug_abbrev  0x0000030c      0x18d ./Sources/mcg.o
 .debug_abbrev  0x00000499       0xb5 ./Sources/main.o
 .debug_abbrev  0x0000054e      0x10f ./Sources/halLCD.o
 .debug_abbrev  0x0000065d      0x17f ./Sources/halGPIO.o
 .debug_abbrev  0x000007dc       0xb2 ./Sources/convertToAscii.o
 .debug_abbrev  0x0000088e      0x102 ./Sources/arm_cm0.o
 .debug_abbrev  0x00000990      0x167 ./Sources/UART.o
 .debug_abbrev  0x00000af7       0xe6 ./Sources/Fsm.o
 .debug_abbrev  0x00000bdd      0x161 ./Sources/BoardSupport.o
 .debug_abbrev  0x00000d3e      0x1bc ./Sources/ADCandDAC.o
 .debug_abbrev  0x00000efa       0x7a C:/CodeWarrior/CW MCU v10.6/MCU/ARM_GCC_Support/ewl/lib/armv6-m\libc.a(exit.o)
 .debug_abbrev  0x00000f74       0x95 C:/CodeWarrior/CW MCU v10.6/MCU/ARM_GCC_Support/ewl/lib/armv6-m\libc.a(memcpy.o)
 .debug_abbrev  0x00001009       0x62 C:/CodeWarrior/CW MCU v10.6/MCU/ARM_GCC_Support/ewl/lib/armv6-m\libc.a(memset.o)
 .debug_abbrev  0x0000106b      0x200 C:/CodeWarrior/CW MCU v10.6/MCU/ARM_GCC_Support/ewl/lib/armv6-m\libc.a(printformat_.o)
 .debug_abbrev  0x0000126b      0x1f0 C:/CodeWarrior/CW MCU v10.6/MCU/ARM_GCC_Support/ewl/lib/armv6-m\libc.a(scanformat_.o)
 .debug_abbrev  0x0000145b       0x9e C:/CodeWarrior/CW MCU v10.6/MCU/ARM_GCC_Support/ewl/lib/armv6-m\libc.a(ctype_aeabi.o)
 .debug_abbrev  0x000014f9       0xc2 C:/CodeWarrior/CW MCU v10.6/MCU/ARM_GCC_Support/ewl/lib/armv6-m\libc.a(__strtoul.o)
 .debug_abbrev  0x000015bb       0x78 C:/CodeWarrior/CW MCU v10.6/MCU/ARM_GCC_Support/ewl/lib/armv6-m\libc.a(__filll_mem.o)
 .debug_abbrev  0x00001633       0x95 C:/CodeWarrior/CW MCU v10.6/MCU/ARM_GCC_Support/ewl/lib/armv6-m\libc.a(memchr.o)
 .debug_abbrev  0x000016c8       0x7a C:/CodeWarrior/CW MCU v10.6/MCU/ARM_GCC_Support/ewl/lib/armv6-m\libc.a(strchr.o)
 .debug_abbrev  0x00001742       0x7a C:/CodeWarrior/CW MCU v10.6/MCU/ARM_GCC_Support/ewl/lib/armv6-m\libc.a(strlen.o)
 .debug_abbrev  0x000017bc       0x59 C:/CodeWarrior/CW MCU v10.6/MCU/ARM_GCC_Support/ewl/lib/armv6-m\libm.a(w_pow.o)
 .debug_abbrev  0x00001815      0x157 C:/CodeWarrior/CW MCU v10.6/MCU/ARM_GCC_Support/ewl/lib/armv6-m\libm.a(e_pow.o)
 .debug_abbrev  0x0000196c       0x56 C:/CodeWarrior/CW MCU v10.6/MCU/ARM_GCC_Support/ewl/lib/armv6-m\libm.a(float.o)
 .debug_abbrev  0x000019c2       0xe8 C:/CodeWarrior/CW MCU v10.6/MCU/ARM_GCC_Support/ewl/lib/armv6-m\libm.a(math_api.o)
 .debug_abbrev  0x00001aaa       0x86 C:/CodeWarrior/CW MCU v10.6/MCU/ARM_GCC_Support/ewl/lib/armv6-m\libm.a(scalbn.o)
 .debug_abbrev  0x00001b30       0x59 C:/CodeWarrior/CW MCU v10.6/MCU/ARM_GCC_Support/ewl/lib/armv6-m\libm.a(w_sqrt.o)
 .debug_abbrev  0x00001b89      0x10b C:/CodeWarrior/CW MCU v10.6/MCU/ARM_GCC_Support/ewl/lib/armv6-m\libm.a(e_sqrt.o)
 .debug_abbrev  0x00001c94       0xce C:/CodeWarrior/CW MCU v10.6/MCU/ARM_GCC_Support/ewl/lib/armv6-m\libm.a(s_frexp.o)
 .debug_abbrev  0x00001d62       0xce C:/CodeWarrior/CW MCU v10.6/MCU/ARM_GCC_Support/ewl/lib/armv6-m\libm.a(s_ldexp.o)
 .debug_abbrev  0x00001e30       0x99 C:/CodeWarrior/CW MCU v10.6/MCU/ARM_GCC_Support/ewl/lib/armv6-m\librt.a(gcc_ctor_dtor.o)
 .debug_abbrev  0x00001ec9      0x120 C:/CodeWarrior/CW MCU v10.6/MCU/ARM_GCC_Support/ewl/lib/armv6-m\librt.a(ROMCopy.o)
 .debug_abbrev  0x00001fe9      0x1b3 C:/CodeWarrior/CW MCU v10.6/MCU/ARM_GCC_Support/ewl/lib/armv6-m\librt.a(__arm_eabi_init.o)
 .debug_abbrev  0x0000219c       0x44 C:/CodeWarrior/CW MCU v10.6/MCU/ARM_GCC_Support/ewl/lib/armv6-m\libc.a(errno.o)

.debug_loc      0x00000000     0x4b5a
 .debug_loc     0x00000000       0x58 ./Project_Settings/Startup_Code/kinetis_sysinit.o
 .debug_loc     0x00000058       0x2c ./Project_Settings/Startup_Code/__arm_start.o
 .debug_loc     0x00000084       0x38 ./Project_Settings/Startup_Code/__arm_end.o
 .debug_loc     0x000000bc      0x13c ./Sources/user_interface.o
 .debug_loc     0x000001f8      0x64c ./Sources/mcg.o
 .debug_loc     0x00000844       0x3a ./Sources/main.o
 .debug_loc     0x0000087e      0x10c ./Sources/halLCD.o
 .debug_loc     0x0000098a      0x27e ./Sources/halGPIO.o
 .debug_loc     0x00000c08       0xa8 ./Sources/convertToAscii.o
 .debug_loc     0x00000cb0      0x138 ./Sources/arm_cm0.o
 .debug_loc     0x00000de8      0x150 ./Sources/UART.o
 .debug_loc     0x00000f38       0x9c ./Sources/Fsm.o
 .debug_loc     0x00000fd4      0x1e8 ./Sources/BoardSupport.o
 .debug_loc     0x000011bc      0x138 ./Sources/ADCandDAC.o
 .debug_loc     0x000012f4       0x3e C:/CodeWarrior/CW MCU v10.6/MCU/ARM_GCC_Support/ewl/lib/armv6-m\libc.a(exit.o)
 .debug_loc     0x00001332       0x59 C:/CodeWarrior/CW MCU v10.6/MCU/ARM_GCC_Support/ewl/lib/armv6-m\libc.a(memcpy.o)
 .debug_loc     0x0000138b       0x6f C:/CodeWarrior/CW MCU v10.6/MCU/ARM_GCC_Support/ewl/lib/armv6-m\libc.a(memset.o)
 .debug_loc     0x000013fa     0x104b C:/CodeWarrior/CW MCU v10.6/MCU/ARM_GCC_Support/ewl/lib/armv6-m\libc.a(printformat_.o)
 .debug_loc     0x00002445      0x9d8 C:/CodeWarrior/CW MCU v10.6/MCU/ARM_GCC_Support/ewl/lib/armv6-m\libc.a(scanformat_.o)
 .debug_loc     0x00002e1d      0x30d C:/CodeWarrior/CW MCU v10.6/MCU/ARM_GCC_Support/ewl/lib/armv6-m\libc.a(ctype_aeabi.o)
 .debug_loc     0x0000312a      0x305 C:/CodeWarrior/CW MCU v10.6/MCU/ARM_GCC_Support/ewl/lib/armv6-m\libc.a(__strtoul.o)
 .debug_loc     0x0000342f      0x14a C:/CodeWarrior/CW MCU v10.6/MCU/ARM_GCC_Support/ewl/lib/armv6-m\libc.a(__filll_mem.o)
 .debug_loc     0x00003579       0x77 C:/CodeWarrior/CW MCU v10.6/MCU/ARM_GCC_Support/ewl/lib/armv6-m\libc.a(memchr.o)
 .debug_loc     0x000035f0       0xaf C:/CodeWarrior/CW MCU v10.6/MCU/ARM_GCC_Support/ewl/lib/armv6-m\libc.a(strchr.o)
 .debug_loc     0x0000369f       0x33 C:/CodeWarrior/CW MCU v10.6/MCU/ARM_GCC_Support/ewl/lib/armv6-m\libc.a(strlen.o)
 .debug_loc     0x000036d2       0x50 C:/CodeWarrior/CW MCU v10.6/MCU/ARM_GCC_Support/ewl/lib/armv6-m\libm.a(w_pow.o)
 .debug_loc     0x00003722      0x962 C:/CodeWarrior/CW MCU v10.6/MCU/ARM_GCC_Support/ewl/lib/armv6-m\libm.a(e_pow.o)
 .debug_loc     0x00004084      0x2d7 C:/CodeWarrior/CW MCU v10.6/MCU/ARM_GCC_Support/ewl/lib/armv6-m\libm.a(math_api.o)
 .debug_loc     0x0000435b       0x6e C:/CodeWarrior/CW MCU v10.6/MCU/ARM_GCC_Support/ewl/lib/armv6-m\libm.a(scalbn.o)
 .debug_loc     0x000043c9       0x38 C:/CodeWarrior/CW MCU v10.6/MCU/ARM_GCC_Support/ewl/lib/armv6-m\libm.a(w_sqrt.o)
 .debug_loc     0x00004401      0x220 C:/CodeWarrior/CW MCU v10.6/MCU/ARM_GCC_Support/ewl/lib/armv6-m\libm.a(e_sqrt.o)
 .debug_loc     0x00004621       0xc1 C:/CodeWarrior/CW MCU v10.6/MCU/ARM_GCC_Support/ewl/lib/armv6-m\libm.a(s_frexp.o)
 .debug_loc     0x000046e2      0x16b C:/CodeWarrior/CW MCU v10.6/MCU/ARM_GCC_Support/ewl/lib/armv6-m\libm.a(s_ldexp.o)
 .debug_loc     0x0000484d       0x9d C:/CodeWarrior/CW MCU v10.6/MCU/ARM_GCC_Support/ewl/lib/armv6-m\librt.a(gcc_ctor_dtor.o)
 .debug_loc     0x000048ea       0xd9 C:/CodeWarrior/CW MCU v10.6/MCU/ARM_GCC_Support/ewl/lib/armv6-m\librt.a(ROMCopy.o)
 .debug_loc     0x000049c3      0x197 C:/CodeWarrior/CW MCU v10.6/MCU/ARM_GCC_Support/ewl/lib/armv6-m\librt.a(__arm_eabi_init.o)

.debug_aranges  0x00000000      0x828
 .debug_aranges
                0x00000000       0x28 ./Project_Settings/Startup_Code/kinetis_sysinit.o
 .debug_aranges
                0x00000028       0x30 ./Project_Settings/Startup_Code/__arm_start.o
 .debug_aranges
                0x00000058       0x20 ./Project_Settings/Startup_Code/__arm_end.o
 .debug_aranges
                0x00000078       0x48 ./Sources/user_interface.o
 .debug_aranges
                0x000000c0      0x100 ./Sources/mcg.o
 .debug_aranges
                0x000001c0       0x20 ./Sources/main.o
 .debug_aranges
                0x000001e0       0x40 ./Sources/halLCD.o
 .debug_aranges
                0x00000220       0x78 ./Sources/halGPIO.o
 .debug_aranges
                0x00000298       0x30 ./Sources/convertToAscii.o
 .debug_aranges
                0x000002c8       0x48 ./Sources/arm_cm0.o
 .debug_aranges
                0x00000310       0x48 ./Sources/UART.o
 .debug_aranges
                0x00000358       0x30 ./Sources/Fsm.o
 .debug_aranges
                0x00000388       0x68 ./Sources/BoardSupport.o
 .debug_aranges
                0x000003f0       0x48 ./Sources/ADCandDAC.o
 .debug_aranges
                0x00000438       0x20 C:/CodeWarrior/CW MCU v10.6/MCU/ARM_GCC_Support/ewl/lib/armv6-m\libc.a(exit.o)
 .debug_aranges
                0x00000458       0x20 C:/CodeWarrior/CW MCU v10.6/MCU/ARM_GCC_Support/ewl/lib/armv6-m\libc.a(memcpy.o)
 .debug_aranges
                0x00000478       0x20 C:/CodeWarrior/CW MCU v10.6/MCU/ARM_GCC_Support/ewl/lib/armv6-m\libc.a(memset.o)
 .debug_aranges
                0x00000498       0x28 C:/CodeWarrior/CW MCU v10.6/MCU/ARM_GCC_Support/ewl/lib/armv6-m\libc.a(printformat_.o)
 .debug_aranges
                0x000004c0       0x20 C:/CodeWarrior/CW MCU v10.6/MCU/ARM_GCC_Support/ewl/lib/armv6-m\libc.a(scanformat_.o)
 .debug_aranges
                0x000004e0       0x88 C:/CodeWarrior/CW MCU v10.6/MCU/ARM_GCC_Support/ewl/lib/armv6-m\libc.a(ctype_aeabi.o)
 .debug_aranges
                0x00000568       0x20 C:/CodeWarrior/CW MCU v10.6/MCU/ARM_GCC_Support/ewl/lib/armv6-m\libc.a(__strtoul.o)
 .debug_aranges
                0x00000588       0x20 C:/CodeWarrior/CW MCU v10.6/MCU/ARM_GCC_Support/ewl/lib/armv6-m\libc.a(__filll_mem.o)
 .debug_aranges
                0x000005a8       0x20 C:/CodeWarrior/CW MCU v10.6/MCU/ARM_GCC_Support/ewl/lib/armv6-m\libc.a(memchr.o)
 .debug_aranges
                0x000005c8       0x20 C:/CodeWarrior/CW MCU v10.6/MCU/ARM_GCC_Support/ewl/lib/armv6-m\libc.a(strchr.o)
 .debug_aranges
                0x000005e8       0x20 C:/CodeWarrior/CW MCU v10.6/MCU/ARM_GCC_Support/ewl/lib/armv6-m\libc.a(strlen.o)
 .debug_aranges
                0x00000608       0x20 C:/CodeWarrior/CW MCU v10.6/MCU/ARM_GCC_Support/ewl/lib/armv6-m\libm.a(w_pow.o)
 .debug_aranges
                0x00000628       0x20 C:/CodeWarrior/CW MCU v10.6/MCU/ARM_GCC_Support/ewl/lib/armv6-m\libm.a(e_pow.o)
 .debug_aranges
                0x00000648       0x18 C:/CodeWarrior/CW MCU v10.6/MCU/ARM_GCC_Support/ewl/lib/armv6-m\libm.a(float.o)
 .debug_aranges
                0x00000660       0x60 C:/CodeWarrior/CW MCU v10.6/MCU/ARM_GCC_Support/ewl/lib/armv6-m\libm.a(math_api.o)
 .debug_aranges
                0x000006c0       0x20 C:/CodeWarrior/CW MCU v10.6/MCU/ARM_GCC_Support/ewl/lib/armv6-m\libm.a(scalbn.o)
 .debug_aranges
                0x000006e0       0x20 C:/CodeWarrior/CW MCU v10.6/MCU/ARM_GCC_Support/ewl/lib/armv6-m\libm.a(w_sqrt.o)
 .debug_aranges
                0x00000700       0x20 C:/CodeWarrior/CW MCU v10.6/MCU/ARM_GCC_Support/ewl/lib/armv6-m\libm.a(e_sqrt.o)
 .debug_aranges
                0x00000720       0x20 C:/CodeWarrior/CW MCU v10.6/MCU/ARM_GCC_Support/ewl/lib/armv6-m\libm.a(s_frexp.o)
 .debug_aranges
                0x00000740       0x20 C:/CodeWarrior/CW MCU v10.6/MCU/ARM_GCC_Support/ewl/lib/armv6-m\libm.a(s_ldexp.o)
 .debug_aranges
                0x00000760       0x28 C:/CodeWarrior/CW MCU v10.6/MCU/ARM_GCC_Support/ewl/lib/armv6-m\librt.a(gcc_ctor_dtor.o)
 .debug_aranges
                0x00000788       0x30 C:/CodeWarrior/CW MCU v10.6/MCU/ARM_GCC_Support/ewl/lib/armv6-m\librt.a(ROMCopy.o)
 .debug_aranges
                0x000007b8       0x58 C:/CodeWarrior/CW MCU v10.6/MCU/ARM_GCC_Support/ewl/lib/armv6-m\librt.a(__arm_eabi_init.o)
 .debug_aranges
                0x00000810       0x18 C:/CodeWarrior/CW MCU v10.6/MCU/ARM_GCC_Support/ewl/lib/armv6-m\libc.a(errno.o)

.debug_macinfo  0x00000000   0x1bddcd
 .debug_macinfo
                0x00000000    0x264f0 ./Project_Settings/Startup_Code/kinetis_sysinit.o
 .debug_macinfo
                0x000264f0     0x3e6d ./Project_Settings/Startup_Code/__arm_start.o
 .debug_macinfo
                0x0002a35d     0x3456 ./Project_Settings/Startup_Code/__arm_end.o
 .debug_macinfo
                0x0002d7b3    0x27a73 ./Sources/user_interface.o
 .debug_macinfo
                0x00055226    0x265cb ./Sources/mcg.o
 .debug_macinfo
                0x0007b7f1    0x27aa0 ./Sources/main.o
 .debug_macinfo
                0x000a3291    0x27a73 ./Sources/halLCD.o
 .debug_macinfo
                0x000cad04    0x27a73 ./Sources/halGPIO.o
 .debug_macinfo
                0x000f2777     0x5e25 ./Sources/convertToAscii.o
 .debug_macinfo
                0x000f859c    0x26567 ./Sources/arm_cm0.o
 .debug_macinfo
                0x0011eb03    0x27aa0 ./Sources/UART.o
 .debug_macinfo
                0x001465a3    0x27a77 ./Sources/Fsm.o
 .debug_macinfo
                0x0016e01a    0x27ba1 ./Sources/BoardSupport.o
 .debug_macinfo
                0x00195bbb    0x28212 ./Sources/ADCandDAC.o

.debug_line     0x00000000     0x4a2c
 .debug_line    0x00000000      0x210 ./Project_Settings/Startup_Code/kinetis_sysinit.o
 .debug_line    0x00000210      0x293 ./Project_Settings/Startup_Code/__arm_start.o
 .debug_line    0x000004a3      0x26e ./Project_Settings/Startup_Code/__arm_end.o
 .debug_line    0x00000711      0x3a8 ./Sources/user_interface.o
 .debug_line    0x00000ab9      0x99c ./Sources/mcg.o
 .debug_line    0x00001455      0x320 ./Sources/main.o
 .debug_line    0x00001775      0x38e ./Sources/halLCD.o
 .debug_line    0x00001b03      0x439 ./Sources/halGPIO.o
 .debug_line    0x00001f3c      0x306 ./Sources/convertToAscii.o
 .debug_line    0x00002242      0x241 ./Sources/arm_cm0.o
 .debug_line    0x00002483      0x3cb ./Sources/UART.o
 .debug_line    0x0000284e      0x33f ./Sources/Fsm.o
 .debug_line    0x00002b8d      0x3ed ./Sources/BoardSupport.o
 .debug_line    0x00002f7a      0x3bf ./Sources/ADCandDAC.o
 .debug_line    0x00003339       0x8d C:/CodeWarrior/CW MCU v10.6/MCU/ARM_GCC_Support/ewl/lib/armv6-m\libc.a(exit.o)
 .debug_line    0x000033c6       0x8b C:/CodeWarrior/CW MCU v10.6/MCU/ARM_GCC_Support/ewl/lib/armv6-m\libc.a(memcpy.o)
 .debug_line    0x00003451       0x90 C:/CodeWarrior/CW MCU v10.6/MCU/ARM_GCC_Support/ewl/lib/armv6-m\libc.a(memset.o)
 .debug_line    0x000034e1      0x2c3 C:/CodeWarrior/CW MCU v10.6/MCU/ARM_GCC_Support/ewl/lib/armv6-m\libc.a(printformat_.o)
 .debug_line    0x000037a4      0x2be C:/CodeWarrior/CW MCU v10.6/MCU/ARM_GCC_Support/ewl/lib/armv6-m\libc.a(scanformat_.o)
 .debug_line    0x00003a62      0x1be C:/CodeWarrior/CW MCU v10.6/MCU/ARM_GCC_Support/ewl/lib/armv6-m\libc.a(ctype_aeabi.o)
 .debug_line    0x00003c20      0x11e C:/CodeWarrior/CW MCU v10.6/MCU/ARM_GCC_Support/ewl/lib/armv6-m\libc.a(__strtoul.o)
 .debug_line    0x00003d3e       0xf6 C:/CodeWarrior/CW MCU v10.6/MCU/ARM_GCC_Support/ewl/lib/armv6-m\libc.a(__filll_mem.o)
 .debug_line    0x00003e34       0x9f C:/CodeWarrior/CW MCU v10.6/MCU/ARM_GCC_Support/ewl/lib/armv6-m\libc.a(memchr.o)
 .debug_line    0x00003ed3       0x7d C:/CodeWarrior/CW MCU v10.6/MCU/ARM_GCC_Support/ewl/lib/armv6-m\libc.a(strchr.o)
 .debug_line    0x00003f50       0x85 C:/CodeWarrior/CW MCU v10.6/MCU/ARM_GCC_Support/ewl/lib/armv6-m\libc.a(strlen.o)
 .debug_line    0x00003fd5       0x73 C:/CodeWarrior/CW MCU v10.6/MCU/ARM_GCC_Support/ewl/lib/armv6-m\libm.a(w_pow.o)
 .debug_line    0x00004048      0x1f9 C:/CodeWarrior/CW MCU v10.6/MCU/ARM_GCC_Support/ewl/lib/armv6-m\libm.a(e_pow.o)
 .debug_line    0x00004241       0x60 C:/CodeWarrior/CW MCU v10.6/MCU/ARM_GCC_Support/ewl/lib/armv6-m\libm.a(float.o)
 .debug_line    0x000042a1      0x173 C:/CodeWarrior/CW MCU v10.6/MCU/ARM_GCC_Support/ewl/lib/armv6-m\libm.a(math_api.o)
 .debug_line    0x00004414       0x77 C:/CodeWarrior/CW MCU v10.6/MCU/ARM_GCC_Support/ewl/lib/armv6-m\libm.a(scalbn.o)
 .debug_line    0x0000448b       0x74 C:/CodeWarrior/CW MCU v10.6/MCU/ARM_GCC_Support/ewl/lib/armv6-m\libm.a(w_sqrt.o)
 .debug_line    0x000044ff      0x121 C:/CodeWarrior/CW MCU v10.6/MCU/ARM_GCC_Support/ewl/lib/armv6-m\libm.a(e_sqrt.o)
 .debug_line    0x00004620       0xb9 C:/CodeWarrior/CW MCU v10.6/MCU/ARM_GCC_Support/ewl/lib/armv6-m\libm.a(s_frexp.o)
 .debug_line    0x000046d9       0xc6 C:/CodeWarrior/CW MCU v10.6/MCU/ARM_GCC_Support/ewl/lib/armv6-m\libm.a(s_ldexp.o)
 .debug_line    0x0000479f       0x6c C:/CodeWarrior/CW MCU v10.6/MCU/ARM_GCC_Support/ewl/lib/armv6-m\librt.a(gcc_ctor_dtor.o)
 .debug_line    0x0000480b       0xbd C:/CodeWarrior/CW MCU v10.6/MCU/ARM_GCC_Support/ewl/lib/armv6-m\librt.a(ROMCopy.o)
 .debug_line    0x000048c8      0x117 C:/CodeWarrior/CW MCU v10.6/MCU/ARM_GCC_Support/ewl/lib/armv6-m\librt.a(__arm_eabi_init.o)
 .debug_line    0x000049df       0x4d C:/CodeWarrior/CW MCU v10.6/MCU/ARM_GCC_Support/ewl/lib/armv6-m\libc.a(errno.o)

.debug_str      0x00000000     0x1a8d
 .debug_str     0x00000000      0x28d ./Project_Settings/Startup_Code/kinetis_sysinit.o
                                0x2b4 (size before relaxing)
 .debug_str     0x0000028d       0x85 ./Project_Settings/Startup_Code/__arm_start.o
                                0x18e (size before relaxing)
 .debug_str     0x00000312       0x41 ./Project_Settings/Startup_Code/__arm_end.o
                                 0xc5 (size before relaxing)
 .debug_str     0x00000353      0x125 ./Sources/user_interface.o
                                0x24f (size before relaxing)
 .debug_str     0x00000478      0x2a7 ./Sources/mcg.o
                                0x4c8 (size before relaxing)
 .debug_str     0x0000071f       0x26 ./Sources/main.o
                                0x1cc (size before relaxing)
 .debug_str     0x00000745       0x4d ./Sources/halLCD.o
                                0x227 (size before relaxing)
 .debug_str     0x00000792      0x186 ./Sources/halGPIO.o
                                0x3d6 (size before relaxing)
 .debug_str     0x00000918       0x55 ./Sources/convertToAscii.o
                                0x170 (size before relaxing)
 .debug_str     0x0000096d       0x9c ./Sources/arm_cm0.o
                                0x226 (size before relaxing)
 .debug_str     0x00000a09      0x30b ./Sources/UART.o
                                0x5fa (size before relaxing)
 .debug_str     0x00000d14       0x2b ./Sources/Fsm.o
                                0x21e (size before relaxing)
 .debug_str     0x00000d3f       0x88 ./Sources/BoardSupport.o
                                0x664 (size before relaxing)
 .debug_str     0x00000dc7      0x130 ./Sources/ADCandDAC.o
                                0x660 (size before relaxing)
 .debug_str     0x00000ef7       0x48 C:/CodeWarrior/CW MCU v10.6/MCU/ARM_GCC_Support/ewl/lib/armv6-m\libc.a(exit.o)
                                0x157 (size before relaxing)
 .debug_str     0x00000f3f       0x23 C:/CodeWarrior/CW MCU v10.6/MCU/ARM_GCC_Support/ewl/lib/armv6-m\libc.a(memcpy.o)
                                0x138 (size before relaxing)
 .debug_str     0x00000f62       0x1c C:/CodeWarrior/CW MCU v10.6/MCU/ARM_GCC_Support/ewl/lib/armv6-m\libc.a(memset.o)
                                0x140 (size before relaxing)
 .debug_str     0x00000f7e      0x23b C:/CodeWarrior/CW MCU v10.6/MCU/ARM_GCC_Support/ewl/lib/armv6-m\libc.a(printformat_.o)
                                0x3b3 (size before relaxing)
 .debug_str     0x000011b9      0x17f C:/CodeWarrior/CW MCU v10.6/MCU/ARM_GCC_Support/ewl/lib/armv6-m\libc.a(scanformat_.o)
                                0x3f9 (size before relaxing)
 .debug_str     0x00001338       0x9d C:/CodeWarrior/CW MCU v10.6/MCU/ARM_GCC_Support/ewl/lib/armv6-m\libc.a(ctype_aeabi.o)
                                0x1bc (size before relaxing)
 .debug_str     0x000013d5       0x5b C:/CodeWarrior/CW MCU v10.6/MCU/ARM_GCC_Support/ewl/lib/armv6-m\libc.a(__strtoul.o)
                                0x1fb (size before relaxing)
 .debug_str     0x00001430       0x25 C:/CodeWarrior/CW MCU v10.6/MCU/ARM_GCC_Support/ewl/lib/armv6-m\libc.a(__filll_mem.o)
                                0x152 (size before relaxing)
 .debug_str     0x00001455       0x1c C:/CodeWarrior/CW MCU v10.6/MCU/ARM_GCC_Support/ewl/lib/armv6-m\libc.a(memchr.o)
                                0x148 (size before relaxing)
 .debug_str     0x00001471       0x1c C:/CodeWarrior/CW MCU v10.6/MCU/ARM_GCC_Support/ewl/lib/armv6-m\libc.a(strchr.o)
                                0x137 (size before relaxing)
 .debug_str     0x0000148d       0x1c C:/CodeWarrior/CW MCU v10.6/MCU/ARM_GCC_Support/ewl/lib/armv6-m\libc.a(strlen.o)
                                0x140 (size before relaxing)
 .debug_str     0x000014a9       0x17 C:/CodeWarrior/CW MCU v10.6/MCU/ARM_GCC_Support/ewl/lib/armv6-m\libm.a(w_pow.o)
                                0x125 (size before relaxing)
 .debug_str     0x000014c0       0x8d C:/CodeWarrior/CW MCU v10.6/MCU/ARM_GCC_Support/ewl/lib/armv6-m\libm.a(e_pow.o)
                                0x1cd (size before relaxing)
 .debug_str     0x0000154d       0xf9 C:/CodeWarrior/CW MCU v10.6/MCU/ARM_GCC_Support/ewl/lib/armv6-m\libm.a(float.o)
                                0x225 (size before relaxing)
 .debug_str     0x00001646       0xe0 C:/CodeWarrior/CW MCU v10.6/MCU/ARM_GCC_Support/ewl/lib/armv6-m\libm.a(math_api.o)
                                0x228 (size before relaxing)
 .debug_str     0x00001726       0x25 C:/CodeWarrior/CW MCU v10.6/MCU/ARM_GCC_Support/ewl/lib/armv6-m\libm.a(scalbn.o)
                                0x13f (size before relaxing)
 .debug_str     0x0000174b       0x12 C:/CodeWarrior/CW MCU v10.6/MCU/ARM_GCC_Support/ewl/lib/armv6-m\libm.a(w_sqrt.o)
                                0x12b (size before relaxing)
 .debug_str     0x0000175d       0x21 C:/CodeWarrior/CW MCU v10.6/MCU/ARM_GCC_Support/ewl/lib/armv6-m\libm.a(e_sqrt.o)
                                0x17e (size before relaxing)
 .debug_str     0x0000177e       0x24 C:/CodeWarrior/CW MCU v10.6/MCU/ARM_GCC_Support/ewl/lib/armv6-m\libm.a(s_frexp.o)
                                0x15d (size before relaxing)
 .debug_str     0x000017a2       0x20 C:/CodeWarrior/CW MCU v10.6/MCU/ARM_GCC_Support/ewl/lib/armv6-m\libm.a(s_ldexp.o)
                                0x164 (size before relaxing)
 .debug_str     0x000017c2      0x126 C:/CodeWarrior/CW MCU v10.6/MCU/ARM_GCC_Support/ewl/lib/armv6-m\librt.a(gcc_ctor_dtor.o)
                                0x181 (size before relaxing)
 .debug_str     0x000018e8       0x9b C:/CodeWarrior/CW MCU v10.6/MCU/ARM_GCC_Support/ewl/lib/armv6-m\librt.a(ROMCopy.o)
                                0x13c (size before relaxing)
 .debug_str     0x00001983       0xf8 C:/CodeWarrior/CW MCU v10.6/MCU/ARM_GCC_Support/ewl/lib/armv6-m\librt.a(__arm_eabi_init.o)
                                0x1b5 (size before relaxing)
 .debug_str     0x00001a7b       0x12 C:/CodeWarrior/CW MCU v10.6/MCU/ARM_GCC_Support/ewl/lib/armv6-m\libc.a(errno.o)
                                0x12c (size before relaxing)

.comment        0x00000000       0x79
 .comment       0x00000000       0x79 ./Project_Settings/Startup_Code/kinetis_sysinit.o
                                 0x7a (size before relaxing)
 .comment       0x00000000       0x7a ./Project_Settings/Startup_Code/__arm_start.o
 .comment       0x00000000       0x7a ./Project_Settings/Startup_Code/__arm_end.o
 .comment       0x00000000       0x7a ./Sources/user_interface.o
 .comment       0x00000000       0x7a ./Sources/mcg.o
 .comment       0x00000000       0x7a ./Sources/main.o
 .comment       0x00000000       0x7a ./Sources/halLCD.o
 .comment       0x00000000       0x7a ./Sources/halGPIO.o
 .comment       0x00000000       0x7a ./Sources/convertToAscii.o
 .comment       0x00000000       0x7a ./Sources/arm_cm0.o
 .comment       0x00000000       0x7a ./Sources/UART.o
 .comment       0x00000000       0x7a ./Sources/Fsm.o
 .comment       0x00000000       0x7a ./Sources/BoardSupport.o
 .comment       0x00000000       0x7a ./Sources/ADCandDAC.o
 .comment       0x00000000       0x7a C:/CodeWarrior/CW MCU v10.6/MCU/ARM_GCC_Support/ewl/lib/armv6-m\libc.a(exit.o)
 .comment       0x00000000       0x7a C:/CodeWarrior/CW MCU v10.6/MCU/ARM_GCC_Support/ewl/lib/armv6-m\libc.a(memcpy.o)
 .comment       0x00000000       0x7a C:/CodeWarrior/CW MCU v10.6/MCU/ARM_GCC_Support/ewl/lib/armv6-m\libc.a(memset.o)
 .comment       0x00000000       0x7a C:/CodeWarrior/CW MCU v10.6/MCU/ARM_GCC_Support/ewl/lib/armv6-m\libc.a(printformat_.o)
 .comment       0x00000000       0x7a C:/CodeWarrior/CW MCU v10.6/MCU/ARM_GCC_Support/ewl/lib/armv6-m\libc.a(scanformat_.o)
 .comment       0x00000000       0x7a C:/CodeWarrior/CW MCU v10.6/MCU/ARM_GCC_Support/ewl/lib/armv6-m\libc.a(ctype_aeabi.o)
 .comment       0x00000000       0x7a C:/CodeWarrior/CW MCU v10.6/MCU/ARM_GCC_Support/ewl/lib/armv6-m\libc.a(__strtoul.o)
 .comment       0x00000000       0x7a C:/CodeWarrior/CW MCU v10.6/MCU/ARM_GCC_Support/ewl/lib/armv6-m\libc.a(__filll_mem.o)
 .comment       0x00000000       0x7a C:/CodeWarrior/CW MCU v10.6/MCU/ARM_GCC_Support/ewl/lib/armv6-m\libc.a(memchr.o)
 .comment       0x00000000       0x7a C:/CodeWarrior/CW MCU v10.6/MCU/ARM_GCC_Support/ewl/lib/armv6-m\libc.a(strchr.o)
 .comment       0x00000000       0x7a C:/CodeWarrior/CW MCU v10.6/MCU/ARM_GCC_Support/ewl/lib/armv6-m\libc.a(strlen.o)
 .comment       0x00000000       0x7a C:/CodeWarrior/CW MCU v10.6/MCU/ARM_GCC_Support/ewl/lib/armv6-m\libm.a(w_pow.o)
 .comment       0x00000000       0x7a C:/CodeWarrior/CW MCU v10.6/MCU/ARM_GCC_Support/ewl/lib/armv6-m\libm.a(e_pow.o)
 .comment       0x00000000       0x7a C:/CodeWarrior/CW MCU v10.6/MCU/ARM_GCC_Support/ewl/lib/armv6-m\libm.a(float.o)
 .comment       0x00000000       0x7a C:/CodeWarrior/CW MCU v10.6/MCU/ARM_GCC_Support/ewl/lib/armv6-m\libm.a(math_api.o)
 .comment       0x00000000       0x7a C:/CodeWarrior/CW MCU v10.6/MCU/ARM_GCC_Support/ewl/lib/armv6-m\libm.a(scalbn.o)
 .comment       0x00000000       0x7a C:/CodeWarrior/CW MCU v10.6/MCU/ARM_GCC_Support/ewl/lib/armv6-m\libm.a(w_sqrt.o)
 .comment       0x00000000       0x7a C:/CodeWarrior/CW MCU v10.6/MCU/ARM_GCC_Support/ewl/lib/armv6-m\libm.a(e_sqrt.o)
 .comment       0x00000000       0x7a C:/CodeWarrior/CW MCU v10.6/MCU/ARM_GCC_Support/ewl/lib/armv6-m\libm.a(s_frexp.o)
 .comment       0x00000000       0x7a C:/CodeWarrior/CW MCU v10.6/MCU/ARM_GCC_Support/ewl/lib/armv6-m\libm.a(s_ldexp.o)
 .comment       0x00000000       0x7a C:/CodeWarrior/CW MCU v10.6/MCU/ARM_GCC_Support/ewl/lib/armv6-m\librt.a(gcc_ctor_dtor.o)
 .comment       0x00000000       0x7a C:/CodeWarrior/CW MCU v10.6/MCU/ARM_GCC_Support/ewl/lib/armv6-m\librt.a(ROMCopy.o)
 .comment       0x00000000       0x7a C:/CodeWarrior/CW MCU v10.6/MCU/ARM_GCC_Support/ewl/lib/armv6-m\librt.a(__arm_eabi_init.o)
 .comment       0x00000000       0x7a C:/CodeWarrior/CW MCU v10.6/MCU/ARM_GCC_Support/ewl/lib/armv6-m\libc.a(errno.o)

.debug_frame    0x00000000     0x1590
 .debug_frame   0x00000000       0x48 ./Project_Settings/Startup_Code/kinetis_sysinit.o
 .debug_frame   0x00000048       0x4c ./Project_Settings/Startup_Code/__arm_start.o
 .debug_frame   0x00000094       0x30 ./Project_Settings/Startup_Code/__arm_end.o
 .debug_frame   0x000000c4       0xcc ./Sources/user_interface.o
 .debug_frame   0x00000190      0x3ac ./Sources/mcg.o
 .debug_frame   0x0000053c       0x30 ./Sources/main.o
 .debug_frame   0x0000056c       0xac ./Sources/halLCD.o
 .debug_frame   0x00000618      0x184 ./Sources/halGPIO.o
 .debug_frame   0x0000079c       0x74 ./Sources/convertToAscii.o
 .debug_frame   0x00000810       0xc8 ./Sources/arm_cm0.o
 .debug_frame   0x000008d8       0xd0 ./Sources/UART.o
 .debug_frame   0x000009a8       0x6c ./Sources/Fsm.o
 .debug_frame   0x00000a14      0x138 ./Sources/BoardSupport.o
 .debug_frame   0x00000b4c       0xc8 ./Sources/ADCandDAC.o
 .debug_frame   0x00000c14       0x2c C:/CodeWarrior/CW MCU v10.6/MCU/ARM_GCC_Support/ewl/lib/armv6-m\libc.a(exit.o)
 .debug_frame   0x00000c40       0x28 C:/CodeWarrior/CW MCU v10.6/MCU/ARM_GCC_Support/ewl/lib/armv6-m\libc.a(memcpy.o)
 .debug_frame   0x00000c68       0x28 C:/CodeWarrior/CW MCU v10.6/MCU/ARM_GCC_Support/ewl/lib/armv6-m\libc.a(memset.o)
 .debug_frame   0x00000c90       0x54 C:/CodeWarrior/CW MCU v10.6/MCU/ARM_GCC_Support/ewl/lib/armv6-m\libc.a(printformat_.o)
 .debug_frame   0x00000ce4       0x34 C:/CodeWarrior/CW MCU v10.6/MCU/ARM_GCC_Support/ewl/lib/armv6-m\libc.a(scanformat_.o)
 .debug_frame   0x00000d18      0x158 C:/CodeWarrior/CW MCU v10.6/MCU/ARM_GCC_Support/ewl/lib/armv6-m\libc.a(ctype_aeabi.o)
 .debug_frame   0x00000e70       0x30 C:/CodeWarrior/CW MCU v10.6/MCU/ARM_GCC_Support/ewl/lib/armv6-m\libc.a(__strtoul.o)
 .debug_frame   0x00000ea0       0x2c C:/CodeWarrior/CW MCU v10.6/MCU/ARM_GCC_Support/ewl/lib/armv6-m\libc.a(__filll_mem.o)
 .debug_frame   0x00000ecc       0x28 C:/CodeWarrior/CW MCU v10.6/MCU/ARM_GCC_Support/ewl/lib/armv6-m\libc.a(memchr.o)
 .debug_frame   0x00000ef4       0x28 C:/CodeWarrior/CW MCU v10.6/MCU/ARM_GCC_Support/ewl/lib/armv6-m\libc.a(strchr.o)
 .debug_frame   0x00000f1c       0x28 C:/CodeWarrior/CW MCU v10.6/MCU/ARM_GCC_Support/ewl/lib/armv6-m\libc.a(strlen.o)
 .debug_frame   0x00000f44       0x28 C:/CodeWarrior/CW MCU v10.6/MCU/ARM_GCC_Support/ewl/lib/armv6-m\libm.a(w_pow.o)
 .debug_frame   0x00000f6c       0x34 C:/CodeWarrior/CW MCU v10.6/MCU/ARM_GCC_Support/ewl/lib/armv6-m\libm.a(e_pow.o)
 .debug_frame   0x00000fa0       0xe0 C:/CodeWarrior/CW MCU v10.6/MCU/ARM_GCC_Support/ewl/lib/armv6-m\libm.a(math_api.o)
 .debug_frame   0x00001080       0x2c C:/CodeWarrior/CW MCU v10.6/MCU/ARM_GCC_Support/ewl/lib/armv6-m\libm.a(scalbn.o)
 .debug_frame   0x000010ac       0x28 C:/CodeWarrior/CW MCU v10.6/MCU/ARM_GCC_Support/ewl/lib/armv6-m\libm.a(w_sqrt.o)
 .debug_frame   0x000010d4       0x30 C:/CodeWarrior/CW MCU v10.6/MCU/ARM_GCC_Support/ewl/lib/armv6-m\libm.a(e_sqrt.o)
 .debug_frame   0x00001104       0x2c C:/CodeWarrior/CW MCU v10.6/MCU/ARM_GCC_Support/ewl/lib/armv6-m\libm.a(s_frexp.o)
 .debug_frame   0x00001130       0x30 C:/CodeWarrior/CW MCU v10.6/MCU/ARM_GCC_Support/ewl/lib/armv6-m\libm.a(s_ldexp.o)
 .debug_frame   0x00001160       0x20 c:/codewarrior/cw mcu v10.6/cross_tools/arm-none-eabi-gcc-4_7_3/bin/../lib/gcc/arm-none-eabi/4.7.3/armv6-m\libgcc.a(_udivsi3.o)
 .debug_frame   0x00001180       0x20 c:/codewarrior/cw mcu v10.6/cross_tools/arm-none-eabi-gcc-4_7_3/bin/../lib/gcc/arm-none-eabi/4.7.3/armv6-m\libgcc.a(_divsi3.o)
 .debug_frame   0x000011a0       0x30 c:/codewarrior/cw mcu v10.6/cross_tools/arm-none-eabi-gcc-4_7_3/bin/../lib/gcc/arm-none-eabi/4.7.3/armv6-m\libgcc.a(subsf3.o)
 .debug_frame   0x000011d0       0x28 c:/codewarrior/cw mcu v10.6/cross_tools/arm-none-eabi-gcc-4_7_3/bin/../lib/gcc/arm-none-eabi/4.7.3/armv6-m\libgcc.a(fixsfsi.o)
 .debug_frame   0x000011f8       0x2c c:/codewarrior/cw mcu v10.6/cross_tools/arm-none-eabi-gcc-4_7_3/bin/../lib/gcc/arm-none-eabi/4.7.3/armv6-m\libgcc.a(floatsisf.o)
 .debug_frame   0x00001224       0x3c c:/codewarrior/cw mcu v10.6/cross_tools/arm-none-eabi-gcc-4_7_3/bin/../lib/gcc/arm-none-eabi/4.7.3/armv6-m\libgcc.a(adddf3.o)
 .debug_frame   0x00001260       0x3c c:/codewarrior/cw mcu v10.6/cross_tools/arm-none-eabi-gcc-4_7_3/bin/../lib/gcc/arm-none-eabi/4.7.3/armv6-m\libgcc.a(divdf3.o)
 .debug_frame   0x0000129c       0x34 c:/codewarrior/cw mcu v10.6/cross_tools/arm-none-eabi-gcc-4_7_3/bin/../lib/gcc/arm-none-eabi/4.7.3/armv6-m\libgcc.a(eqdf2.o)
 .debug_frame   0x000012d0       0x38 c:/codewarrior/cw mcu v10.6/cross_tools/arm-none-eabi-gcc-4_7_3/bin/../lib/gcc/arm-none-eabi/4.7.3/armv6-m\libgcc.a(gedf2.o)
 .debug_frame   0x00001308       0x38 c:/codewarrior/cw mcu v10.6/cross_tools/arm-none-eabi-gcc-4_7_3/bin/../lib/gcc/arm-none-eabi/4.7.3/armv6-m\libgcc.a(ledf2.o)
 .debug_frame   0x00001340       0x3c c:/codewarrior/cw mcu v10.6/cross_tools/arm-none-eabi-gcc-4_7_3/bin/../lib/gcc/arm-none-eabi/4.7.3/armv6-m\libgcc.a(muldf3.o)
 .debug_frame   0x0000137c       0x38 c:/codewarrior/cw mcu v10.6/cross_tools/arm-none-eabi-gcc-4_7_3/bin/../lib/gcc/arm-none-eabi/4.7.3/armv6-m\libgcc.a(subdf3.o)
 .debug_frame   0x000013b4       0x30 c:/codewarrior/cw mcu v10.6/cross_tools/arm-none-eabi-gcc-4_7_3/bin/../lib/gcc/arm-none-eabi/4.7.3/armv6-m\libgcc.a(floatsidf.o)
 .debug_frame   0x000013e4       0x2c c:/codewarrior/cw mcu v10.6/cross_tools/arm-none-eabi-gcc-4_7_3/bin/../lib/gcc/arm-none-eabi/4.7.3/armv6-m\libgcc.a(extendsfdf2.o)
 .debug_frame   0x00001410       0x30 c:/codewarrior/cw mcu v10.6/cross_tools/arm-none-eabi-gcc-4_7_3/bin/../lib/gcc/arm-none-eabi/4.7.3/armv6-m\libgcc.a(truncdfsf2.o)
 .debug_frame   0x00001440       0x40 C:/CodeWarrior/CW MCU v10.6/MCU/ARM_GCC_Support/ewl/lib/armv6-m\librt.a(gcc_ctor_dtor.o)
 .debug_frame   0x00001480       0x54 C:/CodeWarrior/CW MCU v10.6/MCU/ARM_GCC_Support/ewl/lib/armv6-m\librt.a(ROMCopy.o)
 .debug_frame   0x000014d4       0xbc C:/CodeWarrior/CW MCU v10.6/MCU/ARM_GCC_Support/ewl/lib/armv6-m\librt.a(__arm_eabi_init.o)
